Archive member included to satisfy reference by file (symbol)

/Applications/STM32CubeIDE.app/Contents/Eclipse/plugins/com.st.stm32cube.ide.mcu.externaltools.gnu-tools-for-stm32.14.3.rel1.macosaarch64_1.0.0.202602081740/tools/bin/../lib/gcc/arm-none-eabi/14.3.1/../../../../arm-none-eabi/lib/thumb/v7e-m+fp/hard/libc_nano.a(libc_a-exit.o)
                              /Applications/STM32CubeIDE.app/Contents/Eclipse/plugins/com.st.stm32cube.ide.mcu.externaltools.gnu-tools-for-stm32.14.3.rel1.macosaarch64_1.0.0.202602081740/tools/bin/../lib/gcc/arm-none-eabi/14.3.1/../../../../arm-none-eabi/lib/thumb/v7e-m+fp/hard/crt0.o (exit)
/Applications/STM32CubeIDE.app/Contents/Eclipse/plugins/com.st.stm32cube.ide.mcu.externaltools.gnu-tools-for-stm32.14.3.rel1.macosaarch64_1.0.0.202602081740/tools/bin/../lib/gcc/arm-none-eabi/14.3.1/../../../../arm-none-eabi/lib/thumb/v7e-m+fp/hard/libc_nano.a(libc_a-malloc.o)
                              ./Middlewares/ST/STM32_USB_Host_Library/Class/CDC/Src/usbh_cdc.o (malloc)
/Applications/STM32CubeIDE.app/Contents/Eclipse/plugins/com.st.stm32cube.ide.mcu.externaltools.gnu-tools-for-stm32.14.3.rel1.macosaarch64_1.0.0.202602081740/tools/bin/../lib/gcc/arm-none-eabi/14.3.1/../../../../arm-none-eabi/lib/thumb/v7e-m+fp/hard/libc_nano.a(libc_a-mallocr.o)
                              /Applications/STM32CubeIDE.app/Contents/Eclipse/plugins/com.st.stm32cube.ide.mcu.externaltools.gnu-tools-for-stm32.14.3.rel1.macosaarch64_1.0.0.202602081740/tools/bin/../lib/gcc/arm-none-eabi/14.3.1/../../../../arm-none-eabi/lib/thumb/v7e-m+fp/hard/libc_nano.a(libc_a-malloc.o) (_malloc_r)
/Applications/STM32CubeIDE.app/Contents/Eclipse/plugins/com.st.stm32cube.ide.mcu.externaltools.gnu-tools-for-stm32.14.3.rel1.macosaarch64_1.0.0.202602081740/tools/bin/../lib/gcc/arm-none-eabi/14.3.1/../../../../arm-none-eabi/lib/thumb/v7e-m+fp/hard/libc_nano.a(libc_a-mlock.o)
                              /Applications/STM32CubeIDE.app/Contents/Eclipse/plugins/com.st.stm32cube.ide.mcu.externaltools.gnu-tools-for-stm32.14.3.rel1.macosaarch64_1.0.0.202602081740/tools/bin/../lib/gcc/arm-none-eabi/14.3.1/../../../../arm-none-eabi/lib/thumb/v7e-m+fp/hard/libc_nano.a(libc_a-mallocr.o) (__malloc_lock)
/Applications/STM32CubeIDE.app/Contents/Eclipse/plugins/com.st.stm32cube.ide.mcu.externaltools.gnu-tools-for-stm32.14.3.rel1.macosaarch64_1.0.0.202602081740/tools/bin/../lib/gcc/arm-none-eabi/14.3.1/../../../../arm-none-eabi/lib/thumb/v7e-m+fp/hard/libc_nano.a(libc_a-findfp.o)
                              ./Middlewares/Third_Party/FreeRTOS/Source/tasks.o (__sf)
/Applications/STM32CubeIDE.app/Contents/Eclipse/plugins/com.st.stm32cube.ide.mcu.externaltools.gnu-tools-for-stm32.14.3.rel1.macosaarch64_1.0.0.202602081740/tools/bin/../lib/gcc/arm-none-eabi/14.3.1/../../../../arm-none-eabi/lib/thumb/v7e-m+fp/hard/libc_nano.a(libc_a-strtol.o)
                              ./Drivers/minmea/minmea.o (strtol)
/Applications/STM32CubeIDE.app/Contents/Eclipse/plugins/com.st.stm32cube.ide.mcu.externaltools.gnu-tools-for-stm32.14.3.rel1.macosaarch64_1.0.0.202602081740/tools/bin/../lib/gcc/arm-none-eabi/14.3.1/../../../../arm-none-eabi/lib/thumb/v7e-m+fp/hard/libc_nano.a(libc_a-fwalk.o)
                              /Applications/STM32CubeIDE.app/Contents/Eclipse/plugins/com.st.stm32cube.ide.mcu.externaltools.gnu-tools-for-stm32.14.3.rel1.macosaarch64_1.0.0.202602081740/tools/bin/../lib/gcc/arm-none-eabi/14.3.1/../../../../arm-none-eabi/lib/thumb/v7e-m+fp/hard/libc_nano.a(libc_a-findfp.o) (_fwalk_sglue)
/Applications/STM32CubeIDE.app/Contents/Eclipse/plugins/com.st.stm32cube.ide.mcu.externaltools.gnu-tools-for-stm32.14.3.rel1.macosaarch64_1.0.0.202602081740/tools/bin/../lib/gcc/arm-none-eabi/14.3.1/../../../../arm-none-eabi/lib/thumb/v7e-m+fp/hard/libc_nano.a(libc_a-memcmp.o)
                              ./Drivers/minmea/minmea.o (memcmp)
/Applications/STM32CubeIDE.app/Contents/Eclipse/plugins/com.st.stm32cube.ide.mcu.externaltools.gnu-tools-for-stm32.14.3.rel1.macosaarch64_1.0.0.202602081740/tools/bin/../lib/gcc/arm-none-eabi/14.3.1/../../../../arm-none-eabi/lib/thumb/v7e-m+fp/hard/libc_nano.a(libc_a-memset.o)
                              /Applications/STM32CubeIDE.app/Contents/Eclipse/plugins/com.st.stm32cube.ide.mcu.externaltools.gnu-tools-for-stm32.14.3.rel1.macosaarch64_1.0.0.202602081740/tools/bin/../lib/gcc/arm-none-eabi/14.3.1/../../../../arm-none-eabi/lib/thumb/v7e-m+fp/hard/crt0.o (memset)
/Applications/STM32CubeIDE.app/Contents/Eclipse/plugins/com.st.stm32cube.ide.mcu.externaltools.gnu-tools-for-stm32.14.3.rel1.macosaarch64_1.0.0.202602081740/tools/bin/../lib/gcc/arm-none-eabi/14.3.1/../../../../arm-none-eabi/lib/thumb/v7e-m+fp/hard/libc_nano.a(libc_a-sbrkr.o)
[...]
Memory Configuration

Name             Origin             Length             Attributes
CCMRAM           0x10000000         0x00010000         xrw
RAM              0x20000000         0x00020000         xrw
FLASH            0x08000000         0x00100000         xr
*default*        0x00000000         0xffffffff

Linker script and memory map

LOAD /Applications/STM32CubeIDE.app/Contents/Eclipse/plugins/com.st.stm32cube.ide.mcu.externaltools.gnu-tools-for-stm32.14.3.rel1.macosaarch64_1.0.0.202602081740/tools/bin/../lib/gcc/arm-none-eabi/14.3.1/thumb/v7e-m+fp/hard/crti.o
LOAD /Applications/STM32CubeIDE.app/Contents/Eclipse/plugins/com.st.stm32cube.ide.mcu.externaltools.gnu-tools-for-stm32.14.3.rel1.macosaarch64_1.0.0.202602081740/tools/bin/../lib/gcc/arm-none-eabi/14.3.1/thumb/v7e-m+fp/hard/crtbegin.o
LOAD /Applications/STM32CubeIDE.app/Contents/Eclipse/plugins/com.st.stm32cube.ide.mcu.externaltools.gnu-tools-for-stm32.14.3.rel1.macosaarch64_1.0.0.202602081740/tools/bin/../lib/gcc/arm-none-eabi/14.3.1/../../../../arm-none-eabi/lib/thumb/v7e-m+fp/hard/crt0.o
LOAD ./App/Src/task_gps.o
LOAD ./App/Src/task_imu.o
LOAD ./Core/Src/freertos.o
LOAD ./Core/Src/main.o
LOAD ./Core/Src/stm32f4xx_hal_msp.o
LOAD ./Core/Src/stm32f4xx_hal_timebase_tim.o
LOAD ./Core/Src/stm32f4xx_it.o
LOAD ./Core/Src/syscalls.o
LOAD ./Core/Src/sysmem.o
LOAD ./Core/Src/system_stm32f4xx.o
LOAD ./Core/Startup/startup_stm32f407vgtx.o
LOAD ./Drivers/STM32F4xx_HAL_Driver/Src/stm32f4xx_hal.o
LOAD ./Drivers/STM32F4xx_HAL_Driver/Src/stm32f4xx_hal_cortex.o
LOAD ./Drivers/STM32F4xx_HAL_Driver/Src/stm32f4xx_hal_dma.o
LOAD ./Drivers/STM32F4xx_HAL_Driver/Src/stm32f4xx_hal_dma_ex.o
LOAD ./Drivers/STM32F4xx_HAL_Driver/Src/stm32f4xx_hal_exti.o
LOAD ./Drivers/STM32F4xx_HAL_Driver/Src/stm32f4xx_hal_flash.o
LOAD ./Drivers/STM32F4xx_HAL_Driver/Src/stm32f4xx_hal_flash_ex.o
LOAD ./Drivers/STM32F4xx_HAL_Driver/Src/stm32f4xx_hal_flash_ramfunc.o
LOAD ./Drivers/STM32F4xx_HAL_Driver/Src/stm32f4xx_hal_gpio.o
LOAD ./Drivers/STM32F4xx_HAL_Driver/Src/stm32f4xx_hal_hcd.o
LOAD ./Drivers/STM32F4xx_HAL_Driver/Src/stm32f4xx_hal_i2s.o
LOAD ./Drivers/STM32F4xx_HAL_Driver/Src/stm32f4xx_hal_i2s_ex.o
LOAD ./Drivers/STM32F4xx_HAL_Driver/Src/stm32f4xx_hal_pwr.o
LOAD ./Drivers/STM32F4xx_HAL_Driver/Src/stm32f4xx_hal_pwr_ex.o
LOAD ./Drivers/STM32F4xx_HAL_Driver/Src/stm32f4xx_hal_rcc.o
LOAD ./Drivers/STM32F4xx_HAL_Driver/Src/stm32f4xx_hal_rcc_ex.o
LOAD ./Drivers/STM32F4xx_HAL_Driver/Src/stm32f4xx_hal_spi.o
LOAD ./Drivers/STM32F4xx_HAL_Driver/Src/stm32f4xx_hal_tim.o
LOAD ./Drivers/STM32F4xx_HAL_Driver/Src/stm32f4xx_hal_tim_ex.o
LOAD ./Drivers/STM32F4xx_HAL_Driver/Src/stm32f4xx_hal_uart.o
LOAD ./Drivers/STM32F4xx_HAL_Driver/Src/stm32f4xx_ll_usb.o
LOAD ./Drivers/minmea/minmea.o
LOAD ./Middlewares/ST/STM32_USB_Host_Library/Class/CDC/Src/usbh_cdc.o
LOAD ./Middlewares/ST/STM32_USB_Host_Library/Core/Src/usbh_core.o
LOAD ./Middlewares/ST/STM32_USB_Host_Library/Core/Src/usbh_ctlreq.o
LOAD ./Middlewares/ST/STM32_USB_Host_Library/Core/Src/usbh_ioreq.o
LOAD ./Middlewares/ST/STM32_USB_Host_Library/Core/Src/usbh_pipes.o
LOAD ./Middlewares/Third_Party/FreeRTOS/Source/CMSIS_RTOS_V2/cmsis_os2.o
LOAD ./Middlewares/Third_Party/FreeRTOS/Source/croutine.o
LOAD ./Middlewares/Third_Party/FreeRTOS/Source/event_groups.o
LOAD ./Middlewares/Third_Party/FreeRTOS/Source/list.o
LOAD ./Middlewares/Third_Party/FreeRTOS/Source/queue.o
LOAD ./Middlewares/Third_Party/FreeRTOS/Source/stream_buffer.o
LOAD ./Middlewares/Third_Party/FreeRTOS/Source/tasks.o
LOAD ./Middlewares/Third_Party/FreeRTOS/Source/timers.o
LOAD ./Middlewares/Third_Party/FreeRTOS/Source/portable/GCC/ARM_CM4F/port.o
LOAD ./Middlewares/Third_Party/FreeRTOS/Source/portable/MemMang/heap_4.o
LOAD ./USB_HOST/App/usb_host.o
LOAD ./USB_HOST/Target/usbh_conf.o
LOAD ./USB_HOST/Target/usbh_platform.o
START GROUP
LOAD /Applications/STM32CubeIDE.app/Contents/Eclipse/plugins/com.st.stm32cube.ide.mcu.externaltools.gnu-tools-for-stm32.14.3.rel1.macosaarch64_1.0.0.202602081740/tools/bin/../lib/gcc/arm-none-eabi/14.3.1/../../../../arm-none-eabi/lib/thumb/v7e-m+fp/hard/libc_nano.a
LOAD /Applications/STM32CubeIDE.app/Contents/Eclipse/plugins/com.st.stm32cube.ide.mcu.externaltools.gnu-tools-for-stm32.14.3.rel1.macosaarch64_1.0.0.202602081740/tools/bin/../lib/gcc/arm-none-eabi/14.3.1/../../../../arm-none-eabi/lib/thumb/v7e-m+fp/hard/libm.a
END GROUP
START GROUP
LOAD /Applications/STM32CubeIDE.app/Contents/Eclipse/plugins/com.st.stm32cube.ide.mcu.externaltools.gnu-tools-for-stm32.14.3.rel1.macosaarch64_1.0.0.202602081740/tools/bin/../lib/gcc/arm-none-eabi/14.3.1/thumb/v7e-m+fp/hard/libgcc.a
LOAD /Applications/STM32CubeIDE.app/Contents/Eclipse/plugins/com.st.stm32cube.ide.mcu.externaltools.gnu-tools-for-stm32.14.3.rel1.macosaarch64_1.0.0.202602081740/tools/bin/../lib/gcc/arm-none-eabi/14.3.1/../../../../arm-none-eabi/lib/thumb/v7e-m+fp/hard/libc_nano.a
END GROUP
START GROUP
LOAD /Applications/STM32CubeIDE.app/Contents/Eclipse/plugins/com.st.stm32cube.ide.mcu.externaltools.gnu-tools-for-stm32.14.3.rel1.macosaarch64_1.0.0.202602081740/tools/bin/../lib/gcc/arm-none-eabi/14.3.1/thumb/v7e-m+fp/hard/libgcc.a
LOAD /Applications/STM32CubeIDE.app/Contents/Eclipse/plugins/com.st.stm32cube.ide.mcu.externaltools.gnu-tools-for-stm32.14.3.rel1.macosaarch64_1.0.0.202602081740/tools/bin/../lib/gcc/arm-none-eabi/14.3.1/../../../../arm-none-eabi/lib/thumb/v7e-m+fp/hard/libc_nano.a
LOAD /Applications/STM32CubeIDE.app/Contents/Eclipse/plugins/com.st.stm32cube.ide.mcu.externaltools.gnu-tools-for-stm32.14.3.rel1.macosaarch64_1.0.0.202602081740/tools/bin/../lib/gcc/arm-none-eabi/14.3.1/../../../../arm-none-eabi/lib/thumb/v7e-m+fp/hard/libnosys.a
END GROUP
START GROUP
LOAD /Applications/STM32CubeIDE.app/Contents/Eclipse/plugins/com.st.stm32cube.ide.mcu.externaltools.gnu-tools-for-stm32.14.3.rel1.macosaarch64_1.0.0.202602081740/tools/bin/../lib/gcc/arm-none-eabi/14.3.1/thumb/v7e-m+fp/hard/libgcc.a
LOAD /Applications/STM32CubeIDE.app/Contents/Eclipse/plugins/com.st.stm32cube.ide.mcu.externaltools.gnu-tools-for-stm32.14.3.rel1.macosaarch64_1.0.0.202602081740/tools/bin/../lib/gcc/arm-none-eabi/14.3.1/../../../../arm-none-eabi/lib/thumb/v7e-m+fp/hard/libc_nano.a
LOAD /Applications/STM32CubeIDE.app/Contents/Eclipse/plugins/com.st.stm32cube.ide.mcu.externaltools.gnu-tools-for-stm32.14.3.rel1.macosaarch64_1.0.0.202602081740/tools/bin/../lib/gcc/arm-none-eabi/14.3.1/../../../../arm-none-eabi/lib/thumb/v7e-m+fp/hard/libnosys.a
END GROUP
LOAD /Applications/STM32CubeIDE.app/Contents/Eclipse/plugins/com.st.stm32cube.ide.mcu.externaltools.gnu-tools-for-stm32.14.3.rel1.macosaarch64_1.0.0.202602081740/tools/bin/../lib/gcc/arm-none-eabi/14.3.1/thumb/v7e-m+fp/hard/crtend.o
LOAD /Applications/STM32CubeIDE.app/Contents/Eclipse/plugins/com.st.stm32cube.ide.mcu.externaltools.gnu-tools-for-stm32.14.3.rel1.macosaarch64_1.0.0.202602081740/tools/bin/../lib/gcc/arm-none-eabi/14.3.1/thumb/v7e-m+fp/hard/crtn.o
                0x20020000                        _estack = (ORIGIN (RAM) + LENGTH (RAM))
                0x00000200                        _Min_Heap_Size = 0x200
                0x00000400                        _Min_Stack_Size = 0x400

.isr_vector     0x08000000      0x188
                0x08000000                        . = ALIGN (0x4)
 *(.isr_vector)
 .isr_vector    0x08000000      0x188 ./Core/Startup/startup_stm32f407vgtx.o
                0x08000000                g_pfnVectors
                0x08000188                        . = ALIGN (0x4)

.text           0x08000190     0xedb4
                0x08000190                        . = ALIGN (0x4)
 *(.text)
 .text          0x08000190       0x40 /Applications/STM32CubeIDE.app/Contents/Eclipse/plugins/com.st.stm32cube.ide.mcu.externaltools.gnu-tools-for-stm32.14.3.rel1.macosaarch64_1.0.0.202602081740/tools/bin/../lib/gcc/arm-none-eabi/14.3.1/thumb/v7e-m+fp/hard/crtbegin.o
 .text          0x080001d0       0x10 /Applications/STM32CubeIDE.app/Contents/Eclipse/plugins/com.st.stm32cube.ide.mcu.externaltools.gnu-tools-for-stm32.14.3.rel1.macosaarch64_1.0.0.202602081740/tools/bin/../lib/gcc/arm-none-eabi/14.3.1/../../../../arm-none-eabi/lib/thumb/v7e-m+fp/hard/libc_nano.a(libc_a-strlen.o)
                0x080001d0                strlen
 .text          0x080001e0       0x30 /Applications/STM32CubeIDE.app/Contents/Eclipse/plugins/com.st.stm32cube.ide.mcu.externaltools.gnu-tools-for-stm32.14.3.rel1.macosaarch64_1.0.0.202602081740/tools/bin/../lib/gcc/arm-none-eabi/14.3.1/thumb/v7e-m+fp/hard/libgcc.a(_aeabi_uldivmod.o)
                0x080001e0                __aeabi_uldivmod
 .text          0x08000210      0x2f8 /Applications/STM32CubeIDE.app/Contents/Eclipse/plugins/com.st.stm32cube.ide.mcu.externaltools.gnu-tools-for-stm32.14.3.rel1.macosaarch64_1.0.0.202602081740/tools/bin/../lib/gcc/arm-none-eabi/14.3.1/thumb/v7e-m+fp/hard/libgcc.a(_udivmoddi4.o)
                0x08000210                __udivmoddi4
 .text          0x08000508        0x4 /Applications/STM32CubeIDE.app/Contents/Eclipse/plugins/com.st.stm32cube.ide.mcu.externaltools.gnu-tools-for-stm32.14.3.rel1.macosaarch64_1.0.0.202602081740/tools/bin/../lib/gcc/arm-none-eabi/14.3.1/thumb/v7e-m+fp/hard/libgcc.a(_dvmd_tls.o)
                0x08000508                __aeabi_ldiv0
                0x08000508                __aeabi_idiv0
 *(.text*)
 .text.taskGPS  0x0800050c       0x7c ./App/Src/task_gps.o
                0x0800050c                taskGPS
 .text.sendCommand
                0x08000588       0x28 ./App/Src/task_gps.o
                0x08000588                sendCommand
 .text.gpsInit  0x080005b0       0x28 ./App/Src/task_gps.o
                0x080005b0                gpsInit
 .text.taskIMU  0x080005d8       0x64 ./App/Src/task_imu.o
                0x080005d8                taskIMU
 .text.HAL_UART_RxCpltCallback
                0x0800063c       0x50 ./App/Src/task_imu.o
                0x0800063c                HAL_UART_RxCpltCallback
 .text.verifyCheckSum
                0x0800068c       0x4a ./App/Src/task_imu.o
                0x0800068c                verifyCheckSum
 *fill*         0x080006d6        0x2 
 .text.main     0x080006d8       0xac ./Core/Src/main.o
                0x080006d8                main
 .text.SystemClock_Config
                0x08000784       0xd4 ./Core/Src/main.o
                0x08000784                SystemClock_Config
 .text.MX_I2S3_Init
                0x08000858       0x60 ./Core/Src/main.o
 .text.MX_SPI1_Init
                0x080008b8       0x6c ./Core/Src/main.o
 .text.MX_TIM2_Init
                0x08000924       0x98 ./Core/Src/main.o
 .text.MX_USART1_UART_Init
                0x080009bc       0x54 ./Core/Src/main.o
 .text.MX_USART2_UART_Init
                0x08000a10       0x54 ./Core/Src/main.o
 .text.MX_USART3_UART_Init
                0x08000a64       0x54 ./Core/Src/main.o
 .text.MX_DMA_Init
                0x08000ab8       0x6c ./Core/Src/main.o
 .text.MX_GPIO_Init
                0x08000b24      0x21c ./Core/Src/main.o
 .text.StartDefaultTask
                0x08000d40       0x14 ./Core/Src/main.o
                0x08000d40                StartDefaultTask
 .text.HAL_TIM_PeriodElapsedCallback
                0x08000d54       0x24 ./Core/Src/main.o
                0x08000d54                HAL_TIM_PeriodElapsedCallback
 .text.Error_Handler
                0x08000d78        0xc ./Core/Src/main.o
                0x08000d78                Error_Handler
 .text.HAL_MspInit
                0x08000d84       0x58 ./Core/Src/stm32f4xx_hal_msp.o
                0x08000d84                HAL_MspInit
 .text.HAL_I2S_MspInit
                0x08000ddc      0x100 ./Core/Src/stm32f4xx_hal_msp.o
                0x08000ddc                HAL_I2S_MspInit
 .text.HAL_SPI_MspInit
                0x08000edc       0x90 ./Core/Src/stm32f4xx_hal_msp.o
                0x08000edc                HAL_SPI_MspInit
 .text.HAL_TIM_Base_MspInit
                0x08000f6c       0x40 ./Core/Src/stm32f4xx_hal_msp.o
                0x08000f6c                HAL_TIM_Base_MspInit
 .text.HAL_UART_MspInit
                0x08000fac      0x270 ./Core/Src/stm32f4xx_hal_msp.o
                0x08000fac                HAL_UART_MspInit
 .text.HAL_InitTick
                0x0800121c       0xf8 ./Core/Src/stm32f4xx_hal_timebase_tim.o
                0x0800121c                HAL_InitTick
 .text.NMI_Handler
                0x08001314        0x8 ./Core/Src/stm32f4xx_it.o
                0x08001314                NMI_Handler
 .text.HardFault_Handler
                0x0800131c        0x8 ./Core/Src/stm32f4xx_it.o
                0x0800131c                HardFault_Handler
 .text.MemManage_Handler
                0x08001324        0x8 ./Core/Src/stm32f4xx_it.o
                0x08001324                MemManage_Handler
 .text.BusFault_Handler
                0x0800132c        0x8 ./Core/Src/stm32f4xx_it.o
                0x0800132c                BusFault_Handler
 .text.UsageFault_Handler
                0x08001334        0x8 ./Core/Src/stm32f4xx_it.o
                0x08001334                UsageFault_Handler
 .text.DebugMon_Handler
                0x0800133c        0xe ./Core/Src/stm32f4xx_it.o
                0x0800133c                DebugMon_Handler
 *fill*         0x0800134a        0x2 
 .text.DMA1_Stream5_IRQHandler
                0x0800134c       0x14 ./Core/Src/stm32f4xx_it.o
                0x0800134c                DMA1_Stream5_IRQHandler
 .text.TIM6_DAC_IRQHandler
                0x08001360       0x14 ./Core/Src/stm32f4xx_it.o
                0x08001360                TIM6_DAC_IRQHandler
 .text.DMA2_Stream2_IRQHandler
                0x08001374       0x14 ./Core/Src/stm32f4xx_it.o
                0x08001374                DMA2_Stream2_IRQHandler
 .text.OTG_FS_IRQHandler
                0x08001388       0x14 ./Core/Src/stm32f4xx_it.o
                0x08001388                OTG_FS_IRQHandler
 .text.USART2_IRQHandler
                0x0800139c       0x7c ./Core/Src/stm32f4xx_it.o
                0x0800139c                USART2_IRQHandler
 .text._sbrk    0x08001418       0x6c ./Core/Src/sysmem.o
                0x08001418                _sbrk
 .text.SystemInit
                0x08001484       0x24 ./Core/Src/system_stm32f4xx.o
                0x08001484                SystemInit
 .text.Reset_Handler
                0x080014a8       0x50 ./Core/Startup/startup_stm32f407vgtx.o
                0x080014a8                Reset_Handler
 .text.Default_Handler
                0x080014f8        0x2 ./Core/Startup/startup_stm32f407vgtx.o
                0x080014f8                DMA1_Stream3_IRQHandler
                0x080014f8                HASH_RNG_IRQHandler
                0x080014f8                EXTI2_IRQHandler
                0x080014f8                TIM8_CC_IRQHandler
                0x080014f8                TIM1_CC_IRQHandler
                0x080014f8                DMA2_Stream5_IRQHandler
                0x080014f8                PVD_IRQHandler
                0x080014f8                SDIO_IRQHandler
                0x080014f8                TAMP_STAMP_IRQHandler
                0x080014f8                CAN2_RX1_IRQHandler
                0x080014f8                EXTI3_IRQHandler
                0x080014f8                TIM8_TRG_COM_TIM14_IRQHandler
                0x080014f8                TIM1_UP_TIM10_IRQHandler
                0x080014f8                TIM8_UP_TIM13_IRQHandler
                0x080014f8                I2C3_ER_IRQHandler
                0x080014f8                EXTI0_IRQHandler
                0x080014f8                I2C2_EV_IRQHandler
                0x080014f8                DMA1_Stream2_IRQHandler
                0x080014f8                CAN1_RX0_IRQHandler
                0x080014f8                FPU_IRQHandler
                0x080014f8                OTG_HS_WKUP_IRQHandler
                0x080014f8                CAN2_SCE_IRQHandler
                0x080014f8                SPI1_IRQHandler
                0x080014f8                TIM1_BRK_TIM9_IRQHandler
                0x080014f8                DCMI_IRQHandler
                0x080014f8                CAN2_RX0_IRQHandler
                0x080014f8                DMA2_Stream3_IRQHandler
                0x080014f8                USART6_IRQHandler
                0x080014f8                USART3_IRQHandler
                0x080014f8                CAN1_RX1_IRQHandler
                0x080014f8                UART5_IRQHandler
                0x080014f8                DMA2_Stream0_IRQHandler
                0x080014f8                TIM4_IRQHandler
                0x080014f8                I2C1_EV_IRQHandler
                0x080014f8                DMA1_Stream6_IRQHandler
                0x080014f8                DMA1_Stream1_IRQHandler
                0x080014f8                UART4_IRQHandler
                0x080014f8                TIM3_IRQHandler
                0x080014f8                RCC_IRQHandler
                0x080014f8                TIM8_BRK_TIM12_IRQHandler
                0x080014f8                Default_Handler
                0x080014f8                EXTI15_10_IRQHandler
                0x080014f8                ADC_IRQHandler
                0x080014f8                DMA1_Stream7_IRQHandler
                0x080014f8                TIM7_IRQHandler
                0x080014f8                CAN2_TX_IRQHandler
                0x080014f8                TIM5_IRQHandler
                0x080014f8                DMA2_Stream7_IRQHandler
                0x080014f8                I2C3_EV_IRQHandler
                0x080014f8                EXTI9_5_IRQHandler
                0x080014f8                RTC_WKUP_IRQHandler
                0x080014f8                ETH_WKUP_IRQHandler
                0x080014f8                SPI2_IRQHandler
                0x080014f8                OTG_HS_EP1_IN_IRQHandler
                0x080014f8                DMA1_Stream0_IRQHandler
                0x080014f8                CAN1_TX_IRQHandler
                0x080014f8                EXTI4_IRQHandler
                0x080014f8                FSMC_IRQHandler
                0x080014f8                ETH_IRQHandler
                0x080014f8                OTG_HS_EP1_OUT_IRQHandler
                0x080014f8                WWDG_IRQHandler
                0x080014f8                TIM2_IRQHandler
                0x080014f8                OTG_FS_WKUP_IRQHandler
                0x080014f8                TIM1_TRG_COM_TIM11_IRQHandler
                0x080014f8                OTG_HS_IRQHandler
                0x080014f8                EXTI1_IRQHandler
                0x080014f8                I2C2_ER_IRQHandler
                0x080014f8                DMA2_Stream1_IRQHandler
                0x080014f8                CAN1_SCE_IRQHandler
                0x080014f8                FLASH_IRQHandler
                0x080014f8                DMA2_Stream4_IRQHandler
                0x080014f8                USART1_IRQHandler
                0x080014f8                SPI3_IRQHandler
                0x080014f8                DMA1_Stream4_IRQHandler
                0x080014f8                I2C1_ER_IRQHandler
                0x080014f8                DMA2_Stream6_IRQHandler
                0x080014f8                RTC_Alarm_IRQHandler
 *fill*         0x080014fa        0x2 
 .text.HAL_Init
                0x080014fc       0x44 ./Drivers/STM32F4xx_HAL_Driver/Src/stm32f4xx_hal.o
                0x080014fc                HAL_Init
 .text.HAL_IncTick
                0x08001540       0x28 ./Drivers/STM32F4xx_HAL_Driver/Src/stm32f4xx_hal.o
                0x08001540                HAL_IncTick
 .text.HAL_GetTick
                0x08001568       0x18 ./Drivers/STM32F4xx_HAL_Driver/Src/stm32f4xx_hal.o
                0x08001568                HAL_GetTick
 .text.HAL_Delay
                0x08001580       0x48 ./Drivers/STM32F4xx_HAL_Driver/Src/stm32f4xx_hal.o
                0x08001580                HAL_Delay
 .text.__NVIC_SetPriorityGrouping
                0x080015c8       0x48 ./Drivers/STM32F4xx_HAL_Driver/Src/stm32f4xx_hal_cortex.o
 .text.__NVIC_GetPriorityGrouping
                0x08001610       0x1c ./Drivers/STM32F4xx_HAL_Driver/Src/stm32f4xx_hal_cortex.o
 .text.__NVIC_EnableIRQ
                0x0800162c       0x3c ./Drivers/STM32F4xx_HAL_Driver/Src/stm32f4xx_hal_cortex.o
 .text.__NVIC_SetPriority
                0x08001668       0x54 ./Drivers/STM32F4xx_HAL_Driver/Src/stm32f4xx_hal_cortex.o
 .text.NVIC_EncodePriority
                0x080016bc       0x66 ./Drivers/STM32F4xx_HAL_Driver/Src/stm32f4xx_hal_cortex.o
 .text.HAL_NVIC_SetPriorityGrouping
                0x08001722       0x16 ./Drivers/STM32F4xx_HAL_Driver/Src/stm32f4xx_hal_cortex.o
                0x08001722                HAL_NVIC_SetPriorityGrouping
 .text.HAL_NVIC_SetPriority
                0x08001738       0x38 ./Drivers/STM32F4xx_HAL_Driver/Src/stm32f4xx_hal_cortex.o
                0x08001738                HAL_NVIC_SetPriority
 .text.HAL_NVIC_EnableIRQ
                0x08001770       0x1c ./Drivers/STM32F4xx_HAL_Driver/Src/stm32f4xx_hal_cortex.o
                0x08001770                HAL_NVIC_EnableIRQ
 .text.HAL_DMA_Init
                0x0800178c      0x15c ./Drivers/STM32F4xx_HAL_Driver/Src/stm32f4xx_hal_dma.o
                0x0800178c                HAL_DMA_Init
 .text.HAL_DMA_Start_IT
                0x080018e8       0xb0 ./Drivers/STM32F4xx_HAL_Driver/Src/stm32f4xx_hal_dma.o
                0x080018e8                HAL_DMA_Start_IT
 .text.HAL_DMA_Abort
                0x08001998       0xe0 ./Drivers/STM32F4xx_HAL_Driver/Src/stm32f4xx_hal_dma.o
                0x08001998                HAL_DMA_Abort
 .text.HAL_DMA_Abort_IT
                0x08001a78       0x44 ./Drivers/STM32F4xx_HAL_Driver/Src/stm32f4xx_hal_dma.o
                0x08001a78                HAL_DMA_Abort_IT
 .text.HAL_DMA_IRQHandler
                0x08001abc      0x314 ./Drivers/STM32F4xx_HAL_Driver/Src/stm32f4xx_hal_dma.o
                0x08001abc                HAL_DMA_IRQHandler
 .text.DMA_SetConfig
                0x08001dd0       0x5c ./Drivers/STM32F4xx_HAL_Driver/Src/stm32f4xx_hal_dma.o
 .text.DMA_CalcBaseAndBitshift
                0x08001e2c       0x6c ./Drivers/STM32F4xx_HAL_Driver/Src/stm32f4xx_hal_dma.o
 .text.DMA_CheckFifoParam
                0x08001e98       0xf8 ./Drivers/STM32F4xx_HAL_Driver/Src/stm32f4xx_hal_dma.o
 .text.HAL_GPIO_Init
                0x08001f90      0x338 ./Drivers/STM32F4xx_HAL_Driver/Src/stm32f4xx_hal_gpio.o
                0x08001f90                HAL_GPIO_Init
 .text.HAL_GPIO_WritePin
                0x080022c8       0x32 ./Drivers/STM32F4xx_HAL_Driver/Src/stm32f4xx_hal_gpio.o
                0x080022c8                HAL_GPIO_WritePin
 .text.HAL_HCD_Init
                0x080022fa       0xce ./Drivers/STM32F4xx_HAL_Driver/Src/stm32f4xx_hal_hcd.o
                0x080022fa                HAL_HCD_Init
 .text.HAL_HCD_HC_Init
                0x080023c8      0x170 ./Drivers/STM32F4xx_HAL_Driver/Src/stm32f4xx_hal_hcd.o
                0x080023c8                HAL_HCD_HC_Init
 .text.HAL_HCD_HC_SubmitRequest
                0x08002538      0x33c ./Drivers/STM32F4xx_HAL_Driver/Src/stm32f4xx_hal_hcd.o
                0x08002538                HAL_HCD_HC_SubmitRequest
 .text.HAL_HCD_IRQHandler
                0x08002874      0x220 ./Drivers/STM32F4xx_HAL_Driver/Src/stm32f4xx_hal_hcd.o
                0x08002874                HAL_HCD_IRQHandler
 .text.HAL_HCD_Start
                0x08002a94       0x46 ./Drivers/STM32F4xx_HAL_Driver/Src/stm32f4xx_hal_hcd.o
                0x08002a94                HAL_HCD_Start
 .text.HAL_HCD_Stop
                0x08002ada       0x3a ./Drivers/STM32F4xx_HAL_Driver/Src/stm32f4xx_hal_hcd.o
                0x08002ada                HAL_HCD_Stop
 .text.HAL_HCD_ResetPort
                0x08002b14       0x1c ./Drivers/STM32F4xx_HAL_Driver/Src/stm32f4xx_hal_hcd.o
                0x08002b14                HAL_HCD_ResetPort
 .text.HAL_HCD_HC_GetURBState
                0x08002b30       0x2a ./Drivers/STM32F4xx_HAL_Driver/Src/stm32f4xx_hal_hcd.o
                0x08002b30                HAL_HCD_HC_GetURBState
 .text.HAL_HCD_HC_GetXferCount
                0x08002b5a       0x2a ./Drivers/STM32F4xx_HAL_Driver/Src/stm32f4xx_hal_hcd.o
                0x08002b5a                HAL_HCD_HC_GetXferCount
 .text.HAL_HCD_GetCurrentFrame
                0x08002b84       0x1c ./Drivers/STM32F4xx_HAL_Driver/Src/stm32f4xx_hal_hcd.o
                0x08002b84                HAL_HCD_GetCurrentFrame
 .text.HAL_HCD_GetCurrentSpeed
                0x08002ba0       0x1c ./Drivers/STM32F4xx_HAL_Driver/Src/stm32f4xx_hal_hcd.o
                0x08002ba0                HAL_HCD_GetCurrentSpeed
 .text.HAL_HCD_HC_ClearHubInfo
                0x08002bbc       0x6a ./Drivers/STM32F4xx_HAL_Driver/Src/stm32f4xx_hal_hcd.o
                0x08002bbc                HAL_HCD_HC_ClearHubInfo
 .text.HCD_HC_IN_IRQHandler
                0x08002c26      0xcd2 ./Drivers/STM32F4xx_HAL_Driver/Src/stm32f4xx_hal_hcd.o
 .text.HCD_HC_OUT_IRQHandler
                0x080038f8      0x97e ./Drivers/STM32F4xx_HAL_Driver/Src/stm32f4xx_hal_hcd.o
 .text.HCD_RXQLVL_IRQHandler
                0x08004276      0x1be ./Drivers/STM32F4xx_HAL_Driver/Src/stm32f4xx_hal_hcd.o
 .text.HCD_Port_IRQHandler
                0x08004434       0xe6 ./Drivers/STM32F4xx_HAL_Driver/Src/stm32f4xx_hal_hcd.o
 *fill*         0x0800451a        0x2 
 .text.HAL_I2S_Init
                0x0800451c      0x280 ./Drivers/STM32F4xx_HAL_Driver/Src/stm32f4xx_hal_i2s.o
                0x0800451c                HAL_I2S_Init
 .text.HAL_I2S_TxCpltCallback
                0x0800479c       0x14 ./Drivers/STM32F4xx_HAL_Driver/Src/stm32f4xx_hal_i2s.o
                0x0800479c                HAL_I2S_TxCpltCallback
 .text.HAL_I2S_RxCpltCallback
                0x080047b0       0x14 ./Drivers/STM32F4xx_HAL_Driver/Src/stm32f4xx_hal_i2s.o
                0x080047b0                HAL_I2S_RxCpltCallback
 .text.HAL_I2S_ErrorCallback
                0x080047c4       0x14 ./Drivers/STM32F4xx_HAL_Driver/Src/stm32f4xx_hal_i2s.o
                0x080047c4                HAL_I2S_ErrorCallback
 .text.I2S_Transmit_IT
                0x080047d8       0x5c ./Drivers/STM32F4xx_HAL_Driver/Src/stm32f4xx_hal_i2s.o
 .text.I2S_Receive_IT
                0x08004834       0x5e ./Drivers/STM32F4xx_HAL_Driver/Src/stm32f4xx_hal_i2s.o
 .text.I2S_IRQHandler
                0x08004892      0x114 ./Drivers/STM32F4xx_HAL_Driver/Src/stm32f4xx_hal_i2s.o
 *fill*         0x080049a6        0x2 
 .text.HAL_I2SEx_FullDuplex_IRQHandler
                0x080049a8      0x2a8 ./Drivers/STM32F4xx_HAL_Driver/Src/stm32f4xx_hal_i2s_ex.o
                0x080049a8                HAL_I2SEx_FullDuplex_IRQHandler
 .text.HAL_I2SEx_TxRxCpltCallback
                0x08004c50       0x14 ./Drivers/STM32F4xx_HAL_Driver/Src/stm32f4xx_hal_i2s_ex.o
                0x08004c50                HAL_I2SEx_TxRxCpltCallback
 .text.I2SEx_TxISR_I2S
                0x08004c64       0x62 ./Drivers/STM32F4xx_HAL_Driver/Src/stm32f4xx_hal_i2s_ex.o
 *fill*         0x08004cc6        0x2 
 .text.I2SEx_TxISR_I2SExt
                0x08004cc8       0x98 ./Drivers/STM32F4xx_HAL_Driver/Src/stm32f4xx_hal_i2s_ex.o
 .text.I2SEx_RxISR_I2S
                0x08004d60       0x64 ./Drivers/STM32F4xx_HAL_Driver/Src/stm32f4xx_hal_i2s_ex.o
 .text.I2SEx_RxISR_I2SExt
                0x08004dc4       0x98 ./Drivers/STM32F4xx_HAL_Driver/Src/stm32f4xx_hal_i2s_ex.o
 .text.HAL_RCC_OscConfig
                0x08004e5c      0x4f0 ./Drivers/STM32F4xx_HAL_Driver/Src/stm32f4xx_hal_rcc.o
                0x08004e5c                HAL_RCC_OscConfig
 .text.HAL_RCC_ClockConfig
                0x0800534c      0x1cc ./Drivers/STM32F4xx_HAL_Driver/Src/stm32f4xx_hal_rcc.o
                0x0800534c                HAL_RCC_ClockConfig
 .text.HAL_RCC_GetSysClockFreq
                0x08005518      0x20c ./Drivers/STM32F4xx_HAL_Driver/Src/stm32f4xx_hal_rcc.o
                0x08005518                HAL_RCC_GetSysClockFreq
 .text.HAL_RCC_GetHCLKFreq
                0x08005724       0x18 ./Drivers/STM32F4xx_HAL_Driver/Src/stm32f4xx_hal_rcc.o
                0x08005724                HAL_RCC_GetHCLKFreq
 .text.HAL_RCC_GetPCLK1Freq
                0x0800573c       0x28 ./Drivers/STM32F4xx_HAL_Driver/Src/stm32f4xx_hal_rcc.o
                0x0800573c                HAL_RCC_GetPCLK1Freq
 .text.HAL_RCC_GetPCLK2Freq
                0x08005764       0x28 ./Drivers/STM32F4xx_HAL_Driver/Src/stm32f4xx_hal_rcc.o
                0x08005764                HAL_RCC_GetPCLK2Freq
 .text.HAL_RCC_GetClockConfig
                0x0800578c       0x64 ./Drivers/STM32F4xx_HAL_Driver/Src/stm32f4xx_hal_rcc.o
                0x0800578c                HAL_RCC_GetClockConfig
 .text.HAL_RCCEx_PeriphCLKConfig
                0x080057f0      0x1c4 ./Drivers/STM32F4xx_HAL_Driver/Src/stm32f4xx_hal_rcc_ex.o
                0x080057f0                HAL_RCCEx_PeriphCLKConfig
 .text.HAL_RCCEx_GetPeriphCLKFreq
                0x080059b4       0xc0 ./Drivers/STM32F4xx_HAL_Driver/Src/stm32f4xx_hal_rcc_ex.o
                0x080059b4                HAL_RCCEx_GetPeriphCLKFreq
 .text.HAL_SPI_Init
                0x08005a74      0x112 ./Drivers/STM32F4xx_HAL_Driver/Src/stm32f4xx_hal_spi.o
                0x08005a74                HAL_SPI_Init
 .text.HAL_TIM_Base_Init
                0x08005b86       0x9e ./Drivers/STM32F4xx_HAL_Driver/Src/stm32f4xx_hal_tim.o
                0x08005b86                HAL_TIM_Base_Init
 .text.HAL_TIM_Base_Start_IT
                0x08005c24       0xe0 ./Drivers/STM32F4xx_HAL_Driver/Src/stm32f4xx_hal_tim.o
                0x08005c24                HAL_TIM_Base_Start_IT
 .text.HAL_TIM_IRQHandler
                0x08005d04      0x1e0 ./Drivers/STM32F4xx_HAL_Driver/Src/stm32f4xx_hal_tim.o
                0x08005d04                HAL_TIM_IRQHandler
 .text.HAL_TIM_ConfigClockSource
                0x08005ee4      0x18e ./Drivers/STM32F4xx_HAL_Driver/Src/stm32f4xx_hal_tim.o
                0x08005ee4                HAL_TIM_ConfigClockSource
 .text.HAL_TIM_OC_DelayElapsedCallback
                0x08006072       0x14 ./Drivers/STM32F4xx_HAL_Driver/Src/stm32f4xx_hal_tim.o
                0x08006072                HAL_TIM_OC_DelayElapsedCallback
 .text.HAL_TIM_IC_CaptureCallback
                0x08006086       0x14 ./Drivers/STM32F4xx_HAL_Driver/Src/stm32f4xx_hal_tim.o
                0x08006086                HAL_TIM_IC_CaptureCallback
 .text.HAL_TIM_PWM_PulseFinishedCallback
                0x0800609a       0x14 ./Drivers/STM32F4xx_HAL_Driver/Src/stm32f4xx_hal_tim.o
                0x0800609a                HAL_TIM_PWM_PulseFinishedCallback
 .text.HAL_TIM_TriggerCallback
                0x080060ae       0x14 ./Drivers/STM32F4xx_HAL_Driver/Src/stm32f4xx_hal_tim.o
                0x080060ae                HAL_TIM_TriggerCallback
 *fill*         0x080060c2        0x2 
 .text.TIM_Base_SetConfig
                0x080060c4      0x14c ./Drivers/STM32F4xx_HAL_Driver/Src/stm32f4xx_hal_tim.o
                0x080060c4                TIM_Base_SetConfig
 .text.TIM_TI1_ConfigInputStage
                0x08006210       0x5e ./Drivers/STM32F4xx_HAL_Driver/Src/stm32f4xx_hal_tim.o
 .text.TIM_TI2_ConfigInputStage
                0x0800626e       0x60 ./Drivers/STM32F4xx_HAL_Driver/Src/stm32f4xx_hal_tim.o
 .text.TIM_ITRx_SetConfig
                0x080062ce       0x36 ./Drivers/STM32F4xx_HAL_Driver/Src/stm32f4xx_hal_tim.o
 .text.TIM_ETR_SetConfig
                0x08006304       0x40 ./Drivers/STM32F4xx_HAL_Driver/Src/stm32f4xx_hal_tim.o
                0x08006304                TIM_ETR_SetConfig
 .text.HAL_TIMEx_MasterConfigSynchronization
                0x08006344       0xf8 ./Drivers/STM32F4xx_HAL_Driver/Src/stm32f4xx_hal_tim_ex.o
                0x08006344                HAL_TIMEx_MasterConfigSynchronization
 .text.HAL_TIMEx_CommutCallback
                0x0800643c       0x14 ./Drivers/STM32F4xx_HAL_Driver/Src/stm32f4xx_hal_tim_ex.o
                0x0800643c                HAL_TIMEx_CommutCallback
 .text.HAL_TIMEx_BreakCallback
                0x08006450       0x14 ./Drivers/STM32F4xx_HAL_Driver/Src/stm32f4xx_hal_tim_ex.o
                0x08006450                HAL_TIMEx_BreakCallback
 .text.HAL_UART_Init
                0x08006464       0xa0 ./Drivers/STM32F4xx_HAL_Driver/Src/stm32f4xx_hal_uart.o
                0x08006464                HAL_UART_Init
 .text.HAL_UART_Transmit
                0x08006504      0x116 ./Drivers/STM32F4xx_HAL_Driver/Src/stm32f4xx_hal_uart.o
                0x08006504                HAL_UART_Transmit
 .text.HAL_UART_Receive_DMA
                0x0800661a       0x4a ./Drivers/STM32F4xx_HAL_Driver/Src/stm32f4xx_hal_uart.o
                0x0800661a                HAL_UART_Receive_DMA
 .text.HAL_UART_IRQHandler
                0x08006664      0x554 ./Drivers/STM32F4xx_HAL_Driver/Src/stm32f4xx_hal_uart.o
                0x08006664                HAL_UART_IRQHandler
 .text.HAL_UART_TxCpltCallback
                0x08006bb8       0x14 ./Drivers/STM32F4xx_HAL_Driver/Src/stm32f4xx_hal_uart.o
                0x08006bb8                HAL_UART_TxCpltCallback
 .text.HAL_UART_RxHalfCpltCallback
                0x08006bcc       0x14 ./Drivers/STM32F4xx_HAL_Driver/Src/stm32f4xx_hal_uart.o
                0x08006bcc                HAL_UART_RxHalfCpltCallback
 .text.HAL_UART_ErrorCallback
                0x08006be0       0x14 ./Drivers/STM32F4xx_HAL_Driver/Src/stm32f4xx_hal_uart.o
                0x08006be0                HAL_UART_ErrorCallback
 .text.HAL_UARTEx_RxEventCallback
                0x08006bf4       0x18 ./Drivers/STM32F4xx_HAL_Driver/Src/stm32f4xx_hal_uart.o
                0x08006bf4                HAL_UARTEx_RxEventCallback
 .text.UART_DMAReceiveCplt
                0x08006c0c      0x12c ./Drivers/STM32F4xx_HAL_Driver/Src/stm32f4xx_hal_uart.o
 .text.UART_DMARxHalfCplt
                0x08006d38       0x3c ./Drivers/STM32F4xx_HAL_Driver/Src/stm32f4xx_hal_uart.o
 .text.UART_DMAError
                0x08006d74       0x94 ./Drivers/STM32F4xx_HAL_Driver/Src/stm32f4xx_hal_uart.o
 .text.UART_WaitOnFlagUntilTimeout
                0x08006e08       0xb2 ./Drivers/STM32F4xx_HAL_Driver/Src/stm32f4xx_hal_uart.o
 *fill*         0x08006eba        0x2 
 .text.UART_Start_Receive_DMA
                0x08006ebc      0x14c ./Drivers/STM32F4xx_HAL_Driver/Src/stm32f4xx_hal_uart.o
                0x08006ebc                UART_Start_Receive_DMA
 .text.UART_EndTxTransfer
                0x08007008       0x50 ./Drivers/STM32F4xx_HAL_Driver/Src/stm32f4xx_hal_uart.o
 .text.UART_EndRxTransfer
                0x08007058       0xc6 ./Drivers/STM32F4xx_HAL_Driver/Src/stm32f4xx_hal_uart.o
 .text.UART_DMAAbortOnError
                0x0800711e       0x22 ./Drivers/STM32F4xx_HAL_Driver/Src/stm32f4xx_hal_uart.o
 .text.UART_Transmit_IT
                0x08007140       0xa0 ./Drivers/STM32F4xx_HAL_Driver/Src/stm32f4xx_hal_uart.o
 .text.UART_EndTransmit_IT
                0x080071e0       0x30 ./Drivers/STM32F4xx_HAL_Driver/Src/stm32f4xx_hal_uart.o
 .text.UART_Receive_IT
                0x08007210      0x17c ./Drivers/STM32F4xx_HAL_Driver/Src/stm32f4xx_hal_uart.o
 .text.UART_SetConfig
                0x0800738c      0x4e8 ./Drivers/STM32F4xx_HAL_Driver/Src/stm32f4xx_hal_uart.o
 .text.USB_CoreInit
                0x08007874       0xc8 ./Drivers/STM32F4xx_HAL_Driver/Src/stm32f4xx_ll_usb.o
                0x08007874                USB_CoreInit
 .text.USB_EnableGlobalInt
                0x0800793c       0x22 ./Drivers/STM32F4xx_HAL_Driver/Src/stm32f4xx_ll_usb.o
                0x0800793c                USB_EnableGlobalInt
 .text.USB_DisableGlobalInt
                0x0800795e       0x22 ./Drivers/STM32F4xx_HAL_Driver/Src/stm32f4xx_ll_usb.o
                0x0800795e                USB_DisableGlobalInt
 .text.USB_SetCurrentMode
                0x08007980       0x98 ./Drivers/STM32F4xx_HAL_Driver/Src/stm32f4xx_ll_usb.o
                0x08007980                USB_SetCurrentMode
 .text.USB_FlushTxFifo
                0x08007a18       0x64 ./Drivers/STM32F4xx_HAL_Driver/Src/stm32f4xx_ll_usb.o
                0x08007a18                USB_FlushTxFifo
 .text.USB_FlushRxFifo
                0x08007a7c       0x5c ./Drivers/STM32F4xx_HAL_Driver/Src/stm32f4xx_ll_usb.o
                0x08007a7c                USB_FlushRxFifo
 .text.USB_WritePacket
                0x08007ad8       0x7c ./Drivers/STM32F4xx_HAL_Driver/Src/stm32f4xx_ll_usb.o
                0x08007ad8                USB_WritePacket
 .text.USB_ReadPacket
                0x08007b54       0xb0 ./Drivers/STM32F4xx_HAL_Driver/Src/stm32f4xx_ll_usb.o
                0x08007b54                USB_ReadPacket
 .text.USB_ReadInterrupts
                0x08007c04       0x26 ./Drivers/STM32F4xx_HAL_Driver/Src/stm32f4xx_ll_usb.o
                0x08007c04                USB_ReadInterrupts
 .text.USB_ReadChInterrupts
                0x08007c2a       0x42 ./Drivers/STM32F4xx_HAL_Driver/Src/stm32f4xx_ll_usb.o
                0x08007c2a                USB_ReadChInterrupts
 .text.USB_GetMode
                0x08007c6c       0x1c ./Drivers/STM32F4xx_HAL_Driver/Src/stm32f4xx_ll_usb.o
                0x08007c6c                USB_GetMode
 .text.USB_CoreReset
                0x08007c88       0x70 ./Drivers/STM32F4xx_HAL_Driver/Src/stm32f4xx_ll_usb.o
 .text.USB_HostInit
                0x08007cf8      0x188 ./Drivers/STM32F4xx_HAL_Driver/Src/stm32f4xx_ll_usb.o
                0x08007cf8                USB_HostInit
 .text.USB_InitFSLSPClkSel
                0x08007e80       0x7a ./Drivers/STM32F4xx_HAL_Driver/Src/stm32f4xx_ll_usb.o
                0x08007e80                USB_InitFSLSPClkSel
 .text.USB_ResetPort
                0x08007efa       0x54 ./Drivers/STM32F4xx_HAL_Driver/Src/stm32f4xx_ll_usb.o
                0x08007efa                USB_ResetPort
 .text.USB_DriveVbus
                0x08007f4e       0x72 ./Drivers/STM32F4xx_HAL_Driver/Src/stm32f4xx_ll_usb.o
                0x08007f4e                USB_DriveVbus
 .text.USB_GetHostSpeed
                0x08007fc0       0x2e ./Drivers/STM32F4xx_HAL_Driver/Src/stm32f4xx_ll_usb.o
                0x08007fc0                USB_GetHostSpeed
 .text.USB_GetCurrentFrame
                0x08007fee       0x22 ./Drivers/STM32F4xx_HAL_Driver/Src/stm32f4xx_ll_usb.o
                0x08007fee                USB_GetCurrentFrame
 .text.USB_HC_Init
                0x08008010      0x258 ./Drivers/STM32F4xx_HAL_Driver/Src/stm32f4xx_ll_usb.o
                0x08008010                USB_HC_Init
 .text.USB_HC_StartXfer
                0x08008268      0x4f4 ./Drivers/STM32F4xx_HAL_Driver/Src/stm32f4xx_ll_usb.o
                0x08008268                USB_HC_StartXfer
 .text.USB_HC_ReadInterrupt
                0x0800875c       0x22 ./Drivers/STM32F4xx_HAL_Driver/Src/stm32f4xx_ll_usb.o
                0x0800875c                USB_HC_ReadInterrupt
 .text.USB_HC_Halt
                0x0800877e      0x240 ./Drivers/STM32F4xx_HAL_Driver/Src/stm32f4xx_ll_usb.o
                0x0800877e                USB_HC_Halt
 *fill*         0x080089be        0x2 
 .text.USB_DoPing
                0x080089c0       0x78 ./Drivers/STM32F4xx_HAL_Driver/Src/stm32f4xx_ll_usb.o
                0x080089c0                USB_DoPing
 .text.USB_StopHost
                0x08008a38      0x124 ./Drivers/STM32F4xx_HAL_Driver/Src/stm32f4xx_ll_usb.o
                0x08008a38                USB_StopHost
 .text.USBH_CDC_InterfaceInit
                0x08008b5c      0x2ac ./Middlewares/ST/STM32_USB_Host_Library/Class/CDC/Src/usbh_cdc.o
 .text.USBH_CDC_InterfaceDeInit
                0x08008e08       0xb2 ./Middlewares/ST/STM32_USB_Host_Library/Class/CDC/Src/usbh_cdc.o
 .text.USBH_CDC_ClassRequest
                0x08008eba       0x3e ./Middlewares/ST/STM32_USB_Host_Library/Class/CDC/Src/usbh_cdc.o
 .text.USBH_CDC_Process
                0x08008ef8      0x12c ./Middlewares/ST/STM32_USB_Host_Library/Class/CDC/Src/usbh_cdc.o
 .text.USBH_CDC_SOFProcess
                0x08009024       0x16 ./Middlewares/ST/STM32_USB_Host_Library/Class/CDC/Src/usbh_cdc.o
 .text.GetLineCoding
                0x0800903a       0x3e ./Middlewares/ST/STM32_USB_Host_Library/Class/CDC/Src/usbh_cdc.o
 .text.SetLineCoding
                0x08009078       0x3e ./Middlewares/ST/STM32_USB_Host_Library/Class/CDC/Src/usbh_cdc.o
 .text.CDC_ProcessTransmission
                0x080090b6      0x104 ./Middlewares/ST/STM32_USB_Host_Library/Class/CDC/Src/usbh_cdc.o
 .text.CDC_ProcessReception
                0x080091ba       0xc2 ./Middlewares/ST/STM32_USB_Host_Library/Class/CDC/Src/usbh_cdc.o
 .text.USBH_CDC_TransmitCallback
                0x0800927c       0x14 ./Middlewares/ST/STM32_USB_Host_Library/Class/CDC/Src/usbh_cdc.o
                0x0800927c                USBH_CDC_TransmitCallback
 .text.USBH_CDC_ReceiveCallback
                0x08009290       0x14 ./Middlewares/ST/STM32_USB_Host_Library/Class/CDC/Src/usbh_cdc.o
                0x08009290                USBH_CDC_ReceiveCallback
 .text.USBH_CDC_LineCodingChanged
                0x080092a4       0x14 ./Middlewares/ST/STM32_USB_Host_Library/Class/CDC/Src/usbh_cdc.o
                0x080092a4                USBH_CDC_LineCodingChanged
 .text.USBH_Init
                0x080092b8       0xb8 ./Middlewares/ST/STM32_USB_Host_Library/Core/Src/usbh_core.o
                0x080092b8                USBH_Init
 .text.DeInitStateMachine
                0x08009370       0xe2 ./Middlewares/ST/STM32_USB_Host_Library/Core/Src/usbh_core.o
 .text.USBH_RegisterClass
                0x08009452       0x54 ./Middlewares/ST/STM32_USB_Host_Library/Core/Src/usbh_core.o
                0x08009452                USBH_RegisterClass
 .text.USBH_SelectInterface
                0x080094a6       0x38 ./Middlewares/ST/STM32_USB_Host_Library/Core/Src/usbh_core.o
                0x080094a6                USBH_SelectInterface
 .text.USBH_FindInterface
                0x080094de       0x8c ./Middlewares/ST/STM32_USB_Host_Library/Core/Src/usbh_core.o
                0x080094de                USBH_FindInterface
 .text.USBH_Start
                0x0800956a       0x20 ./Middlewares/ST/STM32_USB_Host_Library/Core/Src/usbh_core.o
                0x0800956a                USBH_Start
 *fill*         0x0800958a        0x2 
 .text.USBH_Process
                0x0800958c      0x434 ./Middlewares/ST/STM32_USB_Host_Library/Core/Src/usbh_core.o
                0x0800958c                USBH_Process
 .text.USBH_HandleEnum
                0x080099c0      0x3fc ./Middlewares/ST/STM32_USB_Host_Library/Core/Src/usbh_core.o
 .text.USBH_LL_SetTimer
                0x08009dbc       0x1e ./Middlewares/ST/STM32_USB_Host_Library/Core/Src/usbh_core.o
                0x08009dbc                USBH_LL_SetTimer
 .text.USBH_LL_IncTimer
                0x08009dda       0x24 ./Middlewares/ST/STM32_USB_Host_Library/Core/Src/usbh_core.o
                0x08009dda                USBH_LL_IncTimer
 .text.USBH_HandleSof
                0x08009dfe       0x30 ./Middlewares/ST/STM32_USB_Host_Library/Core/Src/usbh_core.o
 .text.USBH_LL_PortEnabled
                0x08009e2e       0x24 ./Middlewares/ST/STM32_USB_Host_Library/Core/Src/usbh_core.o
                0x08009e2e                USBH_LL_PortEnabled
 .text.USBH_LL_PortDisabled
                0x08009e52       0x24 ./Middlewares/ST/STM32_USB_Host_Library/Core/Src/usbh_core.o
                0x08009e52                USBH_LL_PortDisabled
 .text.USBH_LL_Connect
                0x08009e76       0x36 ./Middlewares/ST/STM32_USB_Host_Library/Core/Src/usbh_core.o
                0x08009e76                USBH_LL_Connect
 .text.USBH_LL_Disconnect
                0x08009eac       0x54 ./Middlewares/ST/STM32_USB_Host_Library/Core/Src/usbh_core.o
                0x08009eac                USBH_LL_Disconnect
 .text.USBH_OS_PutMessage
                0x08009f00       0x48 ./Middlewares/ST/STM32_USB_Host_Library/Core/Src/usbh_core.o
                0x08009f00                USBH_OS_PutMessage
 .text.USBH_Process_OS
                0x08009f48       0x2e ./Middlewares/ST/STM32_USB_Host_Library/Core/Src/usbh_core.o
 .text.USBH_LL_NotifyURBChange
                0x08009f76       0x1e ./Middlewares/ST/STM32_USB_Host_Library/Core/Src/usbh_core.o
                0x08009f76                USBH_LL_NotifyURBChange
 .text.USBH_Get_DevDesc
                0x08009f94       0x58 ./Middlewares/ST/STM32_USB_Host_Library/Core/Src/usbh_ctlreq.o
                0x08009f94                USBH_Get_DevDesc
 .text.USBH_Get_CfgDesc
                0x08009fec       0x54 ./Middlewares/ST/STM32_USB_Host_Library/Core/Src/usbh_ctlreq.o
                0x08009fec                USBH_Get_CfgDesc
 .text.USBH_Get_StringDesc
                0x0800a040       0x68 ./Middlewares/ST/STM32_USB_Host_Library/Core/Src/usbh_ctlreq.o
                0x0800a040                USBH_Get_StringDesc
 .text.USBH_GetDescriptor
                0x0800a0a8       0x6a ./Middlewares/ST/STM32_USB_Host_Library/Core/Src/usbh_ctlreq.o
                0x0800a0a8                USBH_GetDescriptor
 .text.USBH_SetAddress
                0x0800a112       0x48 ./Middlewares/ST/STM32_USB_Host_Library/Core/Src/usbh_ctlreq.o
                0x0800a112                USBH_SetAddress
 .text.USBH_SetCfg
                0x0800a15a       0x46 ./Middlewares/ST/STM32_USB_Host_Library/Core/Src/usbh_ctlreq.o
                0x0800a15a                USBH_SetCfg
 .text.USBH_SetFeature
                0x0800a1a0       0x48 ./Middlewares/ST/STM32_USB_Host_Library/Core/Src/usbh_ctlreq.o
                0x0800a1a0                USBH_SetFeature
 .text.USBH_ClrFeature
                0x0800a1e8       0x48 ./Middlewares/ST/STM32_USB_Host_Library/Core/Src/usbh_ctlreq.o
                0x0800a1e8                USBH_ClrFeature
 .text.USBH_ParseDevDesc
                0x0800a230      0x160 ./Middlewares/ST/STM32_USB_Host_Library/Core/Src/usbh_ctlreq.o
 .text.USBH_ParseCfgDesc
                0x0800a390      0x1f8 ./Middlewares/ST/STM32_USB_Host_Library/Core/Src/usbh_ctlreq.o
 .text.USBH_ParseInterfaceDesc
                0x0800a588       0x5e ./Middlewares/ST/STM32_USB_Host_Library/Core/Src/usbh_ctlreq.o
 .text.USBH_ParseEPDesc
                0x0800a5e6      0x1d0 ./Middlewares/ST/STM32_USB_Host_Library/Core/Src/usbh_ctlreq.o
 .text.USBH_ParseStringDesc
                0x0800a7b6       0x66 ./Middlewares/ST/STM32_USB_Host_Library/Core/Src/usbh_ctlreq.o
 .text.USBH_GetNextDesc
                0x0800a81c       0x34 ./Middlewares/ST/STM32_USB_Host_Library/Core/Src/usbh_ctlreq.o
                0x0800a81c                USBH_GetNextDesc
 .text.USBH_CtlReq
                0x0800a850       0x92 ./Middlewares/ST/STM32_USB_Host_Library/Core/Src/usbh_ctlreq.o
                0x0800a850                USBH_CtlReq
 *fill*         0x0800a8e2        0x2 
 .text.USBH_HandleControl
                0x0800a8e4      0x3a0 ./Middlewares/ST/STM32_USB_Host_Library/Core/Src/usbh_ctlreq.o
 .text.USBH_CtlSendSetup
                0x0800ac84       0x34 ./Middlewares/ST/STM32_USB_Host_Library/Core/Src/usbh_ioreq.o
                0x0800ac84                USBH_CtlSendSetup
 .text.USBH_CtlSendData
                0x0800acb8       0x4a ./Middlewares/ST/STM32_USB_Host_Library/Core/Src/usbh_ioreq.o
                0x0800acb8                USBH_CtlSendData
 .text.USBH_CtlReceiveData
                0x0800ad02       0x3c ./Middlewares/ST/STM32_USB_Host_Library/Core/Src/usbh_ioreq.o
                0x0800ad02                USBH_CtlReceiveData
 .text.USBH_BulkSendData
                0x0800ad3e       0x4a ./Middlewares/ST/STM32_USB_Host_Library/Core/Src/usbh_ioreq.o
                0x0800ad3e                USBH_BulkSendData
 .text.USBH_BulkReceiveData
                0x0800ad88       0x3c ./Middlewares/ST/STM32_USB_Host_Library/Core/Src/usbh_ioreq.o
                0x0800ad88                USBH_BulkReceiveData
 .text.USBH_OpenPipe
                0x0800adc4       0x3e ./Middlewares/ST/STM32_USB_Host_Library/Core/Src/usbh_pipes.o
                0x0800adc4                USBH_OpenPipe
 .text.USBH_ClosePipe
                0x0800ae02       0x20 ./Middlewares/ST/STM32_USB_Host_Library/Core/Src/usbh_pipes.o
                0x0800ae02                USBH_ClosePipe
 .text.USBH_AllocPipe
                0x0800ae22       0x42 ./Middlewares/ST/STM32_USB_Host_Library/Core/Src/usbh_pipes.o
                0x0800ae22                USBH_AllocPipe
 .text.USBH_FreePipe
                0x0800ae64       0x3c ./Middlewares/ST/STM32_USB_Host_Library/Core/Src/usbh_pipes.o
                0x0800ae64                USBH_FreePipe
 .text.USBH_GetFreePipe
                0x0800aea0       0x48 ./Middlewares/ST/STM32_USB_Host_Library/Core/Src/usbh_pipes.o
 .text.__NVIC_SetPriority
                0x0800aee8       0x54 ./Middlewares/Third_Party/FreeRTOS/Source/CMSIS_RTOS_V2/cmsis_os2.o
 .text.SysTick_Handler
                0x0800af3c       0x20 ./Middlewares/Third_Party/FreeRTOS/Source/CMSIS_RTOS_V2/cmsis_os2.o
                0x0800af3c                SysTick_Handler
 .text.SVC_Setup
                0x0800af5c       0x12 ./Middlewares/Third_Party/FreeRTOS/Source/CMSIS_RTOS_V2/cmsis_os2.o
 *fill*         0x0800af6e        0x2 
 .text.osKernelInitialize
                0x0800af70       0x48 ./Middlewares/Third_Party/FreeRTOS/Source/CMSIS_RTOS_V2/cmsis_os2.o
                0x0800af70                osKernelInitialize
 .text.osKernelStart
                0x0800afb8       0x4c ./Middlewares/Third_Party/FreeRTOS/Source/CMSIS_RTOS_V2/cmsis_os2.o
                0x0800afb8                osKernelStart
 .text.osThreadNew
                0x0800b004      0x124 ./Middlewares/Third_Party/FreeRTOS/Source/CMSIS_RTOS_V2/cmsis_os2.o
                0x0800b004                osThreadNew
 .text.osDelay  0x0800b128       0x36 ./Middlewares/Third_Party/FreeRTOS/Source/CMSIS_RTOS_V2/cmsis_os2.o
                0x0800b128                osDelay
 .text.osMessageQueueNew
                0x0800b15e       0xe6 ./Middlewares/Third_Party/FreeRTOS/Source/CMSIS_RTOS_V2/cmsis_os2.o
                0x0800b15e                osMessageQueueNew
 .text.osMessageQueuePut
                0x0800b244       0xc0 ./Middlewares/Third_Party/FreeRTOS/Source/CMSIS_RTOS_V2/cmsis_os2.o
                0x0800b244                osMessageQueuePut
 .text.osMessageQueueGet
                0x0800b304       0xbc ./Middlewares/Third_Party/FreeRTOS/Source/CMSIS_RTOS_V2/cmsis_os2.o
                0x0800b304                osMessageQueueGet
 .text.osMessageQueueGetSpace
                0x0800b3c0       0x6a ./Middlewares/Third_Party/FreeRTOS/Source/CMSIS_RTOS_V2/cmsis_os2.o
                0x0800b3c0                osMessageQueueGetSpace
 *fill*         0x0800b42a        0x2 
 .text.vApplicationGetIdleTaskMemory
                0x0800b42c       0x34 ./Middlewares/Third_Party/FreeRTOS/Source/CMSIS_RTOS_V2/cmsis_os2.o
                0x0800b42c                vApplicationGetIdleTaskMemory
 .text.vApplicationGetTimerTaskMemory
                0x0800b460       0x34 ./Middlewares/Third_Party/FreeRTOS/Source/CMSIS_RTOS_V2/cmsis_os2.o
                0x0800b460                vApplicationGetTimerTaskMemory
 .text.vListInitialise
                0x0800b494       0x40 ./Middlewares/Third_Party/FreeRTOS/Source/list.o
                0x0800b494                vListInitialise
 .text.vListInitialiseItem
                0x0800b4d4       0x1a ./Middlewares/Third_Party/FreeRTOS/Source/list.o
                0x0800b4d4                vListInitialiseItem
 .text.vListInsertEnd
                0x0800b4ee       0x48 ./Middlewares/Third_Party/FreeRTOS/Source/list.o
                0x0800b4ee                vListInsertEnd
 .text.vListInsert
                0x0800b536       0x72 ./Middlewares/Third_Party/FreeRTOS/Source/list.o
                0x0800b536                vListInsert
 .text.uxListRemove
                0x0800b5a8       0x54 ./Middlewares/Third_Party/FreeRTOS/Source/list.o
                0x0800b5a8                uxListRemove
 .text.xQueueGenericReset
                0x0800b5fc       0xd4 ./Middlewares/Third_Party/FreeRTOS/Source/queue.o
                0x0800b5fc                xQueueGenericReset
 .text.xQueueGenericCreateStatic
                0x0800b6d0       0xfa ./Middlewares/Third_Party/FreeRTOS/Source/queue.o
                0x0800b6d0                xQueueGenericCreateStatic
 .text.xQueueGenericCreate
                0x0800b7ca       0x76 ./Middlewares/Third_Party/FreeRTOS/Source/queue.o
                0x0800b7ca                xQueueGenericCreate
 .text.prvInitialiseNewQueue
                0x0800b840       0x46 ./Middlewares/Third_Party/FreeRTOS/Source/queue.o
 .text.prvInitialiseMutex
                0x0800b886       0x34 ./Middlewares/Third_Party/FreeRTOS/Source/queue.o
 .text.xQueueCreateMutex
                0x0800b8ba       0x30 ./Middlewares/Third_Party/FreeRTOS/Source/queue.o
                0x0800b8ba                xQueueCreateMutex
 *fill*         0x0800b8ea        0x2 
 .text.xQueueGenericSend
                0x0800b8ec      0x204 ./Middlewares/Third_Party/FreeRTOS/Source/queue.o
                0x0800b8ec                xQueueGenericSend
 .text.xQueueGenericSendFromISR
                0x0800baf0      0x13c ./Middlewares/Third_Party/FreeRTOS/Source/queue.o
                0x0800baf0                xQueueGenericSendFromISR
 .text.xQueueReceive
                0x0800bc2c      0x1c4 ./Middlewares/Third_Party/FreeRTOS/Source/queue.o
                0x0800bc2c                xQueueReceive
 .text.xQueueSemaphoreTake
                0x0800bdf0      0x220 ./Middlewares/Third_Party/FreeRTOS/Source/queue.o
                0x0800bdf0                xQueueSemaphoreTake
 .text.xQueueReceiveFromISR
                0x0800c010      0x104 ./Middlewares/Third_Party/FreeRTOS/Source/queue.o
                0x0800c010                xQueueReceiveFromISR
 .text.uxQueueSpacesAvailable
                0x0800c114       0x48 ./Middlewares/Third_Party/FreeRTOS/Source/queue.o
                0x0800c114                uxQueueSpacesAvailable
 .text.prvGetDisinheritPriorityAfterTimeout
                0x0800c15c       0x30 ./Middlewares/Third_Party/FreeRTOS/Source/queue.o
 .text.prvCopyDataToQueue
                0x0800c18c       0xd4 ./Middlewares/Third_Party/FreeRTOS/Source/queue.o
 .text.prvCopyDataFromQueue
                0x0800c260       0x4c ./Middlewares/Third_Party/FreeRTOS/Source/queue.o
 .text.prvUnlockQueue
                0x0800c2ac       0xa4 ./Middlewares/Third_Party/FreeRTOS/Source/queue.o
 .text.prvIsQueueEmpty
                0x0800c350       0x2c ./Middlewares/Third_Party/FreeRTOS/Source/queue.o
 .text.prvIsQueueFull
                0x0800c37c       0x30 ./Middlewares/Third_Party/FreeRTOS/Source/queue.o
 .text.vQueueAddToRegistry
                0x0800c3ac       0x54 ./Middlewares/Third_Party/FreeRTOS/Source/queue.o
                0x0800c3ac                vQueueAddToRegistry
 .text.vQueueWaitForMessageRestricted
                0x0800c400       0x68 ./Middlewares/Third_Party/FreeRTOS/Source/queue.o
                0x0800c400                vQueueWaitForMessageRestricted
 .text.xTaskCreateStatic
                0x0800c468       0xc0 ./Middlewares/Third_Party/FreeRTOS/Source/tasks.o
                0x0800c468                xTaskCreateStatic
 .text.xTaskCreate
                0x0800c528       0x8a ./Middlewares/Third_Party/FreeRTOS/Source/tasks.o
                0x0800c528                xTaskCreate
 *fill*         0x0800c5b2        0x2 
 .text.prvInitialiseNewTask
                0x0800c5b4      0x150 ./Middlewares/Third_Party/FreeRTOS/Source/tasks.o
 .text.prvAddNewTaskToReadyList
                0x0800c704       0xe0 ./Middlewares/Third_Party/FreeRTOS/Source/tasks.o
 .text.vTaskDelay
                0x0800c7e4       0x6c ./Middlewares/Third_Party/FreeRTOS/Source/tasks.o
                0x0800c7e4                vTaskDelay
 .text.vTaskStartScheduler
                0x0800c850       0xe0 ./Middlewares/Third_Party/FreeRTOS/Source/tasks.o
                0x0800c850                vTaskStartScheduler
 .text.vTaskSuspendAll
                0x0800c930       0x1c ./Middlewares/Third_Party/FreeRTOS/Source/tasks.o
                0x0800c930                vTaskSuspendAll
 .text.xTaskResumeAll
                0x0800c94c      0x13c ./Middlewares/Third_Party/FreeRTOS/Source/tasks.o
                0x0800c94c                xTaskResumeAll
 .text.xTaskGetTickCount
                0x0800ca88       0x20 ./Middlewares/Third_Party/FreeRTOS/Source/tasks.o
                0x0800ca88                xTaskGetTickCount
 .text.xTaskIncrementTick
                0x0800caa8      0x174 ./Middlewares/Third_Party/FreeRTOS/Source/tasks.o
                0x0800caa8                xTaskIncrementTick
 .text.vTaskSwitchContext
                0x0800cc1c       0xcc ./Middlewares/Third_Party/FreeRTOS/Source/tasks.o
                0x0800cc1c                vTaskSwitchContext
 .text.vTaskPlaceOnEventList
                0x0800cce8       0x4c ./Middlewares/Third_Party/FreeRTOS/Source/tasks.o
                0x0800cce8                vTaskPlaceOnEventList
 .text.vTaskPlaceOnEventListRestricted
                0x0800cd34       0x58 ./Middlewares/Third_Party/FreeRTOS/Source/tasks.o
                0x0800cd34                vTaskPlaceOnEventListRestricted
 .text.xTaskRemoveFromEventList
                0x0800cd8c       0xc8 ./Middlewares/Third_Party/FreeRTOS/Source/tasks.o
                0x0800cd8c                xTaskRemoveFromEventList
 .text.vTaskInternalSetTimeOutState
                0x0800ce54       0x2c ./Middlewares/Third_Party/FreeRTOS/Source/tasks.o
                0x0800ce54                vTaskInternalSetTimeOutState
 .text.xTaskCheckForTimeOut
                0x0800ce80       0xc8 ./Middlewares/Third_Party/FreeRTOS/Source/tasks.o
                0x0800ce80                xTaskCheckForTimeOut
 .text.vTaskMissedYield
                0x0800cf48       0x18 ./Middlewares/Third_Party/FreeRTOS/Source/tasks.o
                0x0800cf48                vTaskMissedYield
 .text.prvIdleTask
                0x0800cf60       0x30 ./Middlewares/Third_Party/FreeRTOS/Source/tasks.o
 .text.prvInitialiseTaskLists
                0x0800cf90       0x80 ./Middlewares/Third_Party/FreeRTOS/Source/tasks.o
 .text.prvCheckTasksWaitingTermination
                0x0800d010       0x5c ./Middlewares/Third_Party/FreeRTOS/Source/tasks.o
 .text.prvDeleteTCB
                0x0800d06c       0x6a ./Middlewares/Third_Party/FreeRTOS/Source/tasks.o
 *fill*         0x0800d0d6        0x2 
 .text.prvResetNextTaskUnblockTime
                0x0800d0d8       0x40 ./Middlewares/Third_Party/FreeRTOS/Source/tasks.o
 .text.xTaskGetSchedulerState
                0x0800d118       0x3c ./Middlewares/Third_Party/FreeRTOS/Source/tasks.o
                0x0800d118                xTaskGetSchedulerState
 .text.xTaskPriorityInherit
                0x0800d154       0xd0 ./Middlewares/Third_Party/FreeRTOS/Source/tasks.o
                0x0800d154                xTaskPriorityInherit
 .text.xTaskPriorityDisinherit
                0x0800d224       0xe0 ./Middlewares/Third_Party/FreeRTOS/Source/tasks.o
                0x0800d224                xTaskPriorityDisinherit
 .text.vTaskPriorityDisinheritAfterTimeout
                0x0800d304      0x108 ./Middlewares/Third_Party/FreeRTOS/Source/tasks.o
                0x0800d304                vTaskPriorityDisinheritAfterTimeout
 .text.pvTaskIncrementMutexHeldCount
                0x0800d40c       0x28 ./Middlewares/Third_Party/FreeRTOS/Source/tasks.o
                0x0800d40c                pvTaskIncrementMutexHeldCount
 .text.ulTaskNotifyTake
                0x0800d434       0x98 ./Middlewares/Third_Party/FreeRTOS/Source/tasks.o
                0x0800d434                ulTaskNotifyTake
 .text.vTaskNotifyGiveFromISR
                0x0800d4cc      0x12c ./Middlewares/Third_Party/FreeRTOS/Source/tasks.o
                0x0800d4cc                vTaskNotifyGiveFromISR
 .text.prvAddCurrentTaskToDelayedList
                0x0800d5f8       0xa8 ./Middlewares/Third_Party/FreeRTOS/Source/tasks.o
 .text.xTimerCreateTimerTask
                0x0800d6a0       0x94 ./Middlewares/Third_Party/FreeRTOS/Source/timers.o
                0x0800d6a0                xTimerCreateTimerTask
 .text.xTimerGenericCommand
                0x0800d734       0x9c ./Middlewares/Third_Party/FreeRTOS/Source/timers.o
                0x0800d734                xTimerGenericCommand
 .text.prvProcessExpiredTimer
                0x0800d7d0       0x9c ./Middlewares/Third_Party/FreeRTOS/Source/timers.o
 .text.prvTimerTask
                0x0800d86c       0x26 ./Middlewares/Third_Party/FreeRTOS/Source/timers.o
 *fill*         0x0800d892        0x2 
 .text.prvProcessTimerOrBlockTask
                0x0800d894       0x9c ./Middlewares/Third_Party/FreeRTOS/Source/timers.o
 .text.prvGetNextExpireTime
                0x0800d930       0x48 ./Middlewares/Third_Party/FreeRTOS/Source/timers.o
 .text.prvSampleTimeNow
                0x0800d978       0x40 ./Middlewares/Third_Party/FreeRTOS/Source/timers.o
 .text.prvInsertTimerInActiveList
                0x0800d9b8       0x84 ./Middlewares/Third_Party/FreeRTOS/Source/timers.o
 .text.prvProcessReceivedCommands
                0x0800da3c      0x1cc ./Middlewares/Third_Party/FreeRTOS/Source/timers.o
 .text.prvSwitchTimerLists
                0x0800dc08       0xcc ./Middlewares/Third_Party/FreeRTOS/Source/timers.o
 .text.prvCheckForValidListAndQueue
                0x0800dcd4       0x80 ./Middlewares/Third_Party/FreeRTOS/Source/timers.o
 .text.pxPortInitialiseStack
                0x0800dd54       0x68 ./Middlewares/Third_Party/FreeRTOS/Source/portable/GCC/ARM_CM4F/port.o
                0x0800dd54                pxPortInitialiseStack
 .text.prvTaskExitError
                0x0800ddbc       0x5c ./Middlewares/Third_Party/FreeRTOS/Source/portable/GCC/ARM_CM4F/port.o
 *fill*         0x0800de18        0x8 
 .text.SVC_Handler
                0x0800de20       0x28 ./Middlewares/Third_Party/FreeRTOS/Source/portable/GCC/ARM_CM4F/port.o
                0x0800de20                SVC_Handler
 .text.prvPortStartFirstTask
                0x0800de48       0x28 ./Middlewares/Third_Party/FreeRTOS/Source/portable/GCC/ARM_CM4F/port.o
 .text.xPortStartScheduler
                0x0800de70      0x148 ./Middlewares/Third_Party/FreeRTOS/Source/portable/GCC/ARM_CM4F/port.o
                0x0800de70                xPortStartScheduler
 .text.vPortEnterCritical
                0x0800dfb8       0x64 ./Middlewares/Third_Party/FreeRTOS/Source/portable/GCC/ARM_CM4F/port.o
                0x0800dfb8                vPortEnterCritical
 .text.vPortExitCritical
                0x0800e01c       0x54 ./Middlewares/Third_Party/FreeRTOS/Source/portable/GCC/ARM_CM4F/port.o
                0x0800e01c                vPortExitCritical
 .text.PendSV_Handler
                0x0800e070       0x68 ./Middlewares/Third_Party/FreeRTOS/Source/portable/GCC/ARM_CM4F/port.o
                0x0800e070                PendSV_Handler
 .text.xPortSysTickHandler
                0x0800e0d8       0x44 ./Middlewares/Third_Party/FreeRTOS/Source/portable/GCC/ARM_CM4F/port.o
                0x0800e0d8                xPortSysTickHandler
 .text.vPortSetupTimerInterrupt
                0x0800e11c       0x48 ./Middlewares/Third_Party/FreeRTOS/Source/portable/GCC/ARM_CM4F/port.o
                0x0800e11c                vPortSetupTimerInterrupt
 .text.vPortEnableVFP
                0x0800e164       0x14 ./Middlewares/Third_Party/FreeRTOS/Source/portable/GCC/ARM_CM4F/port.o
 .text.vPortValidateInterruptPriority
                0x0800e178       0x84 ./Middlewares/Third_Party/FreeRTOS/Source/portable/GCC/ARM_CM4F/port.o
                0x0800e178                vPortValidateInterruptPriority
 .text.pvPortMalloc
                0x0800e1fc      0x19c ./Middlewares/Third_Party/FreeRTOS/Source/portable/MemMang/heap_4.o
                0x0800e1fc                pvPortMalloc
 .text.vPortFree
                0x0800e398       0xc8 ./Middlewares/Third_Party/FreeRTOS/Source/portable/MemMang/heap_4.o
                0x0800e398                vPortFree
 .text.prvHeapInit
                0x0800e460       0xc4 ./Middlewares/Third_Party/FreeRTOS/Source/portable/MemMang/heap_4.o
 .text.prvInsertBlockIntoFreeList
                0x0800e524       0xb4 ./Middlewares/Third_Party/FreeRTOS/Source/portable/MemMang/heap_4.o
 .text.MX_USB_HOST_Init
                0x0800e5d8       0x4c ./USB_HOST/App/usb_host.o
                0x0800e5d8                MX_USB_HOST_Init
 .text.USBH_UserProcess
                0x0800e624       0x5c ./USB_HOST/App/usb_host.o
 .text.HAL_HCD_MspInit
                0x0800e680       0xc4 ./USB_HOST/Target/usbh_conf.o
                0x0800e680                HAL_HCD_MspInit
 .text.HAL_HCD_SOF_Callback
                0x0800e744       0x1c ./USB_HOST/Target/usbh_conf.o
                0x0800e744                HAL_HCD_SOF_Callback
 .text.HAL_HCD_Connect_Callback
                0x0800e760       0x1c ./USB_HOST/Target/usbh_conf.o
                0x0800e760                HAL_HCD_Connect_Callback
 .text.HAL_HCD_Disconnect_Callback
                0x0800e77c       0x1c ./USB_HOST/Target/usbh_conf.o
                0x0800e77c                HAL_HCD_Disconnect_Callback
 .text.HAL_HCD_HC_NotifyURBChange_Callback
                0x0800e798       0x24 ./USB_HOST/Target/usbh_conf.o
                0x0800e798                HAL_HCD_HC_NotifyURBChange_Callback
 .text.HAL_HCD_PortEnabled_Callback
                0x0800e7bc       0x1c ./USB_HOST/Target/usbh_conf.o
                0x0800e7bc                HAL_HCD_PortEnabled_Callback
 .text.HAL_HCD_PortDisabled_Callback
                0x0800e7d8       0x1c ./USB_HOST/Target/usbh_conf.o
                0x0800e7d8                HAL_HCD_PortDisabled_Callback
 .text.USBH_LL_Init
                0x0800e7f4       0x78 ./USB_HOST/Target/usbh_conf.o
                0x0800e7f4                USBH_LL_Init
 .text.USBH_LL_Start
                0x0800e86c       0x36 ./USB_HOST/Target/usbh_conf.o
                0x0800e86c                USBH_LL_Start
 .text.USBH_LL_Stop
                0x0800e8a2       0x36 ./USB_HOST/Target/usbh_conf.o
                0x0800e8a2                USBH_LL_Stop
 .text.USBH_LL_GetSpeed
                0x0800e8d8       0x4e ./USB_HOST/Target/usbh_conf.o
                0x0800e8d8                USBH_LL_GetSpeed
 .text.USBH_LL_ResetPort
                0x0800e926       0x36 ./USB_HOST/Target/usbh_conf.o
                0x0800e926                USBH_LL_ResetPort
 .text.USBH_LL_GetLastXferSize
                0x0800e95c       0x26 ./USB_HOST/Target/usbh_conf.o
                0x0800e95c                USBH_LL_GetLastXferSize
 .text.USBH_LL_OpenPipe
                0x0800e982       0x5e ./USB_HOST/Target/usbh_conf.o
                0x0800e982                USBH_LL_OpenPipe
 .text.USBH_LL_ClosePipe
                0x0800e9e0       0x1a ./USB_HOST/Target/usbh_conf.o
                0x0800e9e0                USBH_LL_ClosePipe
 .text.USBH_LL_SubmitURB
                0x0800e9fa       0x62 ./USB_HOST/Target/usbh_conf.o
                0x0800e9fa                USBH_LL_SubmitURB
 .text.USBH_LL_GetURBState
                0x0800ea5c       0x26 ./USB_HOST/Target/usbh_conf.o
                0x0800ea5c                USBH_LL_GetURBState
 .text.USBH_LL_DriverVBUS
                0x0800ea82       0x2e ./USB_HOST/Target/usbh_conf.o
                0x0800ea82                USBH_LL_DriverVBUS
 .text.USBH_LL_SetToggle
                0x0800eab0       0x66 ./USB_HOST/Target/usbh_conf.o
                0x0800eab0                USBH_LL_SetToggle
 .text.USBH_Delay
                0x0800eb16       0x16 ./USB_HOST/Target/usbh_conf.o
                0x0800eb16                USBH_Delay
 .text.USBH_Get_USB_Status
                0x0800eb2c       0x58 ./USB_HOST/Target/usbh_conf.o
                0x0800eb2c                USBH_Get_USB_Status
 .text.MX_DriverVbusFS
                0x0800eb84       0x38 ./USB_HOST/Target/usbh_platform.o
                0x0800eb84                MX_DriverVbusFS
 .text.malloc   0x0800ebbc       0x10 /Applications/STM32CubeIDE.app/Contents/Eclipse/plugins/com.st.stm32cube.ide.mcu.externaltools.gnu-tools-for-stm32.14.3.rel1.macosaarch64_1.0.0.202602081740/tools/bin/../lib/gcc/arm-none-eabi/14.3.1/../../../../arm-none-eabi/lib/thumb/v7e-m+fp/hard/libc_nano.a(libc_a-malloc.o)
                0x0800ebbc                malloc
 .text.free     0x0800ebcc       0x10 /Applications/STM32CubeIDE.app/Contents/Eclipse/plugins/com.st.stm32cube.ide.mcu.externaltools.gnu-tools-for-stm32.14.3.rel1.macosaarch64_1.0.0.202602081740/tools/bin/../lib/gcc/arm-none-eabi/14.3.1/../../../../arm-none-eabi/lib/thumb/v7e-m+fp/hard/libc_nano.a(libc_a-malloc.o)
                0x0800ebcc                free
 .text.sbrk_aligned
                0x0800ebdc       0x44 /Applications/STM32CubeIDE.app/Contents/Eclipse/plugins/com.st.stm32cube.ide.mcu.externaltools.gnu-tools-for-stm32.14.3.rel1.macosaarch64_1.0.0.202602081740/tools/bin/../lib/gcc/arm-none-eabi/14.3.1/../../../../arm-none-eabi/lib/thumb/v7e-m+fp/hard/libc_nano.a(libc_a-mallocr.o)
 .text._malloc_r
                0x0800ec20      0x100 /Applications/STM32CubeIDE.app/Contents/Eclipse/plugins/com.st.stm32cube.ide.mcu.externaltools.gnu-tools-for-stm32.14.3.rel1.macosaarch64_1.0.0.202602081740/tools/bin/../lib/gcc/arm-none-eabi/14.3.1/../../../../arm-none-eabi/lib/thumb/v7e-m+fp/hard/libc_nano.a(libc_a-mallocr.o)
                0x0800ec20                _malloc_r
 .text.__malloc_lock
                0x0800ed20        0xc /Applications/STM32CubeIDE.app/Contents/Eclipse/plugins/com.st.stm32cube.ide.mcu.externaltools.gnu-tools-for-stm32.14.3.rel1.macosaarch64_1.0.0.202602081740/tools/bin/../lib/gcc/arm-none-eabi/14.3.1/../../../../arm-none-eabi/lib/thumb/v7e-m+fp/hard/libc_nano.a(libc_a-mlock.o)
                0x0800ed20                __malloc_lock
 .text.__malloc_unlock
                0x0800ed2c        0xc /Applications/STM32CubeIDE.app/Contents/Eclipse/plugins/com.st.stm32cube.ide.mcu.externaltools.gnu-tools-for-stm32.14.3.rel1.macosaarch64_1.0.0.202602081740/tools/bin/../lib/gcc/arm-none-eabi/14.3.1/../../../../arm-none-eabi/lib/thumb/v7e-m+fp/hard/libc_nano.a(libc_a-mlock.o)
                0x0800ed2c                __malloc_unlock
 .text.memset   0x0800ed38       0x10 /Applications/STM32CubeIDE.app/Contents/Eclipse/plugins/com.st.stm32cube.ide.mcu.externaltools.gnu-tools-for-stm32.14.3.rel1.macosaarch64_1.0.0.202602081740/tools/bin/../lib/gcc/arm-none-eabi/14.3.1/../../../../arm-none-eabi/lib/thumb/v7e-m+fp/hard/libc_nano.a(libc_a-memset.o)
                0x0800ed38                memset
 .text._sbrk_r  0x0800ed48       0x20 /Applications/STM32CubeIDE.app/Contents/Eclipse/plugins/com.st.stm32cube.ide.mcu.externaltools.gnu-tools-for-stm32.14.3.rel1.macosaarch64_1.0.0.202602081740/tools/bin/../lib/gcc/arm-none-eabi/14.3.1/../../../../arm-none-eabi/lib/thumb/v7e-m+fp/hard/libc_nano.a(libc_a-sbrkr.o)
                0x0800ed48                _sbrk_r
 .text.__errno  0x0800ed68        0xc /Applications/STM32CubeIDE.app/Contents/Eclipse/plugins/com.st.stm32cube.ide.mcu.externaltools.gnu-tools-for-stm32.14.3.rel1.macosaarch64_1.0.0.202602081740/tools/bin/../lib/gcc/arm-none-eabi/14.3.1/../../../../arm-none-eabi/lib/thumb/v7e-m+fp/hard/libc_nano.a(libc_a-errno.o)
                0x0800ed68                __errno
 .text.__libc_init_array
                0x0800ed74       0x48 /Applications/STM32CubeIDE.app/Contents/Eclipse/plugins/com.st.stm32cube.ide.mcu.externaltools.gnu-tools-for-stm32.14.3.rel1.macosaarch64_1.0.0.202602081740/tools/bin/../lib/gcc/arm-none-eabi/14.3.1/../../../../arm-none-eabi/lib/thumb/v7e-m+fp/hard/libc_nano.a(libc_a-init.o)
                0x0800ed74                __libc_init_array
 .text.__retarget_lock_acquire_recursive
                0x0800edbc        0x2 /Applications/STM32CubeIDE.app/Contents/Eclipse/plugins/com.st.stm32cube.ide.mcu.externaltools.gnu-tools-for-stm32.14.3.rel1.macosaarch64_1.0.0.202602081740/tools/bin/../lib/gcc/arm-none-eabi/14.3.1/../../../../arm-none-eabi/lib/thumb/v7e-m+fp/hard/libc_nano.a(libc_a-lock.o)
                0x0800edbc                __retarget_lock_acquire_recursive
 .text.__retarget_lock_release_recursive
                0x0800edbe        0x2 /Applications/STM32CubeIDE.app/Contents/Eclipse/plugins/com.st.stm32cube.ide.mcu.externaltools.gnu-tools-for-stm32.14.3.rel1.macosaarch64_1.0.0.202602081740/tools/bin/../lib/gcc/arm-none-eabi/14.3.1/../../../../arm-none-eabi/lib/thumb/v7e-m+fp/hard/libc_nano.a(libc_a-lock.o)
                0x0800edbe                __retarget_lock_release_recursive
 .text._reclaim_reent
                0x0800edc0       0xbc /Applications/STM32CubeIDE.app/Contents/Eclipse/plugins/com.st.stm32cube.ide.mcu.externaltools.gnu-tools-for-stm32.14.3.rel1.macosaarch64_1.0.0.202602081740/tools/bin/../lib/gcc/arm-none-eabi/14.3.1/../../../../arm-none-eabi/lib/thumb/v7e-m+fp/hard/libc_nano.a(libc_a-reent.o)
                0x0800edc0                _reclaim_reent
 .text.memcpy   0x0800ee7c       0x1c /Applications/STM32CubeIDE.app/Contents/Eclipse/plugins/com.st.stm32cube.ide.mcu.externaltools.gnu-tools-for-stm32.14.3.rel1.macosaarch64_1.0.0.202602081740/tools/bin/../lib/gcc/arm-none-eabi/14.3.1/../../../../arm-none-eabi/lib/thumb/v7e-m+fp/hard/libc_nano.a(libc_a-memcpy-stub.o)
                0x0800ee7c                memcpy
 .text._free_r  0x0800ee98       0x94 /Applications/STM32CubeIDE.app/Contents/Eclipse/plugins/com.st.stm32cube.ide.mcu.externaltools.gnu-tools-for-stm32.14.3.rel1.macosaarch64_1.0.0.202602081740/tools/bin/../lib/gcc/arm-none-eabi/14.3.1/../../../../arm-none-eabi/lib/thumb/v7e-m+fp/hard/libc_nano.a(libc_a-freer.o)
                0x0800ee98                _free_r
 *(.glue_7)
 .glue_7        0x0800ef2c        0x0 linker stubs
 *(.glue_7t)
 .glue_7t       0x0800ef2c        0x0 linker stubs
 *(.eh_frame)
 .eh_frame      0x0800ef2c        0x0 /Applications/STM32CubeIDE.app/Contents/Eclipse/plugins/com.st.stm32cube.ide.mcu.externaltools.gnu-tools-for-stm32.14.3.rel1.macosaarch64_1.0.0.202602081740/tools/bin/../lib/gcc/arm-none-eabi/14.3.1/thumb/v7e-m+fp/hard/crtbegin.o
 *(.init)
 .init          0x0800ef2c        0x4 /Applications/STM32CubeIDE.app/Contents/Eclipse/plugins/com.st.stm32cube.ide.mcu.externaltools.gnu-tools-for-stm32.14.3.rel1.macosaarch64_1.0.0.202602081740/tools/bin/../lib/gcc/arm-none-eabi/14.3.1/thumb/v7e-m+fp/hard/crti.o
                0x0800ef2c                _init
 .init          0x0800ef30        0x8 /Applications/STM32CubeIDE.app/Contents/Eclipse/plugins/com.st.stm32cube.ide.mcu.externaltools.gnu-tools-for-stm32.14.3.rel1.macosaarch64_1.0.0.202602081740/tools/bin/../lib/gcc/arm-none-eabi/14.3.1/thumb/v7e-m+fp/hard/crtn.o
 *(.fini)
 .fini          0x0800ef38        0x4 /Applications/STM32CubeIDE.app/Contents/Eclipse/plugins/com.st.stm32cube.ide.mcu.externaltools.gnu-tools-for-stm32.14.3.rel1.macosaarch64_1.0.0.202602081740/tools/bin/../lib/gcc/arm-none-eabi/14.3.1/thumb/v7e-m+fp/hard/crti.o
                0x0800ef38                _fini
 .fini          0x0800ef3c        0x8 /Applications/STM32CubeIDE.app/Contents/Eclipse/plugins/com.st.stm32cube.ide.mcu.externaltools.gnu-tools-for-stm32.14.3.rel1.macosaarch64_1.0.0.202602081740/tools/bin/../lib/gcc/arm-none-eabi/14.3.1/thumb/v7e-m+fp/hard/crtn.o
                0x0800ef44                        . = ALIGN (0x4)
                0x0800ef44                        _etext = .

.vfp11_veneer   0x0800ef44        0x0
 .vfp11_veneer  0x0800ef44        0x0 linker stubs

.v4_bx          0x0800ef44        0x0
 .v4_bx         0x0800ef44        0x0 linker stubs

.iplt           0x0800ef44        0x0
 .iplt          0x0800ef44        0x0 /Applications/STM32CubeIDE.app/Contents/Eclipse/plugins/com.st.stm32cube.ide.mcu.externaltools.gnu-tools-for-stm32.14.3.rel1.macosaarch64_1.0.0.202602081740/tools/bin/../lib/gcc/arm-none-eabi/14.3.1/thumb/v7e-m+fp/hard/crtbegin.o

.rodata         0x0800ef44      0x11c
                0x0800ef44                        . = ALIGN (0x4)
 *(.rodata)
 .rodata        0x0800ef44       0x76 ./App/Src/task_gps.o
 *fill*         0x0800efba        0x2 
 .rodata        0x0800efbc       0x36 ./Core/Src/main.o
 *fill*         0x0800eff2        0x2 
 .rodata        0x0800eff4        0x4 ./Middlewares/ST/STM32_USB_Host_Library/Class/CDC/Src/usbh_cdc.o
 .rodata        0x0800eff8        0xb ./Middlewares/ST/STM32_USB_Host_Library/Core/Src/usbh_core.o
 *fill*         0x0800f003        0x1 
 .rodata        0x0800f004        0x5 ./Middlewares/Third_Party/FreeRTOS/Source/tasks.o
 *fill*         0x0800f009        0x3 
 .rodata        0x0800f00c        0xd ./Middlewares/Third_Party/FreeRTOS/Source/timers.o
 *(.rodata*)
 *fill*         0x0800f019        0x3 
 .rodata.defaultTask_attributes
                0x0800f01c       0x24 ./Core/Src/main.o
                0x0800f01c                defaultTask_attributes
 .rodata.AHBPrescTable
                0x0800f040       0x10 ./Core/Src/system_stm32f4xx.o
                0x0800f040                AHBPrescTable
 .rodata.APBPrescTable
                0x0800f050        0x8 ./Core/Src/system_stm32f4xx.o
                0x0800f050                APBPrescTable
 .rodata.flagBitshiftOffset.0
                0x0800f058        0x8 ./Drivers/STM32F4xx_HAL_Driver/Src/stm32f4xx_hal_dma.o
                0x0800f060                        . = ALIGN (0x4)

.ARM.extab      0x0800f060        0x0
                0x0800f060                        . = ALIGN (0x4)
 *(.ARM.extab* .gnu.linkonce.armextab.*)
                0x0800f060                        . = ALIGN (0x4)

.ARM            0x0800f060        0x8
                0x0800f060                        . = ALIGN (0x4)
                0x0800f060                        __exidx_start = .
 *(.ARM.exidx*)
 .ARM.exidx     0x0800f060        0x8 /Applications/STM32CubeIDE.app/Contents/Eclipse/plugins/com.st.stm32cube.ide.mcu.externaltools.gnu-tools-for-stm32.14.3.rel1.macosaarch64_1.0.0.202602081740/tools/bin/../lib/gcc/arm-none-eabi/14.3.1/../../../../arm-none-eabi/lib/thumb/v7e-m+fp/hard/libc_nano.a(libc_a-strlen.o)
 .ARM.exidx     0x0800f068        0x0 /Applications/STM32CubeIDE.app/Contents/Eclipse/plugins/com.st.stm32cube.ide.mcu.externaltools.gnu-tools-for-stm32.14.3.rel1.macosaarch64_1.0.0.202602081740/tools/bin/../lib/gcc/arm-none-eabi/14.3.1/thumb/v7e-m+fp/hard/libgcc.a(_udivmoddi4.o)
                                  0x8 (size before relaxing)
                0x0800f068                        __exidx_end = .
                0x0800f068                        . = ALIGN (0x4)

.preinit_array  0x0800f068        0x0
                0x0800f068                        . = ALIGN (0x4)
                0x0800f068                        PROVIDE (__preinit_array_start = .)
 *(.preinit_array*)
                0x0800f068                        PROVIDE (__preinit_array_end = .)
                0x0800f068                        . = ALIGN (0x4)

.init_array     0x0800f068        0x4
                0x0800f068                        . = ALIGN (0x4)
                0x0800f068                        PROVIDE (__init_array_start = .)
 *(SORT_BY_NAME(.init_array.*))
 *(.init_array*)
 .init_array    0x0800f068        0x4 /Applications/STM32CubeIDE.app/Contents/Eclipse/plugins/com.st.stm32cube.ide.mcu.externaltools.gnu-tools-for-stm32.14.3.rel1.macosaarch64_1.0.0.202602081740/tools/bin/../lib/gcc/arm-none-eabi/14.3.1/thumb/v7e-m+fp/hard/crtbegin.o
                0x0800f06c                        PROVIDE (__init_array_end = .)
                0x0800f06c                        . = ALIGN (0x4)

.fini_array     0x0800f06c        0x4
                0x0800f06c                        . = ALIGN (0x4)
                [!provide]                        PROVIDE (__fini_array_start = .)
 *(SORT_BY_NAME(.fini_array.*))
 *(.fini_array*)
 .fini_array    0x0800f06c        0x4 /Applications/STM32CubeIDE.app/Contents/Eclipse/plugins/com.st.stm32cube.ide.mcu.externaltools.gnu-tools-for-stm32.14.3.rel1.macosaarch64_1.0.0.202602081740/tools/bin/../lib/gcc/arm-none-eabi/14.3.1/thumb/v7e-m+fp/hard/crtbegin.o
                [!provide]                        PROVIDE (__fini_array_end = .)
                0x0800f070                        . = ALIGN (0x4)
                0x0800f070                        _sidata = LOADADDR (.data)

.rel.dyn        0x0800f070        0x0
 .rel.iplt      0x0800f070        0x0 /Applications/STM32CubeIDE.app/Contents/Eclipse/plugins/com.st.stm32cube.ide.mcu.externaltools.gnu-tools-for-stm32.14.3.rel1.macosaarch64_1.0.0.202602081740/tools/bin/../lib/gcc/arm-none-eabi/14.3.1/thumb/v7e-m+fp/hard/crtbegin.o

.data           0x20000000       0x80 load address 0x0800f070
                0x20000000                        . = ALIGN (0x4)
                0x20000000                        _sdata = .
 *(.data)
 *(.data*)
 .data.SystemCoreClock
                0x20000000        0x4 ./Core/Src/system_stm32f4xx.o
                0x20000000                SystemCoreClock
 .data.uwTickPrio
                0x20000004        0x4 ./Drivers/STM32F4xx_HAL_Driver/Src/stm32f4xx_hal.o
                0x20000004                uwTickPrio
 .data.uwTickFreq
                0x20000008        0x1 ./Drivers/STM32F4xx_HAL_Driver/Src/stm32f4xx_hal.o
                0x20000008                uwTickFreq
 *fill*         0x20000009        0x3 
 .data.CDC_Class
                0x2000000c       0x20 ./Middlewares/ST/STM32_USB_Host_Library/Class/CDC/Src/usbh_cdc.o
                0x2000000c                CDC_Class
 .data.uxCriticalNesting
                0x2000002c        0x4 ./Middlewares/Third_Party/FreeRTOS/Source/portable/GCC/ARM_CM4F/port.o
 .data._impure_ptr
                0x20000030        0x4 /Applications/STM32CubeIDE.app/Contents/Eclipse/plugins/com.st.stm32cube.ide.mcu.externaltools.gnu-tools-for-stm32.14.3.rel1.macosaarch64_1.0.0.202602081740/tools/bin/../lib/gcc/arm-none-eabi/14.3.1/../../../../arm-none-eabi/lib/thumb/v7e-m+fp/hard/libc_nano.a(libc_a-impure.o)
                0x20000030                _impure_ptr
 .data._impure_data
                0x20000034       0x4c /Applications/STM32CubeIDE.app/Contents/Eclipse/plugins/com.st.stm32cube.ide.mcu.externaltools.gnu-tools-for-stm32.14.3.rel1.macosaarch64_1.0.0.202602081740/tools/bin/../lib/gcc/arm-none-eabi/14.3.1/../../../../arm-none-eabi/lib/thumb/v7e-m+fp/hard/libc_nano.a(libc_a-impure.o)
                0x20000034                _impure_data
 *(.RamFunc)
 *(.RamFunc*)
                0x20000080                        . = ALIGN (0x4)
                0x20000080                        _edata = .
                0x0800f0f0                        _siccmram = LOADADDR (.ccmram)

.igot.plt       0x20000080        0x0 load address 0x0800f0f0
 .igot.plt      0x20000080        0x0 /Applications/STM32CubeIDE.app/Contents/Eclipse/plugins/com.st.stm32cube.ide.mcu.externaltools.gnu-tools-for-stm32.14.3.rel1.macosaarch64_1.0.0.202602081740/tools/bin/../lib/gcc/arm-none-eabi/14.3.1/thumb/v7e-m+fp/hard/crtbegin.o

.ccmram         0x10000000        0x0 load address 0x0800f0f0
                0x10000000                        . = ALIGN (0x4)
                0x10000000                        _sccmram = .
 *(.ccmram)
 *(.ccmram*)
                0x10000000                        . = ALIGN (0x4)
                0x10000000                        _eccmram = .
                0x10000000                        . = ALIGN (0x4)

.bss            0x20000080     0x5690
                0x20000080                        _sbss = .
                0x20000080                        __bss_start__ = _sbss
 *(.bss)
 .bss           0x20000080       0x1c /Applications/STM32CubeIDE.app/Contents/Eclipse/plugins/com.st.stm32cube.ide.mcu.externaltools.gnu-tools-for-stm32.14.3.rel1.macosaarch64_1.0.0.202602081740/tools/bin/../lib/gcc/arm-none-eabi/14.3.1/thumb/v7e-m+fp/hard/crtbegin.o
 *(.bss*)
 .bss.gpsRxBuf  0x2000009c       0x60 ./App/Src/task_gps.o
                0x2000009c                gpsRxBuf
 .bss.imuData   0x200000fc       0x17 ./App/Src/task_imu.o
 *fill*         0x20000113        0x1 
 .bss.hi2s3     0x20000114       0x48 ./Core/Src/main.o
                0x20000114                hi2s3
 .bss.hspi1     0x2000015c       0x58 ./Core/Src/main.o
                0x2000015c                hspi1
 .bss.htim2     0x200001b4       0x48 ./Core/Src/main.o
                0x200001b4                htim2
 .bss.huart1    0x200001fc       0x48 ./Core/Src/main.o
                0x200001fc                huart1
 .bss.huart2    0x20000244       0x48 ./Core/Src/main.o
                0x20000244                huart2
 .bss.huart3    0x2000028c       0x48 ./Core/Src/main.o
                0x2000028c                huart3
 .bss.hdma_usart1_rx
                0x200002d4       0x60 ./Core/Src/main.o
                0x200002d4                hdma_usart1_rx
 .bss.hdma_usart2_rx
                0x20000334       0x60 ./Core/Src/main.o
                0x20000334                hdma_usart2_rx
 .bss.defaultTaskHandle
                0x20000394        0x4 ./Core/Src/main.o
                0x20000394                defaultTaskHandle
 .bss.imuTask   0x20000398        0x4 ./Core/Src/main.o
                0x20000398                imuTask
 .bss.gpsTask   0x2000039c        0x4 ./Core/Src/main.o
                0x2000039c                gpsTask
 .bss.btMutex   0x200003a0        0x4 ./Core/Src/main.o
                0x200003a0                btMutex
 .bss.htim6     0x200003a4       0x48 ./Core/Src/stm32f4xx_hal_timebase_tim.o
                0x200003a4                htim6
 .bss.__sbrk_heap_end
                0x200003ec        0x4 ./Core/Src/sysmem.o
 .bss.uwTick    0x200003f0        0x4 ./Drivers/STM32F4xx_HAL_Driver/Src/stm32f4xx_hal.o
                0x200003f0                uwTick
 .bss.USBH_Thread_Atrr
                0x200003f4       0x24 ./Middlewares/ST/STM32_USB_Host_Library/Core/Src/usbh_core.o
                0x200003f4                USBH_Thread_Atrr
 .bss.KernelState
                0x20000418        0x4 ./Middlewares/Third_Party/FreeRTOS/Source/CMSIS_RTOS_V2/cmsis_os2.o
 .bss.Idle_TCB.3
                0x2000041c       0xa8 ./Middlewares/Third_Party/FreeRTOS/Source/CMSIS_RTOS_V2/cmsis_os2.o
 .bss.Idle_Stack.2
                0x200004c4      0x200 ./Middlewares/Third_Party/FreeRTOS/Source/CMSIS_RTOS_V2/cmsis_os2.o
 .bss.Timer_TCB.1
                0x200006c4       0xa8 ./Middlewares/Third_Party/FreeRTOS/Source/CMSIS_RTOS_V2/cmsis_os2.o
 .bss.Timer_Stack.0
                0x2000076c      0x400 ./Middlewares/Third_Party/FreeRTOS/Source/CMSIS_RTOS_V2/cmsis_os2.o
 .bss.xQueueRegistry
                0x20000b6c       0x40 ./Middlewares/Third_Party/FreeRTOS/Source/queue.o
                0x20000b6c                xQueueRegistry
 .bss.pxCurrentTCB
                0x20000bac        0x4 ./Middlewares/Third_Party/FreeRTOS/Source/tasks.o
                0x20000bac                pxCurrentTCB
 .bss.pxReadyTasksLists
                0x20000bb0      0x460 ./Middlewares/Third_Party/FreeRTOS/Source/tasks.o
 .bss.xDelayedTaskList1
                0x20001010       0x14 ./Middlewares/Third_Party/FreeRTOS/Source/tasks.o
 .bss.xDelayedTaskList2
                0x20001024       0x14 ./Middlewares/Third_Party/FreeRTOS/Source/tasks.o
 .bss.pxDelayedTaskList
                0x20001038        0x4 ./Middlewares/Third_Party/FreeRTOS/Source/tasks.o
 .bss.pxOverflowDelayedTaskList
                0x2000103c        0x4 ./Middlewares/Third_Party/FreeRTOS/Source/tasks.o
 .bss.xPendingReadyList
                0x20001040       0x14 ./Middlewares/Third_Party/FreeRTOS/Source/tasks.o
 .bss.xTasksWaitingTermination
                0x20001054       0x14 ./Middlewares/Third_Party/FreeRTOS/Source/tasks.o
 .bss.uxDeletedTasksWaitingCleanUp
                0x20001068        0x4 ./Middlewares/Third_Party/FreeRTOS/Source/tasks.o
 .bss.xSuspendedTaskList
                0x2000106c       0x14 ./Middlewares/Third_Party/FreeRTOS/Source/tasks.o
 .bss.uxCurrentNumberOfTasks
                0x20001080        0x4 ./Middlewares/Third_Party/FreeRTOS/Source/tasks.o
 .bss.xTickCount
                0x20001084        0x4 ./Middlewares/Third_Party/FreeRTOS/Source/tasks.o
 .bss.uxTopReadyPriority
                0x20001088        0x4 ./Middlewares/Third_Party/FreeRTOS/Source/tasks.o
 .bss.xSchedulerRunning
                0x2000108c        0x4 ./Middlewares/Third_Party/FreeRTOS/Source/tasks.o
 .bss.xPendedTicks
                0x20001090        0x4 ./Middlewares/Third_Party/FreeRTOS/Source/tasks.o
 .bss.xYieldPending
                0x20001094        0x4 ./Middlewares/Third_Party/FreeRTOS/Source/tasks.o
 .bss.xNumOfOverflows
                0x20001098        0x4 ./Middlewares/Third_Party/FreeRTOS/Source/tasks.o
 .bss.uxTaskNumber
                0x2000109c        0x4 ./Middlewares/Third_Party/FreeRTOS/Source/tasks.o
 .bss.xNextTaskUnblockTime
                0x200010a0        0x4 ./Middlewares/Third_Party/FreeRTOS/Source/tasks.o
 .bss.xIdleTaskHandle
                0x200010a4        0x4 ./Middlewares/Third_Party/FreeRTOS/Source/tasks.o
 .bss.uxSchedulerSuspended
                0x200010a8        0x4 ./Middlewares/Third_Party/FreeRTOS/Source/tasks.o
 .bss.xActiveTimerList1
                0x200010ac       0x14 ./Middlewares/Third_Party/FreeRTOS/Source/timers.o
 .bss.xActiveTimerList2
                0x200010c0       0x14 ./Middlewares/Third_Party/FreeRTOS/Source/timers.o
 .bss.pxCurrentTimerList
                0x200010d4        0x4 ./Middlewares/Third_Party/FreeRTOS/Source/timers.o
 .bss.pxOverflowTimerList
                0x200010d8        0x4 ./Middlewares/Third_Party/FreeRTOS/Source/timers.o
 .bss.xTimerQueue
                0x200010dc        0x4 ./Middlewares/Third_Party/FreeRTOS/Source/timers.o
 .bss.xTimerTaskHandle
                0x200010e0        0x4 ./Middlewares/Third_Party/FreeRTOS/Source/timers.o
 .bss.xLastTime.2
                0x200010e4        0x4 ./Middlewares/Third_Party/FreeRTOS/Source/timers.o
 .bss.ucStaticTimerQueueStorage.1
                0x200010e8       0xa0 ./Middlewares/Third_Party/FreeRTOS/Source/timers.o
 .bss.xStaticTimerQueue.0
                0x20001188       0x50 ./Middlewares/Third_Party/FreeRTOS/Source/timers.o
 .bss.ucMaxSysCallPriority
                0x200011d8        0x1 ./Middlewares/Third_Party/FreeRTOS/Source/portable/GCC/ARM_CM4F/port.o
 *fill*         0x200011d9        0x3 
 .bss.ulMaxPRIGROUPValue
                0x200011dc        0x4 ./Middlewares/Third_Party/FreeRTOS/Source/portable/GCC/ARM_CM4F/port.o
 .bss.ucHeap    0x200011e0     0x3c00 ./Middlewares/Third_Party/FreeRTOS/Source/portable/MemMang/heap_4.o
 .bss.xStart    0x20004de0        0x8 ./Middlewares/Third_Party/FreeRTOS/Source/portable/MemMang/heap_4.o
 .bss.pxEnd     0x20004de8        0x4 ./Middlewares/Third_Party/FreeRTOS/Source/portable/MemMang/heap_4.o
 .bss.xFreeBytesRemaining
                0x20004dec        0x4 ./Middlewares/Third_Party/FreeRTOS/Source/portable/MemMang/heap_4.o
 .bss.xMinimumEverFreeBytesRemaining
                0x20004df0        0x4 ./Middlewares/Third_Party/FreeRTOS/Source/portable/MemMang/heap_4.o
 .bss.xNumberOfSuccessfulAllocations
                0x20004df4        0x4 ./Middlewares/Third_Party/FreeRTOS/Source/portable/MemMang/heap_4.o
 .bss.xNumberOfSuccessfulFrees
                0x20004df8        0x4 ./Middlewares/Third_Party/FreeRTOS/Source/portable/MemMang/heap_4.o
 .bss.xBlockAllocatedBit
                0x20004dfc        0x4 ./Middlewares/Third_Party/FreeRTOS/Source/portable/MemMang/heap_4.o
 .bss.hUsbHostFS
                0x20004e00      0x3e4 ./USB_HOST/App/usb_host.o
                0x20004e00                hUsbHostFS
 .bss.Appli_state
                0x200051e4        0x1 ./USB_HOST/App/usb_host.o
                0x200051e4                Appli_state
 *fill*         0x200051e5        0x3 
 .bss.hhcd_USB_OTG_FS
                0x200051e8      0x3e0 ./USB_HOST/Target/usbh_conf.o
                0x200051e8                hhcd_USB_OTG_FS
 .bss.__malloc_sbrk_start
                0x200055c8        0x4 /Applications/STM32CubeIDE.app/Contents/Eclipse/plugins/com.st.stm32cube.ide.mcu.externaltools.gnu-tools-for-stm32.14.3.rel1.macosaarch64_1.0.0.202602081740/tools/bin/../lib/gcc/arm-none-eabi/14.3.1/../../../../arm-none-eabi/lib/thumb/v7e-m+fp/hard/libc_nano.a(libc_a-mallocr.o)
                0x200055c8                __malloc_sbrk_start
 .bss.__malloc_free_list
                0x200055cc        0x4 /Applications/STM32CubeIDE.app/Contents/Eclipse/plugins/com.st.stm32cube.ide.mcu.externaltools.gnu-tools-for-stm32.14.3.rel1.macosaarch64_1.0.0.202602081740/tools/bin/../lib/gcc/arm-none-eabi/14.3.1/../../../../arm-none-eabi/lib/thumb/v7e-m+fp/hard/libc_nano.a(libc_a-mallocr.o)
                0x200055cc                __malloc_free_list
 .bss.__sf      0x200055d0      0x138 /Applications/STM32CubeIDE.app/Contents/Eclipse/plugins/com.st.stm32cube.ide.mcu.externaltools.gnu-tools-for-stm32.14.3.rel1.macosaarch64_1.0.0.202602081740/tools/bin/../lib/gcc/arm-none-eabi/14.3.1/../../../../arm-none-eabi/lib/thumb/v7e-m+fp/hard/libc_nano.a(libc_a-findfp.o)
                0x200055d0                __sf
 .bss.__lock___malloc_recursive_mutex
                0x20005708        0x1 /Applications/STM32CubeIDE.app/Contents/Eclipse/plugins/com.st.stm32cube.ide.mcu.externaltools.gnu-tools-for-stm32.14.3.rel1.macosaarch64_1.0.0.202602081740/tools/bin/../lib/gcc/arm-none-eabi/14.3.1/../../../../arm-none-eabi/lib/thumb/v7e-m+fp/hard/libc_nano.a(libc_a-lock.o)
                0x20005708                __lock___malloc_recursive_mutex
 *fill*         0x20005709        0x3 
 .bss.errno     0x2000570c        0x4 /Applications/STM32CubeIDE.app/Contents/Eclipse/plugins/com.st.stm32cube.ide.mcu.externaltools.gnu-tools-for-stm32.14.3.rel1.macosaarch64_1.0.0.202602081740/tools/bin/../lib/gcc/arm-none-eabi/14.3.1/../../../../arm-none-eabi/lib/thumb/v7e-m+fp/hard/libc_nano.a(libc_a-reent.o)
                0x2000570c                errno
 *(COMMON)
                0x20005710                        . = ALIGN (0x4)
                0x20005710                        _ebss = .
                0x20005710                        __bss_end__ = _ebss

._user_heap_stack
                0x20005710      0x600
                0x20005710                        . = ALIGN (0x8)
                [!provide]                        PROVIDE (end = .)
                0x20005710                        PROVIDE (_end = .)
                0x20005910                        . = (. + _Min_Heap_Size)
 *fill*         0x20005710      0x200 
                0x20005d10                        . = (. + _Min_Stack_Size)
 *fill*         0x20005910      0x400 
                0x20005d10                        . = ALIGN (0x8)

/DISCARD/
 libc.a(*)
 libm.a(*)
 libgcc.a(*)

.ARM.attributes
                0x00000000       0x30
 *(.ARM.attributes)
 .ARM.attributes