Archive member included to satisfy reference by file (symbol)

C:/ST/STM32CubeIDE_2.1.1/STM32CubeIDE/plugins/com.st.stm32cube.ide.mcu.externaltools.gnu-tools-for-stm32.14.3.rel1.win32_1.0.100.202602081740/tools/bin/../lib/gcc/arm-none-eabi/14.3.1/../../../../arm-none-eabi/lib/thumb/v7e-m+fp/hard\libc_nano.a(libc_a-exit.o)
                              C:/ST/STM32CubeIDE_2.1.1/STM32CubeIDE/plugins/com.st.stm32cube.ide.mcu.externaltools.gnu-tools-for-stm32.14.3.rel1.win32_1.0.100.202602081740/tools/bin/../lib/gcc/arm-none-eabi/14.3.1/../../../../arm-none-eabi/lib/thumb/v7e-m+fp/hard/crt0.o (exit)
C:/ST/STM32CubeIDE_2.1.1/STM32CubeIDE/plugins/com.st.stm32cube.ide.mcu.externaltools.gnu-tools-for-stm32.14.3.rel1.win32_1.0.100.202602081740/tools/bin/../lib/gcc/arm-none-eabi/14.3.1/../../../../arm-none-eabi/lib/thumb/v7e-m+fp/hard\libc_nano.a(libc_a-malloc.o)
                              ./Middlewares/ST/STM32_USB_Host_Library/Class/CDC/Src/usbh_cdc.o (malloc)
C:/ST/STM32CubeIDE_2.1.1/STM32CubeIDE/plugins/com.st.stm32cube.ide.mcu.externaltools.gnu-tools-for-stm32.14.3.rel1.win32_1.0.100.202602081740/tools/bin/../lib/gcc/arm-none-eabi/14.3.1/../../../../arm-none-eabi/lib/thumb/v7e-m+fp/hard\libc_nano.a(libc_a-mallocr.o)
                              C:/ST/STM32CubeIDE_2.1.1/STM32CubeIDE/plugins/com.st.stm32cube.ide.mcu.externaltools.gnu-tools-for-stm32.14.3.rel1.win32_1.0.100.202602081740/tools/bin/../lib/gcc/arm-none-eabi/14.3.1/../../../../arm-none-eabi/lib/thumb/v7e-m+fp/hard\libc_nano.a(libc_a-malloc.o) (_malloc_r)
C:/ST/STM32CubeIDE_2.1.1/STM32CubeIDE/plugins/com.st.stm32cube.ide.mcu.externaltools.gnu-tools-for-stm32.14.3.rel1.win32_1.0.100.202602081740/tools/bin/../lib/gcc/arm-none-eabi/14.3.1/../../../../arm-none-eabi/lib/thumb/v7e-m+fp/hard\libc_nano.a(libc_a-mlock.o)
                              C:/ST/STM32CubeIDE_2.1.1/STM32CubeIDE/plugins/com.st.stm32cube.ide.mcu.externaltools.gnu-tools-for-stm32.14.3.rel1.win32_1.0.100.202602081740/tools/bin/../lib/gcc/arm-none-eabi/14.3.1/../../../../arm-none-eabi/lib/thumb/v7e-m+fp/hard\libc_nano.a(libc_a-mallocr.o) (__malloc_lock)
C:/ST/STM32CubeIDE_2.1.1/STM32CubeIDE/plugins/com.st.stm32cube.ide.mcu.externaltools.gnu-tools-for-stm32.14.3.rel1.win32_1.0.100.202602081740/tools/bin/../lib/gcc/arm-none-eabi/14.3.1/../../../../arm-none-eabi/lib/thumb/v7e-m+fp/hard\libc_nano.a(libc_a-strtol.o)
                              ./Drivers/minmea/minmea.o (strtol)
C:/ST/STM32CubeIDE_2.1.1/STM32CubeIDE/plugins/com.st.stm32cube.ide.mcu.externaltools.gnu-tools-for-stm32.14.3.rel1.win32_1.0.100.202602081740/tools/bin/../lib/gcc/arm-none-eabi/14.3.1/../../../../arm-none-eabi/lib/thumb/v7e-m+fp/hard\libc_nano.a(libc_a-ctype_.o)
                              ./Drivers/minmea/minmea.o (_ctype_)
C:/ST/STM32CubeIDE_2.1.1/STM32CubeIDE/plugins/com.st.stm32cube.ide.mcu.externaltools.gnu-tools-for-stm32.14.3.rel1.win32_1.0.100.202602081740/tools/bin/../lib/gcc/arm-none-eabi/14.3.1/../../../../arm-none-eabi/lib/thumb/v7e-m+fp/hard\libc_nano.a(libc_a-findfp.o)
                              ./Middlewares/Third_Party/FreeRTOS/Source/tasks.o (__sf)
C:/ST/STM32CubeIDE_2.1.1/STM32CubeIDE/plugins/com.st.stm32cube.ide.mcu.externaltools.gnu-tools-for-stm32.14.3.rel1.win32_1.0.100.202602081740/tools/bin/../lib/gcc/arm-none-eabi/14.3.1/../../../../arm-none-eabi/lib/thumb/v7e-m+fp/hard\libc_nano.a(libc_a-fwalk.o)
                              C:/ST/STM32CubeIDE_2.1.1/STM32CubeIDE/plugins/com.st.stm32cube.ide.mcu.externaltools.gnu-tools-for-stm32.14.3.rel1.win32_1.0.100.202602081740/tools/bin/../lib/gcc/arm-none-eabi/14.3.1/../../../../arm-none-eabi/lib/thumb/v7e-m+fp/hard\libc_nano.a(libc_a-findfp.o) (_fwalk_sglue)
C:/ST/STM32CubeIDE_2.1.1/STM32CubeIDE/plugins/com.st.stm32cube.ide.mcu.externaltools.gnu-tools-for-stm32.14.3.rel1.win32_1.0.100.202602081740/tools/bin/../lib/gcc/arm-none-eabi/14.3.1/../../../../arm-none-eabi/lib/thumb/v7e-m+fp/hard\libc_nano.a(libc_a-stdio.o)
                              C:/ST/STM32CubeIDE_2.1.1/STM32CubeIDE/plugins/com.st.stm32cube.ide.mcu.externaltools.gnu-tools-for-stm32.14.3.rel1.win32_1.0.100.202602081740/tools/bin/../lib/gcc/arm-none-eabi/14.3.1/../../../../arm-none-eabi/lib/thumb/v7e-m+fp/hard\libc_nano.a(libc_a-findfp.o) (__sread)
C:/ST/STM32CubeIDE_2.1.1/STM32CubeIDE/plugins/com.st.stm32cube.ide.mcu.externaltools.gnu-tools-for-stm32.14.3.rel1.win32_1.0.100.202602081740/tools/bin/../lib/gcc/arm-none-eabi/14.3.1/../../../../arm-none-eabi/lib/thumb/v7e-m+fp/hard\libc_nano.a(libc_a-memcmp.o)
                              ./Drivers/minmea/minmea.o (memcmp)
C:/ST/STM32CubeIDE_2.1.1/STM32CubeIDE/plugins/com.st.stm32cube.ide.mcu.externaltools.gnu-tools-for-stm32.14.3.rel1.win32_1.0.100.202602081740/tools/bin/../lib/gcc/arm-none-eabi/14.3.1/../../../../arm-none-eabi/lib/thumb/v7e-m+fp/hard\libc_nano.a(libc_a-memset.o)
[...]
Memory Configuration

Name             Origin             Length             Attributes
CCMRAM           0x10000000         0x00010000         xrw
RAM              0x20000000         0x00020000         xrw
FLASH            0x08000000         0x00100000         xr
*default*        0x00000000         0xffffffff

Linker script and memory map

LOAD C:/ST/STM32CubeIDE_2.1.1/STM32CubeIDE/plugins/com.st.stm32cube.ide.mcu.externaltools.gnu-tools-for-stm32.14.3.rel1.win32_1.0.100.202602081740/tools/bin/../lib/gcc/arm-none-eabi/14.3.1/thumb/v7e-m+fp/hard/crti.o
LOAD C:/ST/STM32CubeIDE_2.1.1/STM32CubeIDE/plugins/com.st.stm32cube.ide.mcu.externaltools.gnu-tools-for-stm32.14.3.rel1.win32_1.0.100.202602081740/tools/bin/../lib/gcc/arm-none-eabi/14.3.1/thumb/v7e-m+fp/hard/crtbegin.o
LOAD C:/ST/STM32CubeIDE_2.1.1/STM32CubeIDE/plugins/com.st.stm32cube.ide.mcu.externaltools.gnu-tools-for-stm32.14.3.rel1.win32_1.0.100.202602081740/tools/bin/../lib/gcc/arm-none-eabi/14.3.1/../../../../arm-none-eabi/lib/thumb/v7e-m+fp/hard/crt0.o
LOAD ./Core/Src/freertos.o
LOAD ./Core/Src/main.o
LOAD ./Core/Src/stm32f4xx_hal_msp.o
LOAD ./Core/Src/stm32f4xx_hal_timebase_tim.o
LOAD ./Core/Src/stm32f4xx_it.o
LOAD ./Core/Src/syscalls.o
LOAD ./Core/Src/sysmem.o
LOAD ./Core/Src/system_stm32f4xx.o
LOAD ./Core/Startup/startup_stm32f407vgtx.o
LOAD ./Drivers/STM32F4xx_HAL_Driver/Src/stm32f4xx_hal.o
LOAD ./Drivers/STM32F4xx_HAL_Driver/Src/stm32f4xx_hal_cortex.o
LOAD ./Drivers/STM32F4xx_HAL_Driver/Src/stm32f4xx_hal_dma.o
LOAD ./Drivers/STM32F4xx_HAL_Driver/Src/stm32f4xx_hal_dma_ex.o
LOAD ./Drivers/STM32F4xx_HAL_Driver/Src/stm32f4xx_hal_exti.o
LOAD ./Drivers/STM32F4xx_HAL_Driver/Src/stm32f4xx_hal_flash.o
LOAD ./Drivers/STM32F4xx_HAL_Driver/Src/stm32f4xx_hal_flash_ex.o
LOAD ./Drivers/STM32F4xx_HAL_Driver/Src/stm32f4xx_hal_flash_ramfunc.o
LOAD ./Drivers/STM32F4xx_HAL_Driver/Src/stm32f4xx_hal_gpio.o
LOAD ./Drivers/STM32F4xx_HAL_Driver/Src/stm32f4xx_hal_hcd.o
LOAD ./Drivers/STM32F4xx_HAL_Driver/Src/stm32f4xx_hal_i2c.o
LOAD ./Drivers/STM32F4xx_HAL_Driver/Src/stm32f4xx_hal_i2c_ex.o
LOAD ./Drivers/STM32F4xx_HAL_Driver/Src/stm32f4xx_hal_i2s.o
LOAD ./Drivers/STM32F4xx_HAL_Driver/Src/stm32f4xx_hal_i2s_ex.o
LOAD ./Drivers/STM32F4xx_HAL_Driver/Src/stm32f4xx_hal_pwr.o
LOAD ./Drivers/STM32F4xx_HAL_Driver/Src/stm32f4xx_hal_pwr_ex.o
LOAD ./Drivers/STM32F4xx_HAL_Driver/Src/stm32f4xx_hal_rcc.o
LOAD ./Drivers/STM32F4xx_HAL_Driver/Src/stm32f4xx_hal_rcc_ex.o
LOAD ./Drivers/STM32F4xx_HAL_Driver/Src/stm32f4xx_hal_spi.o
LOAD ./Drivers/STM32F4xx_HAL_Driver/Src/stm32f4xx_hal_tim.o
LOAD ./Drivers/STM32F4xx_HAL_Driver/Src/stm32f4xx_hal_tim_ex.o
LOAD ./Drivers/STM32F4xx_HAL_Driver/Src/stm32f4xx_hal_uart.o
LOAD ./Drivers/STM32F4xx_HAL_Driver/Src/stm32f4xx_ll_usb.o
LOAD ./Drivers/minmea/minmea.o
LOAD ./Drivers/sh2-demo-nucleo/app/bno08x_i2c_hal.o
LOAD ./Drivers/sh2-demo-nucleo/app/bno08x_uart_hal.o
LOAD ./Drivers/sh2-demo-nucleo/app/button.o
LOAD ./Drivers/sh2-demo-nucleo/app/dbg.o
LOAD ./Drivers/sh2-demo-nucleo/app/i2c_hal.o
LOAD ./Drivers/sh2-demo-nucleo/app/usart.o
LOAD ./Drivers/sh2-demo-nucleo/rvc/rvc.o
LOAD ./Drivers/sh2-demo-nucleo/sh2/euler.o
LOAD ./Drivers/sh2-demo-nucleo/sh2/sh2.o
LOAD ./Drivers/sh2-demo-nucleo/sh2/sh2_SensorValue.o
LOAD ./Drivers/sh2-demo-nucleo/sh2/sh2_util.o
LOAD ./Drivers/sh2-demo-nucleo/sh2/shtp.o
LOAD ./Middlewares/ST/STM32_USB_Host_Library/Class/CDC/Src/usbh_cdc.o
LOAD ./Middlewares/ST/STM32_USB_Host_Library/Core/Src/usbh_core.o
LOAD ./Middlewares/ST/STM32_USB_Host_Library/Core/Src/usbh_ctlreq.o
LOAD ./Middlewares/ST/STM32_USB_Host_Library/Core/Src/usbh_ioreq.o
LOAD ./Middlewares/ST/STM32_USB_Host_Library/Core/Src/usbh_pipes.o
LOAD ./Middlewares/Third_Party/FreeRTOS/Source/CMSIS_RTOS_V2/cmsis_os2.o
LOAD ./Middlewares/Third_Party/FreeRTOS/Source/croutine.o
LOAD ./Middlewares/Third_Party/FreeRTOS/Source/event_groups.o
LOAD ./Middlewares/Third_Party/FreeRTOS/Source/list.o
LOAD ./Middlewares/Third_Party/FreeRTOS/Source/queue.o
LOAD ./Middlewares/Third_Party/FreeRTOS/Source/stream_buffer.o
LOAD ./Middlewares/Third_Party/FreeRTOS/Source/tasks.o
LOAD ./Middlewares/Third_Party/FreeRTOS/Source/timers.o
LOAD ./Middlewares/Third_Party/FreeRTOS/Source/portable/GCC/ARM_CM4F/port.o
LOAD ./Middlewares/Third_Party/FreeRTOS/Source/portable/MemMang/heap_4.o
LOAD ./USB_HOST/App/usb_host.o
LOAD ./USB_HOST/Target/usbh_conf.o
LOAD ./USB_HOST/Target/usbh_platform.o
START GROUP
LOAD C:/ST/STM32CubeIDE_2.1.1/STM32CubeIDE/plugins/com.st.stm32cube.ide.mcu.externaltools.gnu-tools-for-stm32.14.3.rel1.win32_1.0.100.202602081740/tools/bin/../lib/gcc/arm-none-eabi/14.3.1/../../../../arm-none-eabi/lib/thumb/v7e-m+fp/hard\libc_nano.a
LOAD C:/ST/STM32CubeIDE_2.1.1/STM32CubeIDE/plugins/com.st.stm32cube.ide.mcu.externaltools.gnu-tools-for-stm32.14.3.rel1.win32_1.0.100.202602081740/tools/bin/../lib/gcc/arm-none-eabi/14.3.1/../../../../arm-none-eabi/lib/thumb/v7e-m+fp/hard\libm.a
END GROUP
START GROUP
LOAD C:/ST/STM32CubeIDE_2.1.1/STM32CubeIDE/plugins/com.st.stm32cube.ide.mcu.externaltools.gnu-tools-for-stm32.14.3.rel1.win32_1.0.100.202602081740/tools/bin/../lib/gcc/arm-none-eabi/14.3.1/thumb/v7e-m+fp/hard\libgcc.a
LOAD C:/ST/STM32CubeIDE_2.1.1/STM32CubeIDE/plugins/com.st.stm32cube.ide.mcu.externaltools.gnu-tools-for-stm32.14.3.rel1.win32_1.0.100.202602081740/tools/bin/../lib/gcc/arm-none-eabi/14.3.1/../../../../arm-none-eabi/lib/thumb/v7e-m+fp/hard\libc_nano.a
END GROUP
START GROUP
LOAD C:/ST/STM32CubeIDE_2.1.1/STM32CubeIDE/plugins/com.st.stm32cube.ide.mcu.externaltools.gnu-tools-for-stm32.14.3.rel1.win32_1.0.100.202602081740/tools/bin/../lib/gcc/arm-none-eabi/14.3.1/thumb/v7e-m+fp/hard\libgcc.a
LOAD C:/ST/STM32CubeIDE_2.1.1/STM32CubeIDE/plugins/com.st.stm32cube.ide.mcu.externaltools.gnu-tools-for-stm32.14.3.rel1.win32_1.0.100.202602081740/tools/bin/../lib/gcc/arm-none-eabi/14.3.1/../../../../arm-none-eabi/lib/thumb/v7e-m+fp/hard\libc_nano.a
LOAD C:/ST/STM32CubeIDE_2.1.1/STM32CubeIDE/plugins/com.st.stm32cube.ide.mcu.externaltools.gnu-tools-for-stm32.14.3.rel1.win32_1.0.100.202602081740/tools/bin/../lib/gcc/arm-none-eabi/14.3.1/../../../../arm-none-eabi/lib/thumb/v7e-m+fp/hard\libnosys.a
END GROUP
START GROUP
LOAD C:/ST/STM32CubeIDE_2.1.1/STM32CubeIDE/plugins/com.st.stm32cube.ide.mcu.externaltools.gnu-tools-for-stm32.14.3.rel1.win32_1.0.100.202602081740/tools/bin/../lib/gcc/arm-none-eabi/14.3.1/thumb/v7e-m+fp/hard\libgcc.a
LOAD C:/ST/STM32CubeIDE_2.1.1/STM32CubeIDE/plugins/com.st.stm32cube.ide.mcu.externaltools.gnu-tools-for-stm32.14.3.rel1.win32_1.0.100.202602081740/tools/bin/../lib/gcc/arm-none-eabi/14.3.1/../../../../arm-none-eabi/lib/thumb/v7e-m+fp/hard\libc_nano.a
LOAD C:/ST/STM32CubeIDE_2.1.1/STM32CubeIDE/plugins/com.st.stm32cube.ide.mcu.externaltools.gnu-tools-for-stm32.14.3.rel1.win32_1.0.100.202602081740/tools/bin/../lib/gcc/arm-none-eabi/14.3.1/../../../../arm-none-eabi/lib/thumb/v7e-m+fp/hard\libnosys.a
END GROUP
LOAD C:/ST/STM32CubeIDE_2.1.1/STM32CubeIDE/plugins/com.st.stm32cube.ide.mcu.externaltools.gnu-tools-for-stm32.14.3.rel1.win32_1.0.100.202602081740/tools/bin/../lib/gcc/arm-none-eabi/14.3.1/thumb/v7e-m+fp/hard/crtend.o
LOAD C:/ST/STM32CubeIDE_2.1.1/STM32CubeIDE/plugins/com.st.stm32cube.ide.mcu.externaltools.gnu-tools-for-stm32.14.3.rel1.win32_1.0.100.202602081740/tools/bin/../lib/gcc/arm-none-eabi/14.3.1/thumb/v7e-m+fp/hard/crtn.o
                0x20020000                        _estack = (ORIGIN (RAM) + LENGTH (RAM))
                0x00000200                        _Min_Heap_Size = 0x200
                0x00000400                        _Min_Stack_Size = 0x400

.isr_vector     0x08000000      0x188
                0x08000000                        . = ALIGN (0x4)
 *(.isr_vector)
 .isr_vector    0x08000000      0x188 ./Core/Startup/startup_stm32f407vgtx.o
                0x08000000                g_pfnVectors
                0x08000188                        . = ALIGN (0x4)

.text           0x08000190     0xe784
                0x08000190                        . = ALIGN (0x4)
 *(.text)
 .text          0x08000190       0x40 C:/ST/STM32CubeIDE_2.1.1/STM32CubeIDE/plugins/com.st.stm32cube.ide.mcu.externaltools.gnu-tools-for-stm32.14.3.rel1.win32_1.0.100.202602081740/tools/bin/../lib/gcc/arm-none-eabi/14.3.1/thumb/v7e-m+fp/hard/crtbegin.o
 .text          0x080001d0       0x30 C:/ST/STM32CubeIDE_2.1.1/STM32CubeIDE/plugins/com.st.stm32cube.ide.mcu.externaltools.gnu-tools-for-stm32.14.3.rel1.win32_1.0.100.202602081740/tools/bin/../lib/gcc/arm-none-eabi/14.3.1/thumb/v7e-m+fp/hard\libgcc.a(_aeabi_uldivmod.o)
                0x080001d0                __aeabi_uldivmod
 .text          0x08000200      0x2f8 C:/ST/STM32CubeIDE_2.1.1/STM32CubeIDE/plugins/com.st.stm32cube.ide.mcu.externaltools.gnu-tools-for-stm32.14.3.rel1.win32_1.0.100.202602081740/tools/bin/../lib/gcc/arm-none-eabi/14.3.1/thumb/v7e-m+fp/hard\libgcc.a(_udivmoddi4.o)
                0x08000200                __udivmoddi4
 .text          0x080004f8        0x4 C:/ST/STM32CubeIDE_2.1.1/STM32CubeIDE/plugins/com.st.stm32cube.ide.mcu.externaltools.gnu-tools-for-stm32.14.3.rel1.win32_1.0.100.202602081740/tools/bin/../lib/gcc/arm-none-eabi/14.3.1/thumb/v7e-m+fp/hard\libgcc.a(_dvmd_tls.o)
                0x080004f8                __aeabi_idiv0
                0x080004f8                __aeabi_ldiv0
 *(.text*)
 .text.main     0x080004fc       0x48 ./Core/Src/main.o
                0x080004fc                main
 .text.SystemClock_Config
                0x08000544       0xd4 ./Core/Src/main.o
                0x08000544                SystemClock_Config
 .text.MX_I2S3_Init
                0x08000618       0x60 ./Core/Src/main.o
 .text.MX_SPI1_Init
                0x08000678       0x6c ./Core/Src/main.o
 .text.MX_USART2_UART_Init
                0x080006e4       0x54 ./Core/Src/main.o
 .text.MX_USART3_UART_Init
                0x08000738       0x54 ./Core/Src/main.o
 .text.MX_GPIO_Init
                0x0800078c      0x1fc ./Core/Src/main.o
 .text.StartDefaultTask
                0x08000988       0x14 ./Core/Src/main.o
                0x08000988                StartDefaultTask
 .text.HAL_TIM_PeriodElapsedCallback
                0x0800099c       0x24 ./Core/Src/main.o
                0x0800099c                HAL_TIM_PeriodElapsedCallback
 .text.Error_Handler
                0x080009c0        0xc ./Core/Src/main.o
                0x080009c0                Error_Handler
 .text.HAL_MspInit
                0x080009cc       0x58 ./Core/Src/stm32f4xx_hal_msp.o
                0x080009cc                HAL_MspInit
 .text.HAL_I2S_MspInit
                0x08000a24      0x100 ./Core/Src/stm32f4xx_hal_msp.o
                0x08000a24                HAL_I2S_MspInit
 .text.HAL_SPI_MspInit
                0x08000b24       0x90 ./Core/Src/stm32f4xx_hal_msp.o
                0x08000b24                HAL_SPI_MspInit
 .text.HAL_TIM_Base_MspInit
                0x08000bb4       0x40 ./Core/Src/stm32f4xx_hal_msp.o
                0x08000bb4                HAL_TIM_Base_MspInit
 .text.HAL_UART_MspInit
                0x08000bf4      0x140 ./Core/Src/stm32f4xx_hal_msp.o
                0x08000bf4                HAL_UART_MspInit
 .text.HAL_InitTick
                0x08000d34       0xf8 ./Core/Src/stm32f4xx_hal_timebase_tim.o
                0x08000d34                HAL_InitTick
 .text.NMI_Handler
                0x08000e2c        0x8 ./Core/Src/stm32f4xx_it.o
                0x08000e2c                NMI_Handler
 .text.HardFault_Handler
                0x08000e34        0x8 ./Core/Src/stm32f4xx_it.o
                0x08000e34                HardFault_Handler
 .text.MemManage_Handler
                0x08000e3c        0x8 ./Core/Src/stm32f4xx_it.o
                0x08000e3c                MemManage_Handler
 .text.BusFault_Handler
                0x08000e44        0x8 ./Core/Src/stm32f4xx_it.o
                0x08000e44                BusFault_Handler
 .text.UsageFault_Handler
                0x08000e4c        0x8 ./Core/Src/stm32f4xx_it.o
                0x08000e4c                UsageFault_Handler
 .text.DebugMon_Handler
                0x08000e54        0xe ./Core/Src/stm32f4xx_it.o
                0x08000e54                DebugMon_Handler
 *fill*         0x08000e62        0x2 
 .text.TIM6_DAC_IRQHandler
                0x08000e64       0x14 ./Core/Src/stm32f4xx_it.o
                0x08000e64                TIM6_DAC_IRQHandler
 .text.OTG_FS_IRQHandler
                0x08000e78       0x14 ./Core/Src/stm32f4xx_it.o
                0x08000e78                OTG_FS_IRQHandler
 .text._sbrk    0x08000e8c       0x6c ./Core/Src/sysmem.o
                0x08000e8c                _sbrk
 .text.SystemInit
                0x08000ef8       0x24 ./Core/Src/system_stm32f4xx.o
                0x08000ef8                SystemInit
 .text.Reset_Handler
                0x08000f1c       0x50 ./Core/Startup/startup_stm32f407vgtx.o
                0x08000f1c                Reset_Handler
 .text.Default_Handler
                0x08000f6c        0x2 ./Core/Startup/startup_stm32f407vgtx.o
                0x08000f6c                RTC_Alarm_IRQHandler
                0x08000f6c                HASH_RNG_IRQHandler
                0x08000f6c                EXTI2_IRQHandler
                0x08000f6c                TIM8_CC_IRQHandler
                0x08000f6c                TIM1_CC_IRQHandler
                0x08000f6c                DMA2_Stream5_IRQHandler
                0x08000f6c                DMA1_Stream5_IRQHandler
                0x08000f6c                PVD_IRQHandler
                0x08000f6c                SDIO_IRQHandler
                0x08000f6c                TAMP_STAMP_IRQHandler
                0x08000f6c                CAN2_RX1_IRQHandler
                0x08000f6c                EXTI3_IRQHandler
                0x08000f6c                TIM8_TRG_COM_TIM14_IRQHandler
                0x08000f6c                TIM1_UP_TIM10_IRQHandler
                0x08000f6c                TIM8_UP_TIM13_IRQHandler
                0x08000f6c                I2C3_ER_IRQHandler
                0x08000f6c                EXTI0_IRQHandler
                0x08000f6c                I2C2_EV_IRQHandler
                0x08000f6c                DMA1_Stream2_IRQHandler
                0x08000f6c                CAN1_RX0_IRQHandler
                0x08000f6c                FPU_IRQHandler
                0x08000f6c                OTG_HS_WKUP_IRQHandler
                0x08000f6c                CAN2_SCE_IRQHandler
                0x08000f6c                DMA2_Stream2_IRQHandler
                0x08000f6c                SPI1_IRQHandler
                0x08000f6c                TIM1_BRK_TIM9_IRQHandler
                0x08000f6c                DCMI_IRQHandler
                0x08000f6c                CAN2_RX0_IRQHandler
                0x08000f6c                DMA2_Stream3_IRQHandler
                0x08000f6c                USART6_IRQHandler
                0x08000f6c                USART3_IRQHandler
                0x08000f6c                CAN1_RX1_IRQHandler
                0x08000f6c                UART5_IRQHandler
                0x08000f6c                DMA2_Stream0_IRQHandler
                0x08000f6c                TIM4_IRQHandler
                0x08000f6c                DMA1_Stream6_IRQHandler
                0x08000f6c                DMA1_Stream1_IRQHandler
                0x08000f6c                UART4_IRQHandler
                0x08000f6c                TIM3_IRQHandler
                0x08000f6c                RCC_IRQHandler
                0x08000f6c                TIM8_BRK_TIM12_IRQHandler
                0x08000f6c                Default_Handler
                0x08000f6c                ADC_IRQHandler
                0x08000f6c                DMA1_Stream7_IRQHandler
                0x08000f6c                TIM7_IRQHandler
                0x08000f6c                CAN2_TX_IRQHandler
                0x08000f6c                TIM5_IRQHandler
                0x08000f6c                DMA2_Stream7_IRQHandler
                0x08000f6c                I2C3_EV_IRQHandler
                0x08000f6c                RTC_WKUP_IRQHandler
                0x08000f6c                ETH_WKUP_IRQHandler
                0x08000f6c                SPI2_IRQHandler
                0x08000f6c                OTG_HS_EP1_IN_IRQHandler
                0x08000f6c                DMA1_Stream0_IRQHandler
                0x08000f6c                CAN1_TX_IRQHandler
                0x08000f6c                EXTI4_IRQHandler
                0x08000f6c                FSMC_IRQHandler
                0x08000f6c                ETH_IRQHandler
                0x08000f6c                OTG_HS_EP1_OUT_IRQHandler
                0x08000f6c                WWDG_IRQHandler
                0x08000f6c                TIM2_IRQHandler
                0x08000f6c                OTG_FS_WKUP_IRQHandler
                0x08000f6c                TIM1_TRG_COM_TIM11_IRQHandler
                0x08000f6c                OTG_HS_IRQHandler
                0x08000f6c                EXTI1_IRQHandler
                0x08000f6c                USART2_IRQHandler
                0x08000f6c                I2C2_ER_IRQHandler
                0x08000f6c                DMA2_Stream1_IRQHandler
                0x08000f6c                CAN1_SCE_IRQHandler
                0x08000f6c                FLASH_IRQHandler
                0x08000f6c                DMA2_Stream4_IRQHandler
                0x08000f6c                USART1_IRQHandler
                0x08000f6c                SPI3_IRQHandler
                0x08000f6c                DMA1_Stream4_IRQHandler
                0x08000f6c                DMA2_Stream6_IRQHandler
                0x08000f6c                DMA1_Stream3_IRQHandler
 *fill*         0x08000f6e        0x2 
 .text.HAL_Init
                0x08000f70       0x44 ./Drivers/STM32F4xx_HAL_Driver/Src/stm32f4xx_hal.o
                0x08000f70                HAL_Init
 .text.HAL_IncTick
                0x08000fb4       0x28 ./Drivers/STM32F4xx_HAL_Driver/Src/stm32f4xx_hal.o
                0x08000fb4                HAL_IncTick
 .text.HAL_GetTick
                0x08000fdc       0x18 ./Drivers/STM32F4xx_HAL_Driver/Src/stm32f4xx_hal.o
                0x08000fdc                HAL_GetTick
 .text.HAL_Delay
                0x08000ff4       0x48 ./Drivers/STM32F4xx_HAL_Driver/Src/stm32f4xx_hal.o
                0x08000ff4                HAL_Delay
 .text.__NVIC_SetPriorityGrouping
                0x0800103c       0x48 ./Drivers/STM32F4xx_HAL_Driver/Src/stm32f4xx_hal_cortex.o
 .text.__NVIC_GetPriorityGrouping
                0x08001084       0x1c ./Drivers/STM32F4xx_HAL_Driver/Src/stm32f4xx_hal_cortex.o
 .text.__NVIC_EnableIRQ
                0x080010a0       0x3c ./Drivers/STM32F4xx_HAL_Driver/Src/stm32f4xx_hal_cortex.o
 .text.__NVIC_SetPriority
                0x080010dc       0x54 ./Drivers/STM32F4xx_HAL_Driver/Src/stm32f4xx_hal_cortex.o
 .text.NVIC_EncodePriority
                0x08001130       0x66 ./Drivers/STM32F4xx_HAL_Driver/Src/stm32f4xx_hal_cortex.o
 .text.HAL_NVIC_SetPriorityGrouping
                0x08001196       0x16 ./Drivers/STM32F4xx_HAL_Driver/Src/stm32f4xx_hal_cortex.o
                0x08001196                HAL_NVIC_SetPriorityGrouping
 .text.HAL_NVIC_SetPriority
                0x080011ac       0x38 ./Drivers/STM32F4xx_HAL_Driver/Src/stm32f4xx_hal_cortex.o
                0x080011ac                HAL_NVIC_SetPriority
 .text.HAL_NVIC_EnableIRQ
                0x080011e4       0x1c ./Drivers/STM32F4xx_HAL_Driver/Src/stm32f4xx_hal_cortex.o
                0x080011e4                HAL_NVIC_EnableIRQ
 .text.HAL_DMA_Abort_IT
                0x08001200       0x44 ./Drivers/STM32F4xx_HAL_Driver/Src/stm32f4xx_hal_dma.o
                0x08001200                HAL_DMA_Abort_IT
 .text.HAL_DMA_GetState
                0x08001244       0x1c ./Drivers/STM32F4xx_HAL_Driver/Src/stm32f4xx_hal_dma.o
                0x08001244                HAL_DMA_GetState
 .text.HAL_GPIO_Init
                0x08001260      0x338 ./Drivers/STM32F4xx_HAL_Driver/Src/stm32f4xx_hal_gpio.o
                0x08001260                HAL_GPIO_Init
 .text.HAL_GPIO_WritePin
                0x08001598       0x32 ./Drivers/STM32F4xx_HAL_Driver/Src/stm32f4xx_hal_gpio.o
                0x08001598                HAL_GPIO_WritePin
 *fill*         0x080015ca        0x2 
 .text.HAL_GPIO_EXTI_IRQHandler
                0x080015cc       0x30 ./Drivers/STM32F4xx_HAL_Driver/Src/stm32f4xx_hal_gpio.o
                0x080015cc                HAL_GPIO_EXTI_IRQHandler
 .text.HAL_HCD_Init
                0x080015fc       0xce ./Drivers/STM32F4xx_HAL_Driver/Src/stm32f4xx_hal_hcd.o
                0x080015fc                HAL_HCD_Init
 .text.HAL_HCD_HC_Init
                0x080016ca      0x170 ./Drivers/STM32F4xx_HAL_Driver/Src/stm32f4xx_hal_hcd.o
                0x080016ca                HAL_HCD_HC_Init
 *fill*         0x0800183a        0x2 
 .text.HAL_HCD_HC_SubmitRequest
                0x0800183c      0x33c ./Drivers/STM32F4xx_HAL_Driver/Src/stm32f4xx_hal_hcd.o
                0x0800183c                HAL_HCD_HC_SubmitRequest
 .text.HAL_HCD_IRQHandler
                0x08001b78      0x220 ./Drivers/STM32F4xx_HAL_Driver/Src/stm32f4xx_hal_hcd.o
                0x08001b78                HAL_HCD_IRQHandler
 .text.HAL_HCD_Start
                0x08001d98       0x46 ./Drivers/STM32F4xx_HAL_Driver/Src/stm32f4xx_hal_hcd.o
                0x08001d98                HAL_HCD_Start
 .text.HAL_HCD_Stop
                0x08001dde       0x3a ./Drivers/STM32F4xx_HAL_Driver/Src/stm32f4xx_hal_hcd.o
                0x08001dde                HAL_HCD_Stop
 .text.HAL_HCD_ResetPort
                0x08001e18       0x1c ./Drivers/STM32F4xx_HAL_Driver/Src/stm32f4xx_hal_hcd.o
                0x08001e18                HAL_HCD_ResetPort
 .text.HAL_HCD_HC_GetURBState
                0x08001e34       0x2a ./Drivers/STM32F4xx_HAL_Driver/Src/stm32f4xx_hal_hcd.o
                0x08001e34                HAL_HCD_HC_GetURBState
 .text.HAL_HCD_HC_GetXferCount
                0x08001e5e       0x2a ./Drivers/STM32F4xx_HAL_Driver/Src/stm32f4xx_hal_hcd.o
                0x08001e5e                HAL_HCD_HC_GetXferCount
 .text.HAL_HCD_GetCurrentFrame
                0x08001e88       0x1c ./Drivers/STM32F4xx_HAL_Driver/Src/stm32f4xx_hal_hcd.o
                0x08001e88                HAL_HCD_GetCurrentFrame
 .text.HAL_HCD_GetCurrentSpeed
                0x08001ea4       0x1c ./Drivers/STM32F4xx_HAL_Driver/Src/stm32f4xx_hal_hcd.o
                0x08001ea4                HAL_HCD_GetCurrentSpeed
 .text.HAL_HCD_HC_ClearHubInfo
                0x08001ec0       0x6a ./Drivers/STM32F4xx_HAL_Driver/Src/stm32f4xx_hal_hcd.o
                0x08001ec0                HAL_HCD_HC_ClearHubInfo
 .text.HCD_HC_IN_IRQHandler
                0x08001f2a      0xcd2 ./Drivers/STM32F4xx_HAL_Driver/Src/stm32f4xx_hal_hcd.o
 .text.HCD_HC_OUT_IRQHandler
                0x08002bfc      0x97e ./Drivers/STM32F4xx_HAL_Driver/Src/stm32f4xx_hal_hcd.o
 .text.HCD_RXQLVL_IRQHandler
                0x0800357a      0x1be ./Drivers/STM32F4xx_HAL_Driver/Src/stm32f4xx_hal_hcd.o
 .text.HCD_Port_IRQHandler
                0x08003738       0xe6 ./Drivers/STM32F4xx_HAL_Driver/Src/stm32f4xx_hal_hcd.o
 .text.I2C_Flush_DR
                0x0800381e       0x2a ./Drivers/STM32F4xx_HAL_Driver/Src/stm32f4xx_hal_i2c.o
 .text.HAL_I2C_Master_Transmit_IT
                0x08003848      0x144 ./Drivers/STM32F4xx_HAL_Driver/Src/stm32f4xx_hal_i2c.o
                0x08003848                HAL_I2C_Master_Transmit_IT
 .text.HAL_I2C_Master_Receive_IT
                0x0800398c      0x154 ./Drivers/STM32F4xx_HAL_Driver/Src/stm32f4xx_hal_i2c.o
                0x0800398c                HAL_I2C_Master_Receive_IT
 .text.HAL_I2C_EV_IRQHandler
                0x08003ae0      0x2e2 ./Drivers/STM32F4xx_HAL_Driver/Src/stm32f4xx_hal_i2c.o
                0x08003ae0                HAL_I2C_EV_IRQHandler
 .text.HAL_I2C_ER_IRQHandler
                0x08003dc2      0x14e ./Drivers/STM32F4xx_HAL_Driver/Src/stm32f4xx_hal_i2c.o
                0x08003dc2                HAL_I2C_ER_IRQHandler
 .text.HAL_I2C_SlaveTxCpltCallback
                0x08003f10       0x14 ./Drivers/STM32F4xx_HAL_Driver/Src/stm32f4xx_hal_i2c.o
                0x08003f10                HAL_I2C_SlaveTxCpltCallback
 .text.HAL_I2C_SlaveRxCpltCallback
                0x08003f24       0x14 ./Drivers/STM32F4xx_HAL_Driver/Src/stm32f4xx_hal_i2c.o
                0x08003f24                HAL_I2C_SlaveRxCpltCallback
 .text.HAL_I2C_AddrCallback
                0x08003f38       0x1c ./Drivers/STM32F4xx_HAL_Driver/Src/stm32f4xx_hal_i2c.o
                0x08003f38                HAL_I2C_AddrCallback
 .text.HAL_I2C_ListenCpltCallback
                0x08003f54       0x14 ./Drivers/STM32F4xx_HAL_Driver/Src/stm32f4xx_hal_i2c.o
                0x08003f54                HAL_I2C_ListenCpltCallback
 .text.HAL_I2C_MemTxCpltCallback
                0x08003f68       0x14 ./Drivers/STM32F4xx_HAL_Driver/Src/stm32f4xx_hal_i2c.o
                0x08003f68                HAL_I2C_MemTxCpltCallback
 .text.HAL_I2C_MemRxCpltCallback
                0x08003f7c       0x14 ./Drivers/STM32F4xx_HAL_Driver/Src/stm32f4xx_hal_i2c.o
                0x08003f7c                HAL_I2C_MemRxCpltCallback
 .text.HAL_I2C_AbortCpltCallback
                0x08003f90       0x14 ./Drivers/STM32F4xx_HAL_Driver/Src/stm32f4xx_hal_i2c.o
                0x08003f90                HAL_I2C_AbortCpltCallback
 .text.I2C_MasterTransmit_TXE
                0x08003fa4      0x138 ./Drivers/STM32F4xx_HAL_Driver/Src/stm32f4xx_hal_i2c.o
 .text.I2C_MasterTransmit_BTF
                0x080040dc       0xec ./Drivers/STM32F4xx_HAL_Driver/Src/stm32f4xx_hal_i2c.o
 .text.I2C_MemoryTransmit_TXE_BTF
                0x080041c8      0x130 ./Drivers/STM32F4xx_HAL_Driver/Src/stm32f4xx_hal_i2c.o
 .text.I2C_MasterReceive_RXNE
                0x080042f8      0x190 ./Drivers/STM32F4xx_HAL_Driver/Src/stm32f4xx_hal_i2c.o
 .text.I2C_MasterReceive_BTF
                0x08004488      0x1e2 ./Drivers/STM32F4xx_HAL_Driver/Src/stm32f4xx_hal_i2c.o
 .text.I2C_Master_SB
                0x0800466a      0x10c ./Drivers/STM32F4xx_HAL_Driver/Src/stm32f4xx_hal_i2c.o
 .text.I2C_Master_ADD10
                0x08004776       0x54 ./Drivers/STM32F4xx_HAL_Driver/Src/stm32f4xx_hal_i2c.o
 .text.I2C_Master_ADDR
                0x080047ca      0x322 ./Drivers/STM32F4xx_HAL_Driver/Src/stm32f4xx_hal_i2c.o
 .text.I2C_SlaveTransmit_TXE
                0x08004aec       0x7a ./Drivers/STM32F4xx_HAL_Driver/Src/stm32f4xx_hal_i2c.o
 .text.I2C_SlaveTransmit_BTF
                0x08004b66       0x42 ./Drivers/STM32F4xx_HAL_Driver/Src/stm32f4xx_hal_i2c.o
 .text.I2C_SlaveReceive_RXNE
                0x08004ba8       0x7c ./Drivers/STM32F4xx_HAL_Driver/Src/stm32f4xx_hal_i2c.o
 .text.I2C_SlaveReceive_BTF
                0x08004c24       0x44 ./Drivers/STM32F4xx_HAL_Driver/Src/stm32f4xx_hal_i2c.o
 .text.I2C_Slave_ADDR
                0x08004c68       0x94 ./Drivers/STM32F4xx_HAL_Driver/Src/stm32f4xx_hal_i2c.o
 .text.I2C_Slave_STOPF
                0x08004cfc      0x260 ./Drivers/STM32F4xx_HAL_Driver/Src/stm32f4xx_hal_i2c.o
 .text.I2C_Slave_AF
                0x08004f5c       0xe8 ./Drivers/STM32F4xx_HAL_Driver/Src/stm32f4xx_hal_i2c.o
 .text.I2C_ITError
                0x08005044      0x264 ./Drivers/STM32F4xx_HAL_Driver/Src/stm32f4xx_hal_i2c.o
 .text.I2C_DMAAbort
                0x080052a8      0x150 ./Drivers/STM32F4xx_HAL_Driver/Src/stm32f4xx_hal_i2c.o
 .text.I2C_WaitOnSTOPRequestThroughIT
                0x080053f8       0x64 ./Drivers/STM32F4xx_HAL_Driver/Src/stm32f4xx_hal_i2c.o
 .text.I2C_ConvertOtherXferOptions
                0x0800545c       0x36 ./Drivers/STM32F4xx_HAL_Driver/Src/stm32f4xx_hal_i2c.o
 *fill*         0x08005492        0x2 
 .text.HAL_I2S_Init
                0x08005494      0x280 ./Drivers/STM32F4xx_HAL_Driver/Src/stm32f4xx_hal_i2s.o
                0x08005494                HAL_I2S_Init
 .text.HAL_I2S_TxCpltCallback
                0x08005714       0x14 ./Drivers/STM32F4xx_HAL_Driver/Src/stm32f4xx_hal_i2s.o
                0x08005714                HAL_I2S_TxCpltCallback
 .text.HAL_I2S_RxCpltCallback
                0x08005728       0x14 ./Drivers/STM32F4xx_HAL_Driver/Src/stm32f4xx_hal_i2s.o
                0x08005728                HAL_I2S_RxCpltCallback
 .text.HAL_I2S_ErrorCallback
                0x0800573c       0x14 ./Drivers/STM32F4xx_HAL_Driver/Src/stm32f4xx_hal_i2s.o
                0x0800573c                HAL_I2S_ErrorCallback
 .text.I2S_Transmit_IT
                0x08005750       0x5c ./Drivers/STM32F4xx_HAL_Driver/Src/stm32f4xx_hal_i2s.o
 .text.I2S_Receive_IT
                0x080057ac       0x5e ./Drivers/STM32F4xx_HAL_Driver/Src/stm32f4xx_hal_i2s.o
 .text.I2S_IRQHandler
                0x0800580a      0x114 ./Drivers/STM32F4xx_HAL_Driver/Src/stm32f4xx_hal_i2s.o
 *fill*         0x0800591e        0x2 
 .text.HAL_I2SEx_FullDuplex_IRQHandler
                0x08005920      0x2a8 ./Drivers/STM32F4xx_HAL_Driver/Src/stm32f4xx_hal_i2s_ex.o
                0x08005920                HAL_I2SEx_FullDuplex_IRQHandler
 .text.HAL_I2SEx_TxRxCpltCallback
                0x08005bc8       0x14 ./Drivers/STM32F4xx_HAL_Driver/Src/stm32f4xx_hal_i2s_ex.o
                0x08005bc8                HAL_I2SEx_TxRxCpltCallback
 .text.I2SEx_TxISR_I2S
                0x08005bdc       0x62 ./Drivers/STM32F4xx_HAL_Driver/Src/stm32f4xx_hal_i2s_ex.o
 *fill*         0x08005c3e        0x2 
 .text.I2SEx_TxISR_I2SExt
                0x08005c40       0x98 ./Drivers/STM32F4xx_HAL_Driver/Src/stm32f4xx_hal_i2s_ex.o
 .text.I2SEx_RxISR_I2S
                0x08005cd8       0x64 ./Drivers/STM32F4xx_HAL_Driver/Src/stm32f4xx_hal_i2s_ex.o
 .text.I2SEx_RxISR_I2SExt
                0x08005d3c       0x98 ./Drivers/STM32F4xx_HAL_Driver/Src/stm32f4xx_hal_i2s_ex.o
 .text.HAL_RCC_OscConfig
                0x08005dd4      0x4f0 ./Drivers/STM32F4xx_HAL_Driver/Src/stm32f4xx_hal_rcc.o
                0x08005dd4                HAL_RCC_OscConfig
 .text.HAL_RCC_ClockConfig
                0x080062c4      0x1cc ./Drivers/STM32F4xx_HAL_Driver/Src/stm32f4xx_hal_rcc.o
                0x080062c4                HAL_RCC_ClockConfig
 .text.HAL_RCC_GetSysClockFreq
                0x08006490      0x20c ./Drivers/STM32F4xx_HAL_Driver/Src/stm32f4xx_hal_rcc.o
                0x08006490                HAL_RCC_GetSysClockFreq
 .text.HAL_RCC_GetHCLKFreq
                0x0800669c       0x18 ./Drivers/STM32F4xx_HAL_Driver/Src/stm32f4xx_hal_rcc.o
                0x0800669c                HAL_RCC_GetHCLKFreq
 .text.HAL_RCC_GetPCLK1Freq
                0x080066b4       0x28 ./Drivers/STM32F4xx_HAL_Driver/Src/stm32f4xx_hal_rcc.o
                0x080066b4                HAL_RCC_GetPCLK1Freq
 .text.HAL_RCC_GetPCLK2Freq
                0x080066dc       0x28 ./Drivers/STM32F4xx_HAL_Driver/Src/stm32f4xx_hal_rcc.o
                0x080066dc                HAL_RCC_GetPCLK2Freq
 .text.HAL_RCC_GetClockConfig
                0x08006704       0x64 ./Drivers/STM32F4xx_HAL_Driver/Src/stm32f4xx_hal_rcc.o
                0x08006704                HAL_RCC_GetClockConfig
 .text.HAL_RCCEx_PeriphCLKConfig
                0x08006768      0x1c4 ./Drivers/STM32F4xx_HAL_Driver/Src/stm32f4xx_hal_rcc_ex.o
                0x08006768                HAL_RCCEx_PeriphCLKConfig
 .text.HAL_RCCEx_GetPeriphCLKFreq
                0x0800692c       0xc0 ./Drivers/STM32F4xx_HAL_Driver/Src/stm32f4xx_hal_rcc_ex.o
                0x0800692c                HAL_RCCEx_GetPeriphCLKFreq
 .text.HAL_SPI_Init
                0x080069ec      0x112 ./Drivers/STM32F4xx_HAL_Driver/Src/stm32f4xx_hal_spi.o
                0x080069ec                HAL_SPI_Init
 .text.HAL_TIM_Base_Init
                0x08006afe       0x9e ./Drivers/STM32F4xx_HAL_Driver/Src/stm32f4xx_hal_tim.o
                0x08006afe                HAL_TIM_Base_Init
 .text.HAL_TIM_Base_Start_IT
                0x08006b9c       0xe0 ./Drivers/STM32F4xx_HAL_Driver/Src/stm32f4xx_hal_tim.o
                0x08006b9c                HAL_TIM_Base_Start_IT
 .text.HAL_TIM_IRQHandler
                0x08006c7c      0x1e0 ./Drivers/STM32F4xx_HAL_Driver/Src/stm32f4xx_hal_tim.o
                0x08006c7c                HAL_TIM_IRQHandler
 .text.HAL_TIM_OC_DelayElapsedCallback
                0x08006e5c       0x14 ./Drivers/STM32F4xx_HAL_Driver/Src/stm32f4xx_hal_tim.o
                0x08006e5c                HAL_TIM_OC_DelayElapsedCallback
 .text.HAL_TIM_IC_CaptureCallback
                0x08006e70       0x14 ./Drivers/STM32F4xx_HAL_Driver/Src/stm32f4xx_hal_tim.o
                0x08006e70                HAL_TIM_IC_CaptureCallback
 .text.HAL_TIM_PWM_PulseFinishedCallback
                0x08006e84       0x14 ./Drivers/STM32F4xx_HAL_Driver/Src/stm32f4xx_hal_tim.o
                0x08006e84                HAL_TIM_PWM_PulseFinishedCallback
 .text.HAL_TIM_TriggerCallback
                0x08006e98       0x14 ./Drivers/STM32F4xx_HAL_Driver/Src/stm32f4xx_hal_tim.o
                0x08006e98                HAL_TIM_TriggerCallback
 .text.TIM_Base_SetConfig
                0x08006eac      0x14c ./Drivers/STM32F4xx_HAL_Driver/Src/stm32f4xx_hal_tim.o
                0x08006eac                TIM_Base_SetConfig
 .text.HAL_TIMEx_CommutCallback
                0x08006ff8       0x14 ./Drivers/STM32F4xx_HAL_Driver/Src/stm32f4xx_hal_tim_ex.o
                0x08006ff8                HAL_TIMEx_CommutCallback
 .text.HAL_TIMEx_BreakCallback
                0x0800700c       0x14 ./Drivers/STM32F4xx_HAL_Driver/Src/stm32f4xx_hal_tim_ex.o
                0x0800700c                HAL_TIMEx_BreakCallback
 .text.HAL_UART_Init
                0x08007020       0xa0 ./Drivers/STM32F4xx_HAL_Driver/Src/stm32f4xx_hal_uart.o
                0x08007020                HAL_UART_Init
 .text.UART_SetConfig
                0x080070c0      0x4e8 ./Drivers/STM32F4xx_HAL_Driver/Src/stm32f4xx_hal_uart.o
 .text.USB_CoreInit
                0x080075a8       0xc8 ./Drivers/STM32F4xx_HAL_Driver/Src/stm32f4xx_ll_usb.o
                0x080075a8                USB_CoreInit
 .text.USB_EnableGlobalInt
                0x08007670       0x22 ./Drivers/STM32F4xx_HAL_Driver/Src/stm32f4xx_ll_usb.o
                0x08007670                USB_EnableGlobalInt
 .text.USB_DisableGlobalInt
                0x08007692       0x22 ./Drivers/STM32F4xx_HAL_Driver/Src/stm32f4xx_ll_usb.o
                0x08007692                USB_DisableGlobalInt
 .text.USB_SetCurrentMode
                0x080076b4       0x98 ./Drivers/STM32F4xx_HAL_Driver/Src/stm32f4xx_ll_usb.o
                0x080076b4                USB_SetCurrentMode
 .text.USB_FlushTxFifo
                0x0800774c       0x64 ./Drivers/STM32F4xx_HAL_Driver/Src/stm32f4xx_ll_usb.o
                0x0800774c                USB_FlushTxFifo
 .text.USB_FlushRxFifo
                0x080077b0       0x5c ./Drivers/STM32F4xx_HAL_Driver/Src/stm32f4xx_ll_usb.o
                0x080077b0                USB_FlushRxFifo
 .text.USB_WritePacket
                0x0800780c       0x7c ./Drivers/STM32F4xx_HAL_Driver/Src/stm32f4xx_ll_usb.o
                0x0800780c                USB_WritePacket
 .text.USB_ReadPacket
                0x08007888       0xb0 ./Drivers/STM32F4xx_HAL_Driver/Src/stm32f4xx_ll_usb.o
                0x08007888                USB_ReadPacket
 .text.USB_ReadInterrupts
                0x08007938       0x26 ./Drivers/STM32F4xx_HAL_Driver/Src/stm32f4xx_ll_usb.o
                0x08007938                USB_ReadInterrupts
 .text.USB_ReadChInterrupts
                0x0800795e       0x42 ./Drivers/STM32F4xx_HAL_Driver/Src/stm32f4xx_ll_usb.o
                0x0800795e                USB_ReadChInterrupts
 .text.USB_GetMode
                0x080079a0       0x1c ./Drivers/STM32F4xx_HAL_Driver/Src/stm32f4xx_ll_usb.o
                0x080079a0                USB_GetMode
 .text.USB_CoreReset
                0x080079bc       0x70 ./Drivers/STM32F4xx_HAL_Driver/Src/stm32f4xx_ll_usb.o
 .text.USB_HostInit
                0x08007a2c      0x188 ./Drivers/STM32F4xx_HAL_Driver/Src/stm32f4xx_ll_usb.o
                0x08007a2c                USB_HostInit
 .text.USB_InitFSLSPClkSel
                0x08007bb4       0x7a ./Drivers/STM32F4xx_HAL_Driver/Src/stm32f4xx_ll_usb.o
                0x08007bb4                USB_InitFSLSPClkSel
 .text.USB_ResetPort
                0x08007c2e       0x54 ./Drivers/STM32F4xx_HAL_Driver/Src/stm32f4xx_ll_usb.o
                0x08007c2e                USB_ResetPort
 .text.USB_DriveVbus
                0x08007c82       0x72 ./Drivers/STM32F4xx_HAL_Driver/Src/stm32f4xx_ll_usb.o
                0x08007c82                USB_DriveVbus
 .text.USB_GetHostSpeed
                0x08007cf4       0x2e ./Drivers/STM32F4xx_HAL_Driver/Src/stm32f4xx_ll_usb.o
                0x08007cf4                USB_GetHostSpeed
 .text.USB_GetCurrentFrame
                0x08007d22       0x22 ./Drivers/STM32F4xx_HAL_Driver/Src/stm32f4xx_ll_usb.o
                0x08007d22                USB_GetCurrentFrame
 .text.USB_HC_Init
                0x08007d44      0x258 ./Drivers/STM32F4xx_HAL_Driver/Src/stm32f4xx_ll_usb.o
                0x08007d44                USB_HC_Init
 .text.USB_HC_StartXfer
                0x08007f9c      0x4f4 ./Drivers/STM32F4xx_HAL_Driver/Src/stm32f4xx_ll_usb.o
                0x08007f9c                USB_HC_StartXfer
 .text.USB_HC_ReadInterrupt
                0x08008490       0x22 ./Drivers/STM32F4xx_HAL_Driver/Src/stm32f4xx_ll_usb.o
                0x08008490                USB_HC_ReadInterrupt
 .text.USB_HC_Halt
                0x080084b2      0x240 ./Drivers/STM32F4xx_HAL_Driver/Src/stm32f4xx_ll_usb.o
                0x080084b2                USB_HC_Halt
 *fill*         0x080086f2        0x2 
 .text.USB_DoPing
                0x080086f4       0x78 ./Drivers/STM32F4xx_HAL_Driver/Src/stm32f4xx_ll_usb.o
                0x080086f4                USB_DoPing
 .text.USB_StopHost
                0x0800876c      0x124 ./Drivers/STM32F4xx_HAL_Driver/Src/stm32f4xx_ll_usb.o
                0x0800876c                USB_StopHost
 .text.timeNowUs
                0x08008890       0x18 ./Drivers/sh2-demo-nucleo/app/i2c_hal.o
 .text.delay_us
                0x080088a8       0x30 ./Drivers/sh2-demo-nucleo/app/i2c_hal.o
 .text.HAL_I2C_MasterRxCpltCallback
                0x080088d8       0xa8 ./Drivers/sh2-demo-nucleo/app/i2c_hal.o
                0x080088d8                HAL_I2C_MasterRxCpltCallback
 .text.HAL_I2C_MasterTxCpltCallback
                0x08008980       0x38 ./Drivers/sh2-demo-nucleo/app/i2c_hal.o
                0x08008980                HAL_I2C_MasterTxCpltCallback
 .text.HAL_I2C_ErrorCallback
                0x080089b8       0xe0 ./Drivers/sh2-demo-nucleo/app/i2c_hal.o
                0x080089b8                HAL_I2C_ErrorCallback
 .text.HAL_GPIO_EXTI_Callback
                0x08008a98       0xc4 ./Drivers/sh2-demo-nucleo/app/i2c_hal.o
                0x08008a98                HAL_GPIO_EXTI_Callback
 .text.EXTI15_10_IRQHandler
                0x08008b5c       0x10 ./Drivers/sh2-demo-nucleo/app/i2c_hal.o
                0x08008b5c                EXTI15_10_IRQHandler
 .text.EXTI9_5_IRQHandler
                0x08008b6c       0x10 ./Drivers/sh2-demo-nucleo/app/i2c_hal.o
                0x08008b6c                EXTI9_5_IRQHandler
 .text.I2C1_EV_IRQHandler
                0x08008b7c       0x14 ./Drivers/sh2-demo-nucleo/app/i2c_hal.o
                0x08008b7c                I2C1_EV_IRQHandler
 .text.I2C1_ER_IRQHandler
                0x08008b90       0x14 ./Drivers/sh2-demo-nucleo/app/i2c_hal.o
                0x08008b90                I2C1_ER_IRQHandler
 .text.USBH_CDC_InterfaceInit
                0x08008ba4      0x2ac ./Middlewares/ST/STM32_USB_Host_Library/Class/CDC/Src/usbh_cdc.o
 .text.USBH_CDC_InterfaceDeInit
                0x08008e50       0xb2 ./Middlewares/ST/STM32_USB_Host_Library/Class/CDC/Src/usbh_cdc.o
 .text.USBH_CDC_ClassRequest
                0x08008f02       0x3e ./Middlewares/ST/STM32_USB_Host_Library/Class/CDC/Src/usbh_cdc.o
 .text.USBH_CDC_Process
                0x08008f40      0x12c ./Middlewares/ST/STM32_USB_Host_Library/Class/CDC/Src/usbh_cdc.o
 .text.USBH_CDC_SOFProcess
                0x0800906c       0x16 ./Middlewares/ST/STM32_USB_Host_Library/Class/CDC/Src/usbh_cdc.o
 .text.GetLineCoding
                0x08009082       0x3e ./Middlewares/ST/STM32_USB_Host_Library/Class/CDC/Src/usbh_cdc.o
 .text.SetLineCoding
                0x080090c0       0x3e ./Middlewares/ST/STM32_USB_Host_Library/Class/CDC/Src/usbh_cdc.o
 .text.CDC_ProcessTransmission
                0x080090fe      0x104 ./Middlewares/ST/STM32_USB_Host_Library/Class/CDC/Src/usbh_cdc.o
 .text.CDC_ProcessReception
                0x08009202       0xc2 ./Middlewares/ST/STM32_USB_Host_Library/Class/CDC/Src/usbh_cdc.o
 .text.USBH_CDC_TransmitCallback
                0x080092c4       0x14 ./Middlewares/ST/STM32_USB_Host_Library/Class/CDC/Src/usbh_cdc.o
                0x080092c4                USBH_CDC_TransmitCallback
 .text.USBH_CDC_ReceiveCallback
                0x080092d8       0x14 ./Middlewares/ST/STM32_USB_Host_Library/Class/CDC/Src/usbh_cdc.o
                0x080092d8                USBH_CDC_ReceiveCallback
 .text.USBH_CDC_LineCodingChanged
                0x080092ec       0x14 ./Middlewares/ST/STM32_USB_Host_Library/Class/CDC/Src/usbh_cdc.o
                0x080092ec                USBH_CDC_LineCodingChanged
 .text.USBH_Init
                0x08009300       0xb8 ./Middlewares/ST/STM32_USB_Host_Library/Core/Src/usbh_core.o
                0x08009300                USBH_Init
 .text.DeInitStateMachine
                0x080093b8       0xe2 ./Middlewares/ST/STM32_USB_Host_Library/Core/Src/usbh_core.o
 .text.USBH_RegisterClass
                0x0800949a       0x54 ./Middlewares/ST/STM32_USB_Host_Library/Core/Src/usbh_core.o
                0x0800949a                USBH_RegisterClass
 .text.USBH_SelectInterface
                0x080094ee       0x38 ./Middlewares/ST/STM32_USB_Host_Library/Core/Src/usbh_core.o
                0x080094ee                USBH_SelectInterface
 .text.USBH_FindInterface
                0x08009526       0x8c ./Middlewares/ST/STM32_USB_Host_Library/Core/Src/usbh_core.o
                0x08009526                USBH_FindInterface
 .text.USBH_Start
                0x080095b2       0x20 ./Middlewares/ST/STM32_USB_Host_Library/Core/Src/usbh_core.o
                0x080095b2                USBH_Start
 *fill*         0x080095d2        0x2 
 .text.USBH_Process
                0x080095d4      0x434 ./Middlewares/ST/STM32_USB_Host_Library/Core/Src/usbh_core.o
                0x080095d4                USBH_Process
 .text.USBH_HandleEnum
                0x08009a08      0x3fc ./Middlewares/ST/STM32_USB_Host_Library/Core/Src/usbh_core.o
 .text.USBH_LL_SetTimer
                0x08009e04       0x1e ./Middlewares/ST/STM32_USB_Host_Library/Core/Src/usbh_core.o
                0x08009e04                USBH_LL_SetTimer
 .text.USBH_LL_IncTimer
                0x08009e22       0x24 ./Middlewares/ST/STM32_USB_Host_Library/Core/Src/usbh_core.o
                0x08009e22                USBH_LL_IncTimer
 .text.USBH_HandleSof
                0x08009e46       0x30 ./Middlewares/ST/STM32_USB_Host_Library/Core/Src/usbh_core.o
 .text.USBH_LL_PortEnabled
                0x08009e76       0x24 ./Middlewares/ST/STM32_USB_Host_Library/Core/Src/usbh_core.o
                0x08009e76                USBH_LL_PortEnabled
 .text.USBH_LL_PortDisabled
                0x08009e9a       0x24 ./Middlewares/ST/STM32_USB_Host_Library/Core/Src/usbh_core.o
                0x08009e9a                USBH_LL_PortDisabled
 .text.USBH_LL_Connect
                0x08009ebe       0x36 ./Middlewares/ST/STM32_USB_Host_Library/Core/Src/usbh_core.o
                0x08009ebe                USBH_LL_Connect
 .text.USBH_LL_Disconnect
                0x08009ef4       0x54 ./Middlewares/ST/STM32_USB_Host_Library/Core/Src/usbh_core.o
                0x08009ef4                USBH_LL_Disconnect
 .text.USBH_OS_PutMessage
                0x08009f48       0x48 ./Middlewares/ST/STM32_USB_Host_Library/Core/Src/usbh_core.o
                0x08009f48                USBH_OS_PutMessage
 .text.USBH_Process_OS
                0x08009f90       0x2e ./Middlewares/ST/STM32_USB_Host_Library/Core/Src/usbh_core.o
 .text.USBH_LL_NotifyURBChange
                0x08009fbe       0x1e ./Middlewares/ST/STM32_USB_Host_Library/Core/Src/usbh_core.o
                0x08009fbe                USBH_LL_NotifyURBChange
 .text.USBH_Get_DevDesc
                0x08009fdc       0x58 ./Middlewares/ST/STM32_USB_Host_Library/Core/Src/usbh_ctlreq.o
                0x08009fdc                USBH_Get_DevDesc
 .text.USBH_Get_CfgDesc
                0x0800a034       0x54 ./Middlewares/ST/STM32_USB_Host_Library/Core/Src/usbh_ctlreq.o
                0x0800a034                USBH_Get_CfgDesc
 .text.USBH_Get_StringDesc
                0x0800a088       0x68 ./Middlewares/ST/STM32_USB_Host_Library/Core/Src/usbh_ctlreq.o
                0x0800a088                USBH_Get_StringDesc
 .text.USBH_GetDescriptor
                0x0800a0f0       0x6a ./Middlewares/ST/STM32_USB_Host_Library/Core/Src/usbh_ctlreq.o
                0x0800a0f0                USBH_GetDescriptor
 .text.USBH_SetAddress
                0x0800a15a       0x48 ./Middlewares/ST/STM32_USB_Host_Library/Core/Src/usbh_ctlreq.o
                0x0800a15a                USBH_SetAddress
 .text.USBH_SetCfg
                0x0800a1a2       0x46 ./Middlewares/ST/STM32_USB_Host_Library/Core/Src/usbh_ctlreq.o
                0x0800a1a2                USBH_SetCfg
 .text.USBH_SetFeature
                0x0800a1e8       0x48 ./Middlewares/ST/STM32_USB_Host_Library/Core/Src/usbh_ctlreq.o
                0x0800a1e8                USBH_SetFeature
 .text.USBH_ClrFeature
                0x0800a230       0x48 ./Middlewares/ST/STM32_USB_Host_Library/Core/Src/usbh_ctlreq.o
                0x0800a230                USBH_ClrFeature
 .text.USBH_ParseDevDesc
                0x0800a278      0x160 ./Middlewares/ST/STM32_USB_Host_Library/Core/Src/usbh_ctlreq.o
 .text.USBH_ParseCfgDesc
                0x0800a3d8      0x1f8 ./Middlewares/ST/STM32_USB_Host_Library/Core/Src/usbh_ctlreq.o
 .text.USBH_ParseInterfaceDesc
                0x0800a5d0       0x5e ./Middlewares/ST/STM32_USB_Host_Library/Core/Src/usbh_ctlreq.o
 .text.USBH_ParseEPDesc
                0x0800a62e      0x1d0 ./Middlewares/ST/STM32_USB_Host_Library/Core/Src/usbh_ctlreq.o
 .text.USBH_ParseStringDesc
                0x0800a7fe       0x66 ./Middlewares/ST/STM32_USB_Host_Library/Core/Src/usbh_ctlreq.o
 .text.USBH_GetNextDesc
                0x0800a864       0x34 ./Middlewares/ST/STM32_USB_Host_Library/Core/Src/usbh_ctlreq.o
                0x0800a864                USBH_GetNextDesc
 .text.USBH_CtlReq
                0x0800a898       0x92 ./Middlewares/ST/STM32_USB_Host_Library/Core/Src/usbh_ctlreq.o
                0x0800a898                USBH_CtlReq
 *fill*         0x0800a92a        0x2 
 .text.USBH_HandleControl
                0x0800a92c      0x3a0 ./Middlewares/ST/STM32_USB_Host_Library/Core/Src/usbh_ctlreq.o
 .text.USBH_CtlSendSetup
                0x0800accc       0x34 ./Middlewares/ST/STM32_USB_Host_Library/Core/Src/usbh_ioreq.o
                0x0800accc                USBH_CtlSendSetup
 .text.USBH_CtlSendData
                0x0800ad00       0x4a ./Middlewares/ST/STM32_USB_Host_Library/Core/Src/usbh_ioreq.o
                0x0800ad00                USBH_CtlSendData
 .text.USBH_CtlReceiveData
                0x0800ad4a       0x3c ./Middlewares/ST/STM32_USB_Host_Library/Core/Src/usbh_ioreq.o
                0x0800ad4a                USBH_CtlReceiveData
 .text.USBH_BulkSendData
                0x0800ad86       0x4a ./Middlewares/ST/STM32_USB_Host_Library/Core/Src/usbh_ioreq.o
                0x0800ad86                USBH_BulkSendData
 .text.USBH_BulkReceiveData
                0x0800add0       0x3c ./Middlewares/ST/STM32_USB_Host_Library/Core/Src/usbh_ioreq.o
                0x0800add0                USBH_BulkReceiveData
 .text.USBH_OpenPipe
                0x0800ae0c       0x3e ./Middlewares/ST/STM32_USB_Host_Library/Core/Src/usbh_pipes.o
                0x0800ae0c                USBH_OpenPipe
 .text.USBH_ClosePipe
                0x0800ae4a       0x20 ./Middlewares/ST/STM32_USB_Host_Library/Core/Src/usbh_pipes.o
                0x0800ae4a                USBH_ClosePipe
 .text.USBH_AllocPipe
                0x0800ae6a       0x42 ./Middlewares/ST/STM32_USB_Host_Library/Core/Src/usbh_pipes.o
                0x0800ae6a                USBH_AllocPipe
 .text.USBH_FreePipe
                0x0800aeac       0x3c ./Middlewares/ST/STM32_USB_Host_Library/Core/Src/usbh_pipes.o
                0x0800aeac                USBH_FreePipe
 .text.USBH_GetFreePipe
                0x0800aee8       0x48 ./Middlewares/ST/STM32_USB_Host_Library/Core/Src/usbh_pipes.o
 .text.__NVIC_SetPriority
                0x0800af30       0x54 ./Middlewares/Third_Party/FreeRTOS/Source/CMSIS_RTOS_V2/cmsis_os2.o
 .text.SysTick_Handler
                0x0800af84       0x20 ./Middlewares/Third_Party/FreeRTOS/Source/CMSIS_RTOS_V2/cmsis_os2.o
                0x0800af84                SysTick_Handler
 .text.SVC_Setup
                0x0800afa4       0x12 ./Middlewares/Third_Party/FreeRTOS/Source/CMSIS_RTOS_V2/cmsis_os2.o
 *fill*         0x0800afb6        0x2 
 .text.osKernelInitialize
                0x0800afb8       0x48 ./Middlewares/Third_Party/FreeRTOS/Source/CMSIS_RTOS_V2/cmsis_os2.o
                0x0800afb8                osKernelInitialize
 .text.osKernelStart
                0x0800b000       0x4c ./Middlewares/Third_Party/FreeRTOS/Source/CMSIS_RTOS_V2/cmsis_os2.o
                0x0800b000                osKernelStart
 .text.osThreadNew
                0x0800b04c      0x124 ./Middlewares/Third_Party/FreeRTOS/Source/CMSIS_RTOS_V2/cmsis_os2.o
                0x0800b04c                osThreadNew
 .text.osDelay  0x0800b170       0x36 ./Middlewares/Third_Party/FreeRTOS/Source/CMSIS_RTOS_V2/cmsis_os2.o
                0x0800b170                osDelay
 .text.osMessageQueueNew
                0x0800b1a6       0xe6 ./Middlewares/Third_Party/FreeRTOS/Source/CMSIS_RTOS_V2/cmsis_os2.o
                0x0800b1a6                osMessageQueueNew
 .text.osMessageQueuePut
                0x0800b28c       0xc0 ./Middlewares/Third_Party/FreeRTOS/Source/CMSIS_RTOS_V2/cmsis_os2.o
                0x0800b28c                osMessageQueuePut
 .text.osMessageQueueGet
                0x0800b34c       0xbc ./Middlewares/Third_Party/FreeRTOS/Source/CMSIS_RTOS_V2/cmsis_os2.o
                0x0800b34c                osMessageQueueGet
 .text.osMessageQueueGetSpace
                0x0800b408       0x6a ./Middlewares/Third_Party/FreeRTOS/Source/CMSIS_RTOS_V2/cmsis_os2.o
                0x0800b408                osMessageQueueGetSpace
 *fill*         0x0800b472        0x2 
 .text.vApplicationGetIdleTaskMemory
                0x0800b474       0x34 ./Middlewares/Third_Party/FreeRTOS/Source/CMSIS_RTOS_V2/cmsis_os2.o
                0x0800b474                vApplicationGetIdleTaskMemory
 .text.vApplicationGetTimerTaskMemory
                0x0800b4a8       0x34 ./Middlewares/Third_Party/FreeRTOS/Source/CMSIS_RTOS_V2/cmsis_os2.o
                0x0800b4a8                vApplicationGetTimerTaskMemory
 .text.vListInitialise
                0x0800b4dc       0x40 ./Middlewares/Third_Party/FreeRTOS/Source/list.o
                0x0800b4dc                vListInitialise
 .text.vListInitialiseItem
                0x0800b51c       0x1a ./Middlewares/Third_Party/FreeRTOS/Source/list.o
                0x0800b51c                vListInitialiseItem
 .text.vListInsertEnd
                0x0800b536       0x48 ./Middlewares/Third_Party/FreeRTOS/Source/list.o
                0x0800b536                vListInsertEnd
 .text.vListInsert
                0x0800b57e       0x72 ./Middlewares/Third_Party/FreeRTOS/Source/list.o
                0x0800b57e                vListInsert
 .text.uxListRemove
                0x0800b5f0       0x54 ./Middlewares/Third_Party/FreeRTOS/Source/list.o
                0x0800b5f0                uxListRemove
 .text.xQueueGenericReset
                0x0800b644       0xd4 ./Middlewares/Third_Party/FreeRTOS/Source/queue.o
                0x0800b644                xQueueGenericReset
 .text.xQueueGenericCreateStatic
                0x0800b718       0xfa ./Middlewares/Third_Party/FreeRTOS/Source/queue.o
                0x0800b718                xQueueGenericCreateStatic
 .text.xQueueGenericCreate
                0x0800b812       0x76 ./Middlewares/Third_Party/FreeRTOS/Source/queue.o
                0x0800b812                xQueueGenericCreate
 .text.prvInitialiseNewQueue
                0x0800b888       0x46 ./Middlewares/Third_Party/FreeRTOS/Source/queue.o
 *fill*         0x0800b8ce        0x2 
 .text.xQueueGenericSend
                0x0800b8d0      0x204 ./Middlewares/Third_Party/FreeRTOS/Source/queue.o
                0x0800b8d0                xQueueGenericSend
 .text.xQueueGenericSendFromISR
                0x0800bad4      0x13c ./Middlewares/Third_Party/FreeRTOS/Source/queue.o
                0x0800bad4                xQueueGenericSendFromISR
 .text.xQueueReceive
                0x0800bc10      0x1c4 ./Middlewares/Third_Party/FreeRTOS/Source/queue.o
                0x0800bc10                xQueueReceive
 .text.xQueueReceiveFromISR
                0x0800bdd4      0x104 ./Middlewares/Third_Party/FreeRTOS/Source/queue.o
                0x0800bdd4                xQueueReceiveFromISR
 .text.uxQueueSpacesAvailable
                0x0800bed8       0x48 ./Middlewares/Third_Party/FreeRTOS/Source/queue.o
                0x0800bed8                uxQueueSpacesAvailable
 .text.prvCopyDataToQueue
                0x0800bf20       0xd4 ./Middlewares/Third_Party/FreeRTOS/Source/queue.o
 .text.prvCopyDataFromQueue
                0x0800bff4       0x4c ./Middlewares/Third_Party/FreeRTOS/Source/queue.o
 .text.prvUnlockQueue
                0x0800c040       0xa4 ./Middlewares/Third_Party/FreeRTOS/Source/queue.o
 .text.prvIsQueueEmpty
                0x0800c0e4       0x2c ./Middlewares/Third_Party/FreeRTOS/Source/queue.o
 .text.prvIsQueueFull
                0x0800c110       0x30 ./Middlewares/Third_Party/FreeRTOS/Source/queue.o
 .text.vQueueAddToRegistry
                0x0800c140       0x54 ./Middlewares/Third_Party/FreeRTOS/Source/queue.o
                0x0800c140                vQueueAddToRegistry
 .text.vQueueWaitForMessageRestricted
                0x0800c194       0x68 ./Middlewares/Third_Party/FreeRTOS/Source/queue.o
                0x0800c194                vQueueWaitForMessageRestricted
 .text.xTaskCreateStatic
                0x0800c1fc       0xc0 ./Middlewares/Third_Party/FreeRTOS/Source/tasks.o
                0x0800c1fc                xTaskCreateStatic
 .text.xTaskCreate
                0x0800c2bc       0x8a ./Middlewares/Third_Party/FreeRTOS/Source/tasks.o
                0x0800c2bc                xTaskCreate
 *fill*         0x0800c346        0x2 
 .text.prvInitialiseNewTask
                0x0800c348      0x150 ./Middlewares/Third_Party/FreeRTOS/Source/tasks.o
 .text.prvAddNewTaskToReadyList
                0x0800c498       0xe0 ./Middlewares/Third_Party/FreeRTOS/Source/tasks.o
 .text.vTaskDelay
                0x0800c578       0x6c ./Middlewares/Third_Party/FreeRTOS/Source/tasks.o
                0x0800c578                vTaskDelay
 .text.vTaskStartScheduler
                0x0800c5e4       0xe0 ./Middlewares/Third_Party/FreeRTOS/Source/tasks.o
                0x0800c5e4                vTaskStartScheduler
 .text.vTaskSuspendAll
                0x0800c6c4       0x1c ./Middlewares/Third_Party/FreeRTOS/Source/tasks.o
                0x0800c6c4                vTaskSuspendAll
 .text.xTaskResumeAll
                0x0800c6e0      0x13c ./Middlewares/Third_Party/FreeRTOS/Source/tasks.o
                0x0800c6e0                xTaskResumeAll
 .text.xTaskGetTickCount
                0x0800c81c       0x20 ./Middlewares/Third_Party/FreeRTOS/Source/tasks.o
                0x0800c81c                xTaskGetTickCount
 .text.xTaskIncrementTick
                0x0800c83c      0x174 ./Middlewares/Third_Party/FreeRTOS/Source/tasks.o
                0x0800c83c                xTaskIncrementTick
 .text.vTaskSwitchContext
                0x0800c9b0       0xcc ./Middlewares/Third_Party/FreeRTOS/Source/tasks.o
                0x0800c9b0                vTaskSwitchContext
 .text.vTaskPlaceOnEventList
                0x0800ca7c       0x4c ./Middlewares/Third_Party/FreeRTOS/Source/tasks.o
                0x0800ca7c                vTaskPlaceOnEventList
 .text.vTaskPlaceOnEventListRestricted
                0x0800cac8       0x58 ./Middlewares/Third_Party/FreeRTOS/Source/tasks.o
                0x0800cac8                vTaskPlaceOnEventListRestricted
 .text.xTaskRemoveFromEventList
                0x0800cb20       0xc8 ./Middlewares/Third_Party/FreeRTOS/Source/tasks.o
                0x0800cb20                xTaskRemoveFromEventList
 .text.vTaskInternalSetTimeOutState
                0x0800cbe8       0x2c ./Middlewares/Third_Party/FreeRTOS/Source/tasks.o
                0x0800cbe8                vTaskInternalSetTimeOutState
 .text.xTaskCheckForTimeOut
                0x0800cc14       0xc8 ./Middlewares/Third_Party/FreeRTOS/Source/tasks.o
                0x0800cc14                xTaskCheckForTimeOut
 .text.vTaskMissedYield
                0x0800ccdc       0x18 ./Middlewares/Third_Party/FreeRTOS/Source/tasks.o
                0x0800ccdc                vTaskMissedYield
 .text.prvIdleTask
                0x0800ccf4       0x30 ./Middlewares/Third_Party/FreeRTOS/Source/tasks.o
 .text.prvInitialiseTaskLists
                0x0800cd24       0x80 ./Middlewares/Third_Party/FreeRTOS/Source/tasks.o
 .text.prvCheckTasksWaitingTermination
                0x0800cda4       0x5c ./Middlewares/Third_Party/FreeRTOS/Source/tasks.o
 .text.prvDeleteTCB
                0x0800ce00       0x6a ./Middlewares/Third_Party/FreeRTOS/Source/tasks.o
 *fill*         0x0800ce6a        0x2 
 .text.prvResetNextTaskUnblockTime
                0x0800ce6c       0x40 ./Middlewares/Third_Party/FreeRTOS/Source/tasks.o
 .text.xTaskGetSchedulerState
                0x0800ceac       0x3c ./Middlewares/Third_Party/FreeRTOS/Source/tasks.o
                0x0800ceac                xTaskGetSchedulerState
 .text.xTaskPriorityDisinherit
                0x0800cee8       0xe0 ./Middlewares/Third_Party/FreeRTOS/Source/tasks.o
                0x0800cee8                xTaskPriorityDisinherit
 .text.prvAddCurrentTaskToDelayedList
                0x0800cfc8       0xa8 ./Middlewares/Third_Party/FreeRTOS/Source/tasks.o
 .text.xTimerCreateTimerTask
                0x0800d070       0x94 ./Middlewares/Third_Party/FreeRTOS/Source/timers.o
                0x0800d070                xTimerCreateTimerTask
 .text.xTimerGenericCommand
                0x0800d104       0x9c ./Middlewares/Third_Party/FreeRTOS/Source/timers.o
                0x0800d104                xTimerGenericCommand
 .text.prvProcessExpiredTimer
                0x0800d1a0       0x9c ./Middlewares/Third_Party/FreeRTOS/Source/timers.o
 .text.prvTimerTask
                0x0800d23c       0x26 ./Middlewares/Third_Party/FreeRTOS/Source/timers.o
 *fill*         0x0800d262        0x2 
 .text.prvProcessTimerOrBlockTask
                0x0800d264       0x9c ./Middlewares/Third_Party/FreeRTOS/Source/timers.o
 .text.prvGetNextExpireTime
                0x0800d300       0x48 ./Middlewares/Third_Party/FreeRTOS/Source/timers.o
 .text.prvSampleTimeNow
                0x0800d348       0x40 ./Middlewares/Third_Party/FreeRTOS/Source/timers.o
 .text.prvInsertTimerInActiveList
                0x0800d388       0x84 ./Middlewares/Third_Party/FreeRTOS/Source/timers.o
 .text.prvProcessReceivedCommands
                0x0800d40c      0x1cc ./Middlewares/Third_Party/FreeRTOS/Source/timers.o
 .text.prvSwitchTimerLists
                0x0800d5d8       0xcc ./Middlewares/Third_Party/FreeRTOS/Source/timers.o
 .text.prvCheckForValidListAndQueue
                0x0800d6a4       0x80 ./Middlewares/Third_Party/FreeRTOS/Source/timers.o
 .text.pxPortInitialiseStack
                0x0800d724       0x68 ./Middlewares/Third_Party/FreeRTOS/Source/portable/GCC/ARM_CM4F/port.o
                0x0800d724                pxPortInitialiseStack
 .text.prvTaskExitError
                0x0800d78c       0x5c ./Middlewares/Third_Party/FreeRTOS/Source/portable/GCC/ARM_CM4F/port.o
 *fill*         0x0800d7e8        0x8 
 .text.SVC_Handler
                0x0800d7f0       0x28 ./Middlewares/Third_Party/FreeRTOS/Source/portable/GCC/ARM_CM4F/port.o
                0x0800d7f0                SVC_Handler
 .text.prvPortStartFirstTask
                0x0800d818       0x28 ./Middlewares/Third_Party/FreeRTOS/Source/portable/GCC/ARM_CM4F/port.o
 .text.xPortStartScheduler
                0x0800d840      0x148 ./Middlewares/Third_Party/FreeRTOS/Source/portable/GCC/ARM_CM4F/port.o
                0x0800d840                xPortStartScheduler
 .text.vPortEnterCritical
                0x0800d988       0x64 ./Middlewares/Third_Party/FreeRTOS/Source/portable/GCC/ARM_CM4F/port.o
                0x0800d988                vPortEnterCritical
 .text.vPortExitCritical
                0x0800d9ec       0x54 ./Middlewares/Third_Party/FreeRTOS/Source/portable/GCC/ARM_CM4F/port.o
                0x0800d9ec                vPortExitCritical
 .text.PendSV_Handler
                0x0800da40       0x68 ./Middlewares/Third_Party/FreeRTOS/Source/portable/GCC/ARM_CM4F/port.o
                0x0800da40                PendSV_Handler
 .text.xPortSysTickHandler
                0x0800daa8       0x44 ./Middlewares/Third_Party/FreeRTOS/Source/portable/GCC/ARM_CM4F/port.o
                0x0800daa8                xPortSysTickHandler
 .text.vPortSetupTimerInterrupt
                0x0800daec       0x48 ./Middlewares/Third_Party/FreeRTOS/Source/portable/GCC/ARM_CM4F/port.o
                0x0800daec                vPortSetupTimerInterrupt
 .text.vPortEnableVFP
                0x0800db34       0x14 ./Middlewares/Third_Party/FreeRTOS/Source/portable/GCC/ARM_CM4F/port.o
 .text.vPortValidateInterruptPriority
                0x0800db48       0x84 ./Middlewares/Third_Party/FreeRTOS/Source/portable/GCC/ARM_CM4F/port.o
                0x0800db48                vPortValidateInterruptPriority
 .text.pvPortMalloc
                0x0800dbcc      0x19c ./Middlewares/Third_Party/FreeRTOS/Source/portable/MemMang/heap_4.o
                0x0800dbcc                pvPortMalloc
 .text.vPortFree
                0x0800dd68       0xc8 ./Middlewares/Third_Party/FreeRTOS/Source/portable/MemMang/heap_4.o
                0x0800dd68                vPortFree
 .text.prvHeapInit
                0x0800de30       0xc4 ./Middlewares/Third_Party/FreeRTOS/Source/portable/MemMang/heap_4.o
 .text.prvInsertBlockIntoFreeList
                0x0800def4       0xb4 ./Middlewares/Third_Party/FreeRTOS/Source/portable/MemMang/heap_4.o
 .text.MX_USB_HOST_Init
                0x0800dfa8       0x4c ./USB_HOST/App/usb_host.o
                0x0800dfa8                MX_USB_HOST_Init
 .text.USBH_UserProcess
                0x0800dff4       0x5c ./USB_HOST/App/usb_host.o
 .text.HAL_HCD_MspInit
                0x0800e050       0xc4 ./USB_HOST/Target/usbh_conf.o
                0x0800e050                HAL_HCD_MspInit
 .text.HAL_HCD_SOF_Callback
                0x0800e114       0x1c ./USB_HOST/Target/usbh_conf.o
                0x0800e114                HAL_HCD_SOF_Callback
 .text.HAL_HCD_Connect_Callback
                0x0800e130       0x1c ./USB_HOST/Target/usbh_conf.o
                0x0800e130                HAL_HCD_Connect_Callback
 .text.HAL_HCD_Disconnect_Callback
                0x0800e14c       0x1c ./USB_HOST/Target/usbh_conf.o
                0x0800e14c                HAL_HCD_Disconnect_Callback
 .text.HAL_HCD_HC_NotifyURBChange_Callback
                0x0800e168       0x24 ./USB_HOST/Target/usbh_conf.o
                0x0800e168                HAL_HCD_HC_NotifyURBChange_Callback
 .text.HAL_HCD_PortEnabled_Callback
                0x0800e18c       0x1c ./USB_HOST/Target/usbh_conf.o
                0x0800e18c                HAL_HCD_PortEnabled_Callback
 .text.HAL_HCD_PortDisabled_Callback
                0x0800e1a8       0x1c ./USB_HOST/Target/usbh_conf.o
                0x0800e1a8                HAL_HCD_PortDisabled_Callback
 .text.USBH_LL_Init
                0x0800e1c4       0x78 ./USB_HOST/Target/usbh_conf.o
                0x0800e1c4                USBH_LL_Init
 .text.USBH_LL_Start
                0x0800e23c       0x36 ./USB_HOST/Target/usbh_conf.o
                0x0800e23c                USBH_LL_Start
 .text.USBH_LL_Stop
                0x0800e272       0x36 ./USB_HOST/Target/usbh_conf.o
                0x0800e272                USBH_LL_Stop
 .text.USBH_LL_GetSpeed
                0x0800e2a8       0x4e ./USB_HOST/Target/usbh_conf.o
                0x0800e2a8                USBH_LL_GetSpeed
 .text.USBH_LL_ResetPort
                0x0800e2f6       0x36 ./USB_HOST/Target/usbh_conf.o
                0x0800e2f6                USBH_LL_ResetPort
 .text.USBH_LL_GetLastXferSize
                0x0800e32c       0x26 ./USB_HOST/Target/usbh_conf.o
                0x0800e32c                USBH_LL_GetLastXferSize
 .text.USBH_LL_OpenPipe
                0x0800e352       0x5e ./USB_HOST/Target/usbh_conf.o
                0x0800e352                USBH_LL_OpenPipe
 .text.USBH_LL_ClosePipe
                0x0800e3b0       0x1a ./USB_HOST/Target/usbh_conf.o
                0x0800e3b0                USBH_LL_ClosePipe
 .text.USBH_LL_SubmitURB
                0x0800e3ca       0x62 ./USB_HOST/Target/usbh_conf.o
                0x0800e3ca                USBH_LL_SubmitURB
 .text.USBH_LL_GetURBState
                0x0800e42c       0x26 ./USB_HOST/Target/usbh_conf.o
                0x0800e42c                USBH_LL_GetURBState
 .text.USBH_LL_DriverVBUS
                0x0800e452       0x2e ./USB_HOST/Target/usbh_conf.o
                0x0800e452                USBH_LL_DriverVBUS
 .text.USBH_LL_SetToggle
                0x0800e480       0x66 ./USB_HOST/Target/usbh_conf.o
                0x0800e480                USBH_LL_SetToggle
 .text.USBH_Delay
                0x0800e4e6       0x16 ./USB_HOST/Target/usbh_conf.o
                0x0800e4e6                USBH_Delay
 .text.USBH_Get_USB_Status
                0x0800e4fc       0x58 ./USB_HOST/Target/usbh_conf.o
                0x0800e4fc                USBH_Get_USB_Status
 .text.MX_DriverVbusFS
                0x0800e554       0x38 ./USB_HOST/Target/usbh_platform.o
                0x0800e554                MX_DriverVbusFS
 .text.malloc   0x0800e58c       0x10 C:/ST/STM32CubeIDE_2.1.1/STM32CubeIDE/plugins/com.st.stm32cube.ide.mcu.externaltools.gnu-tools-for-stm32.14.3.rel1.win32_1.0.100.202602081740/tools/bin/../lib/gcc/arm-none-eabi/14.3.1/../../../../arm-none-eabi/lib/thumb/v7e-m+fp/hard\libc_nano.a(libc_a-malloc.o)
                0x0800e58c                malloc
 .text.free     0x0800e59c       0x10 C:/ST/STM32CubeIDE_2.1.1/STM32CubeIDE/plugins/com.st.stm32cube.ide.mcu.externaltools.gnu-tools-for-stm32.14.3.rel1.win32_1.0.100.202602081740/tools/bin/../lib/gcc/arm-none-eabi/14.3.1/../../../../arm-none-eabi/lib/thumb/v7e-m+fp/hard\libc_nano.a(libc_a-malloc.o)
                0x0800e59c                free
 .text.sbrk_aligned
                0x0800e5ac       0x44 C:/ST/STM32CubeIDE_2.1.1/STM32CubeIDE/plugins/com.st.stm32cube.ide.mcu.externaltools.gnu-tools-for-stm32.14.3.rel1.win32_1.0.100.202602081740/tools/bin/../lib/gcc/arm-none-eabi/14.3.1/../../../../arm-none-eabi/lib/thumb/v7e-m+fp/hard\libc_nano.a(libc_a-mallocr.o)
 .text._malloc_r
                0x0800e5f0      0x100 C:/ST/STM32CubeIDE_2.1.1/STM32CubeIDE/plugins/com.st.stm32cube.ide.mcu.externaltools.gnu-tools-for-stm32.14.3.rel1.win32_1.0.100.202602081740/tools/bin/../lib/gcc/arm-none-eabi/14.3.1/../../../../arm-none-eabi/lib/thumb/v7e-m+fp/hard\libc_nano.a(libc_a-mallocr.o)
                0x0800e5f0                _malloc_r
 .text.__malloc_lock
                0x0800e6f0        0xc C:/ST/STM32CubeIDE_2.1.1/STM32CubeIDE/plugins/com.st.stm32cube.ide.mcu.externaltools.gnu-tools-for-stm32.14.3.rel1.win32_1.0.100.202602081740/tools/bin/../lib/gcc/arm-none-eabi/14.3.1/../../../../arm-none-eabi/lib/thumb/v7e-m+fp/hard\libc_nano.a(libc_a-mlock.o)
                0x0800e6f0                __malloc_lock
 .text.__malloc_unlock
                0x0800e6fc        0xc C:/ST/STM32CubeIDE_2.1.1/STM32CubeIDE/plugins/com.st.stm32cube.ide.mcu.externaltools.gnu-tools-for-stm32.14.3.rel1.win32_1.0.100.202602081740/tools/bin/../lib/gcc/arm-none-eabi/14.3.1/../../../../arm-none-eabi/lib/thumb/v7e-m+fp/hard\libc_nano.a(libc_a-mlock.o)
                0x0800e6fc                __malloc_unlock
 .text.memset   0x0800e708       0x10 C:/ST/STM32CubeIDE_2.1.1/STM32CubeIDE/plugins/com.st.stm32cube.ide.mcu.externaltools.gnu-tools-for-stm32.14.3.rel1.win32_1.0.100.202602081740/tools/bin/../lib/gcc/arm-none-eabi/14.3.1/../../../../arm-none-eabi/lib/thumb/v7e-m+fp/hard\libc_nano.a(libc_a-memset.o)
                0x0800e708                memset
 .text._reclaim_reent
                0x0800e718       0xbc C:/ST/STM32CubeIDE_2.1.1/STM32CubeIDE/plugins/com.st.stm32cube.ide.mcu.externaltools.gnu-tools-for-stm32.14.3.rel1.win32_1.0.100.202602081740/tools/bin/../lib/gcc/arm-none-eabi/14.3.1/../../../../arm-none-eabi/lib/thumb/v7e-m+fp/hard\libc_nano.a(libc_a-reent.o)
                0x0800e718                _reclaim_reent
 .text._sbrk_r  0x0800e7d4       0x20 C:/ST/STM32CubeIDE_2.1.1/STM32CubeIDE/plugins/com.st.stm32cube.ide.mcu.externaltools.gnu-tools-for-stm32.14.3.rel1.win32_1.0.100.202602081740/tools/bin/../lib/gcc/arm-none-eabi/14.3.1/../../../../arm-none-eabi/lib/thumb/v7e-m+fp/hard\libc_nano.a(libc_a-sbrkr.o)
                0x0800e7d4                _sbrk_r
 .text.__errno  0x0800e7f4        0xc C:/ST/STM32CubeIDE_2.1.1/STM32CubeIDE/plugins/com.st.stm32cube.ide.mcu.externaltools.gnu-tools-for-stm32.14.3.rel1.win32_1.0.100.202602081740/tools/bin/../lib/gcc/arm-none-eabi/14.3.1/../../../../arm-none-eabi/lib/thumb/v7e-m+fp/hard\libc_nano.a(libc_a-errno.o)
                0x0800e7f4                __errno
 .text.__libc_init_array
                0x0800e800       0x48 C:/ST/STM32CubeIDE_2.1.1/STM32CubeIDE/plugins/com.st.stm32cube.ide.mcu.externaltools.gnu-tools-for-stm32.14.3.rel1.win32_1.0.100.202602081740/tools/bin/../lib/gcc/arm-none-eabi/14.3.1/../../../../arm-none-eabi/lib/thumb/v7e-m+fp/hard\libc_nano.a(libc_a-init.o)
                0x0800e800                __libc_init_array
 .text.__retarget_lock_acquire_recursive
                0x0800e848        0x2 C:/ST/STM32CubeIDE_2.1.1/STM32CubeIDE/plugins/com.st.stm32cube.ide.mcu.externaltools.gnu-tools-for-stm32.14.3.rel1.win32_1.0.100.202602081740/tools/bin/../lib/gcc/arm-none-eabi/14.3.1/../../../../arm-none-eabi/lib/thumb/v7e-m+fp/hard\libc_nano.a(libc_a-lock.o)
                0x0800e848                __retarget_lock_acquire_recursive
 .text.__retarget_lock_release_recursive
                0x0800e84a        0x2 C:/ST/STM32CubeIDE_2.1.1/STM32CubeIDE/plugins/com.st.stm32cube.ide.mcu.externaltools.gnu-tools-for-stm32.14.3.rel1.win32_1.0.100.202602081740/tools/bin/../lib/gcc/arm-none-eabi/14.3.1/../../../../arm-none-eabi/lib/thumb/v7e-m+fp/hard\libc_nano.a(libc_a-lock.o)
                0x0800e84a                __retarget_lock_release_recursive
 .text.memcpy   0x0800e84c       0x1c C:/ST/STM32CubeIDE_2.1.1/STM32CubeIDE/plugins/com.st.stm32cube.ide.mcu.externaltools.gnu-tools-for-stm32.14.3.rel1.win32_1.0.100.202602081740/tools/bin/../lib/gcc/arm-none-eabi/14.3.1/../../../../arm-none-eabi/lib/thumb/v7e-m+fp/hard\libc_nano.a(libc_a-memcpy-stub.o)
                0x0800e84c                memcpy
 .text._free_r  0x0800e868       0x94 C:/ST/STM32CubeIDE_2.1.1/STM32CubeIDE/plugins/com.st.stm32cube.ide.mcu.externaltools.gnu-tools-for-stm32.14.3.rel1.win32_1.0.100.202602081740/tools/bin/../lib/gcc/arm-none-eabi/14.3.1/../../../../arm-none-eabi/lib/thumb/v7e-m+fp/hard\libc_nano.a(libc_a-freer.o)
                0x0800e868                _free_r
 *(.glue_7)
 .glue_7        0x0800e8fc        0x0 linker stubs
 *(.glue_7t)
 .glue_7t       0x0800e8fc        0x0 linker stubs
 *(.eh_frame)
 .eh_frame      0x0800e8fc        0x0 C:/ST/STM32CubeIDE_2.1.1/STM32CubeIDE/plugins/com.st.stm32cube.ide.mcu.externaltools.gnu-tools-for-stm32.14.3.rel1.win32_1.0.100.202602081740/tools/bin/../lib/gcc/arm-none-eabi/14.3.1/thumb/v7e-m+fp/hard/crtbegin.o
 *(.init)
 .init          0x0800e8fc        0x4 C:/ST/STM32CubeIDE_2.1.1/STM32CubeIDE/plugins/com.st.stm32cube.ide.mcu.externaltools.gnu-tools-for-stm32.14.3.rel1.win32_1.0.100.202602081740/tools/bin/../lib/gcc/arm-none-eabi/14.3.1/thumb/v7e-m+fp/hard/crti.o
                0x0800e8fc                _init
 .init          0x0800e900        0x8 C:/ST/STM32CubeIDE_2.1.1/STM32CubeIDE/plugins/com.st.stm32cube.ide.mcu.externaltools.gnu-tools-for-stm32.14.3.rel1.win32_1.0.100.202602081740/tools/bin/../lib/gcc/arm-none-eabi/14.3.1/thumb/v7e-m+fp/hard/crtn.o
 *(.fini)
 .fini          0x0800e908        0x4 C:/ST/STM32CubeIDE_2.1.1/STM32CubeIDE/plugins/com.st.stm32cube.ide.mcu.externaltools.gnu-tools-for-stm32.14.3.rel1.win32_1.0.100.202602081740/tools/bin/../lib/gcc/arm-none-eabi/14.3.1/thumb/v7e-m+fp/hard/crti.o
                0x0800e908                _fini
 .fini          0x0800e90c        0x8 C:/ST/STM32CubeIDE_2.1.1/STM32CubeIDE/plugins/com.st.stm32cube.ide.mcu.externaltools.gnu-tools-for-stm32.14.3.rel1.win32_1.0.100.202602081740/tools/bin/../lib/gcc/arm-none-eabi/14.3.1/thumb/v7e-m+fp/hard/crtn.o
                0x0800e914                        . = ALIGN (0x4)
                0x0800e914                        _etext = .

.vfp11_veneer   0x0800e914        0x0
 .vfp11_veneer  0x0800e914        0x0 linker stubs

.v4_bx          0x0800e914        0x0
 .v4_bx         0x0800e914        0x0 linker stubs

.iplt           0x0800e914        0x0
 .iplt          0x0800e914        0x0 C:/ST/STM32CubeIDE_2.1.1/STM32CubeIDE/plugins/com.st.stm32cube.ide.mcu.externaltools.gnu-tools-for-stm32.14.3.rel1.win32_1.0.100.202602081740/tools/bin/../lib/gcc/arm-none-eabi/14.3.1/thumb/v7e-m+fp/hard/crtbegin.o

.rodata         0x0800e914       0x70
                0x0800e914                        . = ALIGN (0x4)
 *(.rodata)
 .rodata        0x0800e914        0xc ./Core/Src/main.o
 .rodata        0x0800e920        0x4 ./Middlewares/ST/STM32_USB_Host_Library/Class/CDC/Src/usbh_cdc.o
 .rodata        0x0800e924        0xb ./Middlewares/ST/STM32_USB_Host_Library/Core/Src/usbh_core.o
 *fill*         0x0800e92f        0x1 
 .rodata        0x0800e930        0x5 ./Middlewares/Third_Party/FreeRTOS/Source/tasks.o
 *fill*         0x0800e935        0x3 
 .rodata        0x0800e938        0xd ./Middlewares/Third_Party/FreeRTOS/Source/timers.o
 *(.rodata*)
 *fill*         0x0800e945        0x3 
 .rodata.defaultTask_attributes
                0x0800e948       0x24 ./Core/Src/main.o
                0x0800e948                defaultTask_attributes
 .rodata.AHBPrescTable
                0x0800e96c       0x10 ./Core/Src/system_stm32f4xx.o
                0x0800e96c                AHBPrescTable
 .rodata.APBPrescTable
                0x0800e97c        0x8 ./Core/Src/system_stm32f4xx.o
                0x0800e97c                APBPrescTable
                0x0800e984                        . = ALIGN (0x4)

.ARM.extab      0x0800e984        0x0
                0x0800e984                        . = ALIGN (0x4)
 *(.ARM.extab* .gnu.linkonce.armextab.*)
                0x0800e984                        . = ALIGN (0x4)

.ARM            0x0800e984        0x8
                0x0800e984                        . = ALIGN (0x4)
                0x0800e984                        __exidx_start = .
 *(.ARM.exidx*)
 .ARM.exidx     0x0800e984        0x8 C:/ST/STM32CubeIDE_2.1.1/STM32CubeIDE/plugins/com.st.stm32cube.ide.mcu.externaltools.gnu-tools-for-stm32.14.3.rel1.win32_1.0.100.202602081740/tools/bin/../lib/gcc/arm-none-eabi/14.3.1/thumb/v7e-m+fp/hard\libgcc.a(_udivmoddi4.o)
                0x0800e98c                        __exidx_end = .
                0x0800e98c                        . = ALIGN (0x4)

.preinit_array  0x0800e98c        0x0
                0x0800e98c                        . = ALIGN (0x4)
                0x0800e98c                        PROVIDE (__preinit_array_start = .)
 *(.preinit_array*)
                0x0800e98c                        PROVIDE (__preinit_array_end = .)
                0x0800e98c                        . = ALIGN (0x4)

.init_array     0x0800e98c        0x4
                0x0800e98c                        . = ALIGN (0x4)
                0x0800e98c                        PROVIDE (__init_array_start = .)
 *(SORT_BY_NAME(.init_array.*))
 *(.init_array*)
 .init_array    0x0800e98c        0x4 C:/ST/STM32CubeIDE_2.1.1/STM32CubeIDE/plugins/com.st.stm32cube.ide.mcu.externaltools.gnu-tools-for-stm32.14.3.rel1.win32_1.0.100.202602081740/tools/bin/../lib/gcc/arm-none-eabi/14.3.1/thumb/v7e-m+fp/hard/crtbegin.o
                0x0800e990                        PROVIDE (__init_array_end = .)
                0x0800e990                        . = ALIGN (0x4)

.fini_array     0x0800e990        0x4
                0x0800e990                        . = ALIGN (0x4)
                [!provide]                        PROVIDE (__fini_array_start = .)
 *(SORT_BY_NAME(.fini_array.*))
 *(.fini_array*)
 .fini_array    0x0800e990        0x4 C:/ST/STM32CubeIDE_2.1.1/STM32CubeIDE/plugins/com.st.stm32cube.ide.mcu.externaltools.gnu-tools-for-stm32.14.3.rel1.win32_1.0.100.202602081740/tools/bin/../lib/gcc/arm-none-eabi/14.3.1/thumb/v7e-m+fp/hard/crtbegin.o
                [!provide]                        PROVIDE (__fini_array_end = .)
                0x0800e994                        . = ALIGN (0x4)
                0x0800e994                        _sidata = LOADADDR (.data)

.rel.dyn        0x0800e994        0x0
 .rel.iplt      0x0800e994        0x0 C:/ST/STM32CubeIDE_2.1.1/STM32CubeIDE/plugins/com.st.stm32cube.ide.mcu.externaltools.gnu-tools-for-stm32.14.3.rel1.win32_1.0.100.202602081740/tools/bin/../lib/gcc/arm-none-eabi/14.3.1/thumb/v7e-m+fp/hard/crtbegin.o

.data           0x20000000       0x80 load address 0x0800e994
                0x20000000                        . = ALIGN (0x4)
                0x20000000                        _sdata = .
 *(.data)
 *(.data*)
 .data.SystemCoreClock
                0x20000000        0x4 ./Core/Src/system_stm32f4xx.o
                0x20000000                SystemCoreClock
 .data.uwTickPrio
                0x20000004        0x4 ./Drivers/STM32F4xx_HAL_Driver/Src/stm32f4xx_hal.o
                0x20000004                uwTickPrio
 .data.uwTickFreq
                0x20000008        0x1 ./Drivers/STM32F4xx_HAL_Driver/Src/stm32f4xx_hal.o
                0x20000008                uwTickFreq
 *fill*         0x20000009        0x3 
 .data.CDC_Class
                0x2000000c       0x20 ./Middlewares/ST/STM32_USB_Host_Library/Class/CDC/Src/usbh_cdc.o
                0x2000000c                CDC_Class
 .data.uxCriticalNesting
                0x2000002c        0x4 ./Middlewares/Third_Party/FreeRTOS/Source/portable/GCC/ARM_CM4F/port.o
 .data._impure_ptr
                0x20000030        0x4 C:/ST/STM32CubeIDE_2.1.1/STM32CubeIDE/plugins/com.st.stm32cube.ide.mcu.externaltools.gnu-tools-for-stm32.14.3.rel1.win32_1.0.100.202602081740/tools/bin/../lib/gcc/arm-none-eabi/14.3.1/../../../../arm-none-eabi/lib/thumb/v7e-m+fp/hard\libc_nano.a(libc_a-impure.o)
                0x20000030                _impure_ptr
 .data._impure_data
                0x20000034       0x4c C:/ST/STM32CubeIDE_2.1.1/STM32CubeIDE/plugins/com.st.stm32cube.ide.mcu.externaltools.gnu-tools-for-stm32.14.3.rel1.win32_1.0.100.202602081740/tools/bin/../lib/gcc/arm-none-eabi/14.3.1/../../../../arm-none-eabi/lib/thumb/v7e-m+fp/hard\libc_nano.a(libc_a-impure.o)
                0x20000034                _impure_data
 *(.RamFunc)
 *(.RamFunc*)
                0x20000080                        . = ALIGN (0x4)
                0x20000080                        _edata = .
                0x0800ea14                        _siccmram = LOADADDR (.ccmram)

.igot.plt       0x20000080        0x0 load address 0x0800ea14
 .igot.plt      0x20000080        0x0 C:/ST/STM32CubeIDE_2.1.1/STM32CubeIDE/plugins/com.st.stm32cube.ide.mcu.externaltools.gnu-tools-for-stm32.14.3.rel1.win32_1.0.100.202602081740/tools/bin/../lib/gcc/arm-none-eabi/14.3.1/thumb/v7e-m+fp/hard/crtbegin.o

.ccmram         0x10000000        0x0 load address 0x0800ea14
                0x10000000                        . = ALIGN (0x4)
                0x10000000                        _sccmram = .
 *(.ccmram)
 *(.ccmram*)
                0x10000000                        . = ALIGN (0x4)
                0x10000000                        _eccmram = .
                0x10000000                        . = ALIGN (0x4)

.bss            0x20000080     0x5a00
                0x20000080                        _sbss = .
                0x20000080                        __bss_start__ = _sbss
 *(.bss)
 .bss           0x20000080       0x1c C:/ST/STM32CubeIDE_2.1.1/STM32CubeIDE/plugins/com.st.stm32cube.ide.mcu.externaltools.gnu-tools-for-stm32.14.3.rel1.win32_1.0.100.202602081740/tools/bin/../lib/gcc/arm-none-eabi/14.3.1/thumb/v7e-m+fp/hard/crtbegin.o
 *(.bss*)
 .bss.hi2s3     0x2000009c       0x48 ./Core/Src/main.o
                0x2000009c                hi2s3
 .bss.hspi1     0x200000e4       0x58 ./Core/Src/main.o
                0x200000e4                hspi1
 .bss.huart2    0x2000013c       0x48 ./Core/Src/main.o
                0x2000013c                huart2
 .bss.huart3    0x20000184       0x48 ./Core/Src/main.o
                0x20000184                huart3
 .bss.defaultTaskHandle
                0x200001cc        0x4 ./Core/Src/main.o
                0x200001cc                defaultTaskHandle
 .bss.htim6     0x200001d0       0x48 ./Core/Src/stm32f4xx_hal_timebase_tim.o
                0x200001d0                htim6
 .bss.__sbrk_heap_end
                0x20000218        0x4 ./Core/Src/sysmem.o
 .bss.uwTick    0x2000021c        0x4 ./Drivers/STM32F4xx_HAL_Driver/Src/stm32f4xx_hal.o
                0x2000021c                uwTick
 .bss.tim2      0x20000220       0x48 ./Drivers/sh2-demo-nucleo/app/i2c_hal.o
                0x20000220                tim2
 .bss.i2c       0x20000268       0x54 ./Drivers/sh2-demo-nucleo/app/i2c_hal.o
                0x20000268                i2c
 .bss.i2cBusState
                0x200002bc        0x1 ./Drivers/sh2-demo-nucleo/app/i2c_hal.o
 *fill*         0x200002bd        0x3 
 .bss.rxTimestamp_uS
                0x200002c0        0x4 ./Drivers/sh2-demo-nucleo/app/i2c_hal.o
                0x200002c0                rxTimestamp_uS
 .bss.rxBuf     0x200002c4      0x400 ./Drivers/sh2-demo-nucleo/app/i2c_hal.o
 .bss.rxBufLen  0x200006c4        0x4 ./Drivers/sh2-demo-nucleo/app/i2c_hal.o
 .bss.hdrBuf    0x200006c8        0x4 ./Drivers/sh2-demo-nucleo/app/i2c_hal.o
 .bss.hdrBufLen
                0x200006cc        0x4 ./Drivers/sh2-demo-nucleo/app/i2c_hal.o
 .bss.payloadLen
                0x200006d0        0x2 ./Drivers/sh2-demo-nucleo/app/i2c_hal.o
 *fill*         0x200006d2        0x2 
 .bss.txBuf     0x200006d4       0x80 ./Drivers/sh2-demo-nucleo/app/i2c_hal.o
 .bss.txBufLen  0x20000754        0x4 ./Drivers/sh2-demo-nucleo/app/i2c_hal.o
 .bss.rxDataReady
                0x20000758        0x1 ./Drivers/sh2-demo-nucleo/app/i2c_hal.o
 *fill*         0x20000759        0x3 
 .bss.i2cRetries
                0x2000075c        0x4 ./Drivers/sh2-demo-nucleo/app/i2c_hal.o
 .bss.i2cAddr   0x20000760        0x2 ./Drivers/sh2-demo-nucleo/app/i2c_hal.o
 .bss.inReset   0x20000762        0x1 ./Drivers/sh2-demo-nucleo/app/i2c_hal.o
 *fill*         0x20000763        0x1 
 .bss.USBH_Thread_Atrr
                0x20000764       0x24 ./Middlewares/ST/STM32_USB_Host_Library/Core/Src/usbh_core.o
                0x20000764                USBH_Thread_Atrr
 .bss.KernelState
                0x20000788        0x4 ./Middlewares/Third_Party/FreeRTOS/Source/CMSIS_RTOS_V2/cmsis_os2.o
 .bss.Idle_TCB.3
                0x2000078c       0xa8 ./Middlewares/Third_Party/FreeRTOS/Source/CMSIS_RTOS_V2/cmsis_os2.o
 .bss.Idle_Stack.2
                0x20000834      0x200 ./Middlewares/Third_Party/FreeRTOS/Source/CMSIS_RTOS_V2/cmsis_os2.o
 .bss.Timer_TCB.1
                0x20000a34       0xa8 ./Middlewares/Third_Party/FreeRTOS/Source/CMSIS_RTOS_V2/cmsis_os2.o
 .bss.Timer_Stack.0
                0x20000adc      0x400 ./Middlewares/Third_Party/FreeRTOS/Source/CMSIS_RTOS_V2/cmsis_os2.o
 .bss.xQueueRegistry
                0x20000edc       0x40 ./Middlewares/Third_Party/FreeRTOS/Source/queue.o
                0x20000edc                xQueueRegistry
 .bss.pxCurrentTCB
                0x20000f1c        0x4 ./Middlewares/Third_Party/FreeRTOS/Source/tasks.o
                0x20000f1c                pxCurrentTCB
 .bss.pxReadyTasksLists
                0x20000f20      0x460 ./Middlewares/Third_Party/FreeRTOS/Source/tasks.o
 .bss.xDelayedTaskList1
                0x20001380       0x14 ./Middlewares/Third_Party/FreeRTOS/Source/tasks.o
 .bss.xDelayedTaskList2
                0x20001394       0x14 ./Middlewares/Third_Party/FreeRTOS/Source/tasks.o
 .bss.pxDelayedTaskList
                0x200013a8        0x4 ./Middlewares/Third_Party/FreeRTOS/Source/tasks.o
 .bss.pxOverflowDelayedTaskList
                0x200013ac        0x4 ./Middlewares/Third_Party/FreeRTOS/Source/tasks.o
 .bss.xPendingReadyList
                0x200013b0       0x14 ./Middlewares/Third_Party/FreeRTOS/Source/tasks.o
 .bss.xTasksWaitingTermination
                0x200013c4       0x14 ./Middlewares/Third_Party/FreeRTOS/Source/tasks.o
 .bss.uxDeletedTasksWaitingCleanUp
                0x200013d8        0x4 ./Middlewares/Third_Party/FreeRTOS/Source/tasks.o
 .bss.xSuspendedTaskList
                0x200013dc       0x14 ./Middlewares/Third_Party/FreeRTOS/Source/tasks.o
 .bss.uxCurrentNumberOfTasks
                0x200013f0        0x4 ./Middlewares/Third_Party/FreeRTOS/Source/tasks.o
 .bss.xTickCount
                0x200013f4        0x4 ./Middlewares/Third_Party/FreeRTOS/Source/tasks.o
 .bss.uxTopReadyPriority
                0x200013f8        0x4 ./Middlewares/Third_Party/FreeRTOS/Source/tasks.o
 .bss.xSchedulerRunning
                0x200013fc        0x4 ./Middlewares/Third_Party/FreeRTOS/Source/tasks.o
 .bss.xPendedTicks
                0x20001400        0x4 ./Middlewares/Third_Party/FreeRTOS/Source/tasks.o
 .bss.xYieldPending
                0x20001404        0x4 ./Middlewares/Third_Party/FreeRTOS/Source/tasks.o
 .bss.xNumOfOverflows
                0x20001408        0x4 ./Middlewares/Third_Party/FreeRTOS/Source/tasks.o
 .bss.uxTaskNumber
                0x2000140c        0x4 ./Middlewares/Third_Party/FreeRTOS/Source/tasks.o
 .bss.xNextTaskUnblockTime
                0x20001410        0x4 ./Middlewares/Third_Party/FreeRTOS/Source/tasks.o
 .bss.xIdleTaskHandle
                0x20001414        0x4 ./Middlewares/Third_Party/FreeRTOS/Source/tasks.o
 .bss.uxSchedulerSuspended
                0x20001418        0x4 ./Middlewares/Third_Party/FreeRTOS/Source/tasks.o
 .bss.xActiveTimerList1
                0x2000141c       0x14 ./Middlewares/Third_Party/FreeRTOS/Source/timers.o
 .bss.xActiveTimerList2
                0x20001430       0x14 ./Middlewares/Third_Party/FreeRTOS/Source/timers.o
 .bss.pxCurrentTimerList
                0x20001444        0x4 ./Middlewares/Third_Party/FreeRTOS/Source/timers.o
 .bss.pxOverflowTimerList
                0x20001448        0x4 ./Middlewares/Third_Party/FreeRTOS/Source/timers.o
 .bss.xTimerQueue
                0x2000144c        0x4 ./Middlewares/Third_Party/FreeRTOS/Source/timers.o
 .bss.xTimerTaskHandle
                0x20001450        0x4 ./Middlewares/Third_Party/FreeRTOS/Source/timers.o
 .bss.xLastTime.2
                0x20001454        0x4 ./Middlewares/Third_Party/FreeRTOS/Source/timers.o
 .bss.ucStaticTimerQueueStorage.1
                0x20001458       0xa0 ./Middlewares/Third_Party/FreeRTOS/Source/timers.o
 .bss.xStaticTimerQueue.0
                0x200014f8       0x50 ./Middlewares/Third_Party/FreeRTOS/Source/timers.o
 .bss.ucMaxSysCallPriority
                0x20001548        0x1 ./Middlewares/Third_Party/FreeRTOS/Source/portable/GCC/ARM_CM4F/port.o
 *fill*         0x20001549        0x3 
 .bss.ulMaxPRIGROUPValue
                0x2000154c        0x4 ./Middlewares/Third_Party/FreeRTOS/Source/portable/GCC/ARM_CM4F/port.o
 .bss.ucHeap    0x20001550     0x3c00 ./Middlewares/Third_Party/FreeRTOS/Source/portable/MemMang/heap_4.o
 .bss.xStart    0x20005150        0x8 ./Middlewares/Third_Party/FreeRTOS/Source/portable/MemMang/heap_4.o
 .bss.pxEnd     0x20005158        0x4 ./Middlewares/Third_Party/FreeRTOS/Source/portable/MemMang/heap_4.o
 .bss.xFreeBytesRemaining
                0x2000515c        0x4 ./Middlewares/Third_Party/FreeRTOS/Source/portable/MemMang/heap_4.o
 .bss.xMinimumEverFreeBytesRemaining
                0x20005160        0x4 ./Middlewares/Third_Party/FreeRTOS/Source/portable/MemMang/heap_4.o
 .bss.xNumberOfSuccessfulAllocations
                0x20005164        0x4 ./Middlewares/Third_Party/FreeRTOS/Source/portable/MemMang/heap_4.o
 .bss.xNumberOfSuccessfulFrees
                0x20005168        0x4 ./Middlewares/Third_Party/FreeRTOS/Source/portable/MemMang/heap_4.o
 .bss.xBlockAllocatedBit
                0x2000516c        0x4 ./Middlewares/Third_Party/FreeRTOS/Source/portable/MemMang/heap_4.o
 .bss.hUsbHostFS
                0x20005170      0x3e4 ./USB_HOST/App/usb_host.o
                0x20005170                hUsbHostFS
 .bss.Appli_state
                0x20005554        0x1 ./USB_HOST/App/usb_host.o
                0x20005554                Appli_state
 *fill*         0x20005555        0x3 
 .bss.hhcd_USB_OTG_FS
                0x20005558      0x3e0 ./USB_HOST/Target/usbh_conf.o
                0x20005558                hhcd_USB_OTG_FS
 .bss.__malloc_sbrk_start
                0x20005938        0x4 C:/ST/STM32CubeIDE_2.1.1/STM32CubeIDE/plugins/com.st.stm32cube.ide.mcu.externaltools.gnu-tools-for-stm32.14.3.rel1.win32_1.0.100.202602081740/tools/bin/../lib/gcc/arm-none-eabi/14.3.1/../../../../arm-none-eabi/lib/thumb/v7e-m+fp/hard\libc_nano.a(libc_a-mallocr.o)
                0x20005938                __malloc_sbrk_start
 .bss.__malloc_free_list
                0x2000593c        0x4 C:/ST/STM32CubeIDE_2.1.1/STM32CubeIDE/plugins/com.st.stm32cube.ide.mcu.externaltools.gnu-tools-for-stm32.14.3.rel1.win32_1.0.100.202602081740/tools/bin/../lib/gcc/arm-none-eabi/14.3.1/../../../../arm-none-eabi/lib/thumb/v7e-m+fp/hard\libc_nano.a(libc_a-mallocr.o)
                0x2000593c                __malloc_free_list
 .bss.__sf      0x20005940      0x138 C:/ST/STM32CubeIDE_2.1.1/STM32CubeIDE/plugins/com.st.stm32cube.ide.mcu.externaltools.gnu-tools-for-stm32.14.3.rel1.win32_1.0.100.202602081740/tools/bin/../lib/gcc/arm-none-eabi/14.3.1/../../../../arm-none-eabi/lib/thumb/v7e-m+fp/hard\libc_nano.a(libc_a-findfp.o)
                0x20005940                __sf
 .bss.errno     0x20005a78        0x4 C:/ST/STM32CubeIDE_2.1.1/STM32CubeIDE/plugins/com.st.stm32cube.ide.mcu.externaltools.gnu-tools-for-stm32.14.3.rel1.win32_1.0.100.202602081740/tools/bin/../lib/gcc/arm-none-eabi/14.3.1/../../../../arm-none-eabi/lib/thumb/v7e-m+fp/hard\libc_nano.a(libc_a-reent.o)
                0x20005a78                errno
 .bss.__lock___malloc_recursive_mutex
                0x20005a7c        0x1 C:/ST/STM32CubeIDE_2.1.1/STM32CubeIDE/plugins/com.st.stm32cube.ide.mcu.externaltools.gnu-tools-for-stm32.14.3.rel1.win32_1.0.100.202602081740/tools/bin/../lib/gcc/arm-none-eabi/14.3.1/../../../../arm-none-eabi/lib/thumb/v7e-m+fp/hard\libc_nano.a(libc_a-lock.o)
                0x20005a7c                __lock___malloc_recursive_mutex
 *(COMMON)
                0x20005a80                        . = ALIGN (0x4)
 *fill*         0x20005a7d        0x3 
                0x20005a80                        _ebss = .
                0x20005a80                        __bss_end__ = _ebss

._user_heap_stack
                0x20005a80      0x600
                0x20005a80                        . = ALIGN (0x8)
                [!provide]                        PROVIDE (end = .)
                0x20005a80                        PROVIDE (_end = .)
                0x20005c80                        . = (. + _Min_Heap_Size)
 *fill*         0x20005a80      0x200 
                0x20006080                        . = (. + _Min_Stack_Size)
 *fill*         0x20005c80      0x400 
                0x20006080                        . = ALIGN (0x8)

/DISCARD/
 libc.a(*)
 libm.a(*)
 libgcc.a(*)

.ARM.attributes
                0x00000000       0x30
 *(.ARM.attributes)
 .ARM.attributes
                0x00000000       0x22 C:/ST/STM32CubeIDE_2.1.1/STM32CubeIDE/plugins/com.st.stm32cube.ide.mcu.externaltools.gnu-tools-for-stm32.14.3.rel1.win32_1.0.100.202602081740/tools/bin/../lib/gcc/arm-none-eabi/14.3.1/thumb/v7e-m+fp/hard/crti.o
 .ARM.attributes
                0x00000022       0x34 C:/ST/STM32CubeIDE_2.1.1/STM32CubeIDE/plugins/com.st.stm32cube.ide.mcu.externaltools.gnu-tools-for-stm32.14.3.rel1.win32_1.0.100.202602081740/tools/bin/../lib/gcc/arm-none-eabi/14.3.1/thumb/v7e-m+fp/hard/crtbegin.o
 .ARM.attributes
                0x00000056       0x34 ./Core/Src/main.o
 .ARM.attributes
                0x0000008a       0x34 ./Core/Src/stm32f4xx_hal_msp.o
 .ARM.attributes
                0x000000be       0x34 ./Core/Src/stm32f4xx_hal_timebase_tim.o
 .ARM.attributes
                0x000000f2       0x34 ./Core/Src/stm32f4xx_it.o
 .ARM.attributes
                0x00000126       0x34 ./Core/Src/sysmem.o
 .ARM.attributes
                0x0000015a       0x34 ./Core/Src/system_stm32f4xx.o
 .ARM.attributes
                0x0000018e       0x21 ./Core/Startup/startup_stm32f407vgtx.o
 .ARM.attributes
                0x000001af       0x34 ./Drivers/STM32F4xx_HAL_Driver/Src/stm32f4xx_hal.o
 .ARM.attributes
                0x000001e3       0x34 ./Drivers/STM32F4xx_HAL_Driver/Src/stm32f4xx_hal_cortex.o
 .ARM.attributes
                0x00000217       0x34 ./Drivers/STM32F4xx_HAL_Driver/Src/stm32f4xx_hal_dma.o
 .ARM.attributes
                0x0000024b       0x34 ./Drivers/STM32F4xx_HAL_Driver/Src/stm32f4xx_hal_gpio.o
 .ARM.attributes
                0x0000027f       0x34 ./Drivers/STM32F4xx_HAL_Driver/Src/stm32f4xx_hal_hcd.o
 .ARM.attributes
                0x000002b3       0x34 ./Drivers/STM32F4xx_HAL_Driver/Src/stm32f4xx_hal_i2c.o
 .ARM.attributes
                0x000002e7       0x34 ./Drivers/STM32F4xx_HAL_Driver/Src/stm32f4xx_hal_i2s.o
 .ARM.attributes
                0x0000031b       0x34 ./Drivers/STM32F4xx_HAL_Driver/Src/stm32f4xx_hal_i2s_ex.o
 .ARM.attributes