../Drivers/sh2-demo-nucleo/app/i2c_hal.c:128:13:enableInts	8	static
../Drivers/sh2-demo-nucleo/app/i2c_hal.c:136:13:disableInts	8	static
../Drivers/sh2-demo-nucleo/app/i2c_hal.c:144:13:enableI2cInts	8	static
../Drivers/sh2-demo-nucleo/app/i2c_hal.c:150:13:disableI2cInts	8	static
../Drivers/sh2-demo-nucleo/app/i2c_hal.c:156:13:hal_init_gpio	40	static
../Drivers/sh2-demo-nucleo/app/i2c_hal.c:213:13:hal_init_i2c	32	static
../Drivers/sh2-demo-nucleo/app/i2c_hal.c:244:13:hal_init_timer	24	static
../Drivers/sh2-demo-nucleo/app/i2c_hal.c:261:13:hal_init_hw	8	static
../Drivers/sh2-demo-nucleo/app/i2c_hal.c:268:13:bootn	16	static
../Drivers/sh2-demo-nucleo/app/i2c_hal.c:274:13:rstn	16	static
../Drivers/sh2-demo-nucleo/app/i2c_hal.c:280:13:ps0_waken	16	static
../Drivers/sh2-demo-nucleo/app/i2c_hal.c:286:13:ps1	16	static
../Drivers/sh2-demo-nucleo/app/i2c_hal.c:292:17:timeNowUs	4	static
../Drivers/sh2-demo-nucleo/app/i2c_hal.c:297:13:delay_us	24	static
../Drivers/sh2-demo-nucleo/app/i2c_hal.c:307:13:reset_delay_us	24	static
../Drivers/sh2-demo-nucleo/app/i2c_hal.c:321:6:HAL_I2C_MasterRxCpltCallback	24	static
../Drivers/sh2-demo-nucleo/app/i2c_hal.c:352:6:HAL_I2C_MasterTxCpltCallback	24	static
../Drivers/sh2-demo-nucleo/app/i2c_hal.c:366:6:HAL_I2C_ErrorCallback	24	static
../Drivers/sh2-demo-nucleo/app/i2c_hal.c:405:6:HAL_GPIO_EXTI_Callback	24	static
../Drivers/sh2-demo-nucleo/app/i2c_hal.c:436:6:EXTI15_10_IRQHandler	8	static
../Drivers/sh2-demo-nucleo/app/i2c_hal.c:442:6:EXTI9_5_IRQHandler	8	static
../Drivers/sh2-demo-nucleo/app/i2c_hal.c:447:6:I2C1_EV_IRQHandler	8	static
../Drivers/sh2-demo-nucleo/app/i2c_hal.c:452:6:I2C1_ER_IRQHandler	8	static
../Drivers/sh2-demo-nucleo/app/i2c_hal.c:460:12:shtp_i2c_hal_open	24	static
../Drivers/sh2-demo-nucleo/app/i2c_hal.c:500:13:shtp_i2c_hal_close	16	static
../Drivers/sh2-demo-nucleo/app/i2c_hal.c:517:12:shtp_i2c_hal_read	32	static
../Drivers/sh2-demo-nucleo/app/i2c_hal.c:584:12:shtp_i2c_hal_write	32	static
../Drivers/sh2-demo-nucleo/app/i2c_hal.c:611:17:shtp_i2c_hal_getTimeUs	16	static
../Drivers/sh2-demo-nucleo/app/i2c_hal.c:619:12:bno_dfu_i2c_hal_open	24	static
../Drivers/sh2-demo-nucleo/app/i2c_hal.c:658:13:bno_dfu_i2c_hal_close	16	static
../Drivers/sh2-demo-nucleo/app/i2c_hal.c:671:12:bno_dfu_i2c_hal_read	32	static
../Drivers/sh2-demo-nucleo/app/i2c_hal.c:706:12:bno_dfu_i2c_hal_write	32	static
../Drivers/sh2-demo-nucleo/app/i2c_hal.c:734:17:bno_dfu_i2c_hal_getTimeUs	16	static
../Drivers/sh2-demo-nucleo/app/i2c_hal.c:742:12:shtp_i2c_hal_init	16	static
../Drivers/sh2-demo-nucleo/app/i2c_hal.c:756:12:bno_dfu_i2c_hal_init	16	static
