../Core/Src/main.c:91:5:main	8	static
../Core/Src/main.c:175:6:SystemClock_Config	88	static
../Core/Src/main.c:255:13:MX_I2S3_Init	8	static
../Core/Src/main.c:289:13:MX_SPI1_Init	8	static
../Core/Src/main.c:372:13:MX_USART2_UART_Init	8	static
../Core/Src/main.c:405:13:MX_USART3_UART_Init	8	static
../Core/Src/main.c:438:13:MX_GPIO_Init	56	static
../Core/Src/main.c:542:6:StartDefaultTask	16	static
../Core/Src/main.c:563:6:HAL_TIM_PeriodElapsedCallback	16	static
../Core/Src/main.c:581:6:Error_Handler	4	static,ignoring_inline_asm
