../Drivers/minmea/minmea.h:310:20:minmea_isfield	16	static
../Drivers/minmea/minmea.c:18:12:hex2int	16	static
../Drivers/minmea/minmea.c:29:9:minmea_checksum	24	static
../Drivers/minmea/minmea.c:44:6:minmea_check	32	static
../Drivers/minmea/minmea.c:88:6:minmea_scan	164	static
../Drivers/minmea/minmea.c:339:6:minmea_talker_id	24	static
../Drivers/minmea/minmea.c:370:13:minmea_sentence	16	static
../Drivers/minmea/minmea.c:377:25:minmea_sentence_id	32	static
../Drivers/minmea/minmea.c:395:6:minmea_parse_gbs	72	static
../Drivers/minmea/minmea.c:416:6:minmea_parse_rmc	96	static
../Drivers/minmea/minmea.c:445:6:minmea_parse_gga	104	static
../Drivers/minmea/minmea.c:472:6:minmea_parse_gsa	136	static
../Drivers/minmea/minmea.c:502:6:minmea_parse_gll	56	static
../Drivers/minmea/minmea.c:525:6:minmea_parse_gst	72	static
../Drivers/minmea/minmea.c:545:6:minmea_parse_gsv	152	static
../Drivers/minmea/minmea.c:583:6:minmea_parse_vtg	64	static
../Drivers/minmea/minmea.c:619:6:minmea_parse_zda	56	static
../Drivers/minmea/minmea.c:643:5:minmea_getdatetime	24	static
../Drivers/minmea/minmea.c:665:5:minmea_gettime	72	static
